┌ Warning: 'pmodel_α' is being overwritten by '/tmp/jl_uZi7MNsDer.toml'
│ Current entry: float(0.028)
│ New entry: float(0.942249721553865)
└ @ ClimaParams ~/.julia/packages/ClimaParams/opM9x/src/ClimaParams.jl:331
┌ Warning: 'moisture_stress_c' is being overwritten by '/tmp/jl_uZi7MNsDer.toml'
│ Current entry: float(0.59)
│ New entry: float(0.6509121925593955)
└ @ ClimaParams ~/.julia/packages/ClimaParams/opM9x/src/ClimaParams.jl:331
┌ Warning: 'pmodel_β_c4' is being overwritten by '/tmp/jl_uZi7MNsDer.toml'
│ Current entry: float(5.36)
│ New entry: float(40.30710479839909)
└ @ ClimaParams ~/.julia/packages/ClimaParams/opM9x/src/ClimaParams.jl:331
┌ Warning: 'pmodel_cstar' is being overwritten by '/tmp/jl_uZi7MNsDer.toml'
│ Current entry: float(0.43)
│ New entry: float(0.35624807565040556)
└ @ ClimaParams ~/.julia/packages/ClimaParams/opM9x/src/ClimaParams.jl:331
┌ Warning: 'relative_contribution_factor' is being overwritten by '/tmp/jl_uZi7MNsDer.toml'
│ Current entry: float(0.3)
│ New entry: float(0.7179161666854514)
└ @ ClimaParams ~/.julia/packages/ClimaParams/opM9x/src/ClimaParams.jl:331
┌ Warning: 'soilCO2_activation_energy' is being overwritten by '/tmp/jl_uZi7MNsDer.toml'
│ Current entry: float(19800.0)
│ New entry: float(45437.01358778262)
└ @ ClimaParams ~/.julia/packages/ClimaParams/opM9x/src/ClimaParams.jl:331
┌ Warning: 'soilCO2_reference_rate' is being overwritten by '/tmp/jl_uZi7MNsDer.toml'
│ Current entry: float(3.34e-8)
│ New entry: float(7.889204219045531e-8)
└ @ ClimaParams ~/.julia/packages/ClimaParams/opM9x/src/ClimaParams.jl:331
┌ Warning: 'autotrophic_respiration_Rd_ref' is being overwritten by '/tmp/jl_uZi7MNsDer.toml'
│ Current entry: float(7.83e-7)
│ New entry: float(5.821776815592853e-7)
└ @ ClimaParams ~/.julia/packages/ClimaParams/opM9x/src/ClimaParams.jl:331
┌ Warning: 'pmodel_β_c3' is being overwritten by '/tmp/jl_uZi7MNsDer.toml'
│ Current entry: float(91.1)
│ New entry: float(21.474971942264904)
└ @ ClimaParams ~/.julia/packages/ClimaParams/opM9x/src/ClimaParams.jl:331
┌ Warning: 'michaelis_constant' is being overwritten by '/tmp/jl_uZi7MNsDer.toml'
│ Current entry: float(0.0416)
│ New entry: float(0.9591009070372216)
└ @ ClimaParams ~/.julia/packages/ClimaParams/opM9x/src/ClimaParams.jl:331
┌ Warning: 'O2_michaelis_constant' is being overwritten by '/tmp/jl_uZi7MNsDer.toml'
│ Current entry: float(0.00298)
│ New entry: float(0.0008194355140346706)
└ @ ClimaParams ~/.julia/packages/ClimaParams/opM9x/src/ClimaParams.jl:331
[ Info: [CA-Qfo Posterior] spin-up 5 yr
┌ Info: Progress
│   simulation_time = "26 weeks, 14 hours"
│   n_steps_completed = 35060
│   wall_time_per_step = "0 seconds"
│   wall_time_total = "0 seconds"
│   wall_time_remaining = "0 seconds"
│   wall_time_spent = "0 seconds"
│   percent_complete = "10.0%"
│   estimated_sypd = "Inf"
│   instantaneous_sypd = "0.0 (sdpd_estimate = 0.009)"
│   date_now = 2026-08-25T15:16:12.030
└   estimated_finish_date = 2026-08-25T15:16:12.030
┌ Info: Progress
│   simulation_time = "52 weeks, 1 day"
│   n_steps_completed = 70120
│   wall_time_per_step = "0 seconds"
│   wall_time_total = "0 seconds"
│   wall_time_remaining = "0 seconds"
│   wall_time_spent = "0 seconds"
│   percent_complete = "20.0%"
│   estimated_sypd = "Inf"
│   instantaneous_sypd = "1122.475"
│   date_now = 2026-08-25T15:16:50.448
└   estimated_finish_date = 2026-08-25T15:16:50.448
[ Info: Checking NaNs in canopy
[ Info: Checking NaNs in hydraulics
[ Info: Checking NaNs in ϑ_l
[ Info: Checking NaNs in photosynthesis
[ Info: Checking NaNs in acclimated
[ Info: Checking NaNs in energy
[ Info: Checking NaNs in T
[ Info: Checking NaNs in snow
[ Info: Checking NaNs in S
[ Info: Checking NaNs in S_l
[ Info: Checking NaNs in U
[ Info: Checking NaNs in soil
[ Info: Checking NaNs in ϑ_l
[ Info: Checking NaNs in θ_i
[ Info: Checking NaNs in ρe_int
[ Info: Checking NaNs in ∫F_vol_liq_water_dt
[ Info: Checking NaNs in ∫F_e_dt
[ Info: Checking NaNs in soilco2
[ Info: Checking NaNs in CO2
[ Info: Checking NaNs in O2
[ Info: Checking NaNs in SOC
┌ Info: Progress
│   simulation_time = "78 weeks, 1 day"
│   n_steps_completed = 105180
│   wall_time_per_step = "1 millisecond, 116 microseconds"
│   wall_time_total = "6 minutes, 31 seconds"
│   wall_time_remaining = "4 minutes, 33 seconds"
│   wall_time_spent = "1 minute, 57 seconds"
│   percent_complete = "30.0%"
│   estimated_sypd = "1103.749"
│   instantaneous_sypd = "1103.749"
│   date_now = 2026-08-25T15:17:29.716
└   estimated_finish_date = 2026-08-25T15:22:03.715
┌ Info: Progress
│   simulation_time = "104 weeks, 2 days"
│   n_steps_completed = 140240
│   wall_time_per_step = "1 millisecond, 112 microseconds"
│   wall_time_total = "6 minutes, 29 seconds"
│   wall_time_remaining = "3 minutes, 53 seconds"
│   wall_time_spent = "2 minutes, 35 seconds"
│   percent_complete = "40.0%"
│   estimated_sypd = "1107.896"
│   instantaneous_sypd = "1120.525"
│   date_now = 2026-08-25T15:18:08.095
└   estimated_finish_date = 2026-08-25T15:22:02.095
[ Info: Checking NaNs in canopy
[ Info: Checking NaNs in hydraulics
[ Info: Checking NaNs in ϑ_l
[ Info: Checking NaNs in photosynthesis
[ Info: Checking NaNs in acclimated
[ Info: Checking NaNs in energy
[ Info: Checking NaNs in T
[ Info: Checking NaNs in snow
[ Info: Checking NaNs in S
[ Info: Checking NaNs in S_l
[ Info: Checking NaNs in U
[ Info: Checking NaNs in soil
[ Info: Checking NaNs in ϑ_l
[ Info: Checking NaNs in θ_i
[ Info: Checking NaNs in ρe_int
[ Info: Checking NaNs in ∫F_vol_liq_water_dt
[ Info: Checking NaNs in ∫F_e_dt
[ Info: Checking NaNs in soilco2
[ Info: Checking NaNs in CO2
[ Info: Checking NaNs in O2
[ Info: Checking NaNs in SOC
┌ Info: Progress
│   simulation_time = "130 weeks, 3 days"
│   n_steps_completed = 175300
│   wall_time_per_step = "1 millisecond, 107 microseconds"
│   wall_time_total = "6 minutes, 28 seconds"
│   wall_time_remaining = "3 minutes, 14 seconds"
│   wall_time_spent = "3 minutes, 14 seconds"
│   percent_complete = "50.0%"
│   estimated_sypd = "1111.964"
│   instantaneous_sypd = "1128.541"
│   date_now = 2026-08-25T15:18:46.371
└   estimated_finish_date = 2026-08-25T15:22:01.371
┌ Info: Progress
│   simulation_time = "156 weeks, 3 days"
│   n_steps_completed = 210360
│   wall_time_per_step = "1 millisecond, 106 microseconds"
│   wall_time_total = "6 minutes, 27 seconds"
│   wall_time_remaining = "2 minutes, 35 seconds"
│   wall_time_spent = "3 minutes, 52 seconds"
│   percent_complete = "60.0%"
│   estimated_sypd = "1113.37"
│   instantaneous_sypd = "1120.45"
│   date_now = 2026-08-25T15:19:24.922
└   estimated_finish_date = 2026-08-25T15:22:00.922
[ Info: Checking NaNs in canopy
[ Info: Checking NaNs in hydraulics
[ Info: Checking NaNs in ϑ_l
[ Info: Checking NaNs in photosynthesis
[ Info: Checking NaNs in acclimated
[ Info: Checking NaNs in energy
[ Info: Checking NaNs in T
[ Info: Checking NaNs in snow
[ Info: Checking NaNs in S
[ Info: Checking NaNs in S_l
[ Info: Checking NaNs in U
[ Info: Checking NaNs in soil
[ Info: Checking NaNs in ϑ_l
[ Info: Checking NaNs in θ_i
[ Info: Checking NaNs in ρe_int
[ Info: Checking NaNs in ∫F_vol_liq_water_dt
[ Info: Checking NaNs in ∫F_e_dt
[ Info: Checking NaNs in soilco2
[ Info: Checking NaNs in CO2
[ Info: Checking NaNs in O2
[ Info: Checking NaNs in SOC
┌ Info: Progress
│   simulation_time = "182 weeks, 4 days"
│   n_steps_completed = 245420
│   wall_time_per_step = "1 millisecond, 105 microseconds"
│   wall_time_total = "6 minutes, 27 seconds"
│   wall_time_remaining = "1 minute, 56 seconds"
│   wall_time_spent = "4 minutes, 31 seconds"
│   percent_complete = "70.0%"
│   estimated_sypd = "1114.694"
│   instantaneous_sypd = "1122.704"
│   date_now = 2026-08-25T15:20:03.396
└   estimated_finish_date = 2026-08-25T15:22:00.396
┌ Info: Progress
│   simulation_time = "208 weeks, 4 days"
│   n_steps_completed = 280480
│   wall_time_per_step = "1 millisecond, 104 microseconds"
│   wall_time_total = "6 minutes, 27 seconds"
│   wall_time_remaining = "1 minute, 17 seconds"
│   wall_time_spent = "5 minutes, 9 seconds"
│   percent_complete = "80.0%"
│   estimated_sypd = "1115.954"
│   instantaneous_sypd = "1124.858"
│   date_now = 2026-08-25T15:20:41.797
└   estimated_finish_date = 2026-08-25T15:21:59.797
[ Info: Checking NaNs in canopy
[ Info: Checking NaNs in hydraulics
[ Info: Checking NaNs in ϑ_l
[ Info: Checking NaNs in photosynthesis
[ Info: Checking NaNs in acclimated
[ Info: Checking NaNs in energy
[ Info: Checking NaNs in T
[ Info: Checking NaNs in snow
[ Info: Checking NaNs in S
[ Info: Checking NaNs in S_l
[ Info: Checking NaNs in U
[ Info: Checking NaNs in soil
[ Info: Checking NaNs in ϑ_l
[ Info: Checking NaNs in θ_i
[ Info: Checking NaNs in ρe_int
[ Info: Checking NaNs in ∫F_vol_liq_water_dt
[ Info: Checking NaNs in ∫F_e_dt
[ Info: Checking NaNs in soilco2
[ Info: Checking NaNs in CO2
[ Info: Checking NaNs in O2
[ Info: Checking NaNs in SOC
┌ Info: Progress
│   simulation_time = "234 weeks, 5 days"
│   n_steps_completed = 315540
│   wall_time_per_step = "1 millisecond, 103 microseconds"
│   wall_time_total = "6 minutes, 26 seconds"
│   wall_time_remaining = "38 seconds, 662 milliseconds"
│   wall_time_spent = "5 minutes, 48 seconds"
│   percent_complete = "90.0%"
│   estimated_sypd = "1116.969"
│   instantaneous_sypd = "1125.157"
│   date_now = 2026-08-25T15:21:20.187
└   estimated_finish_date = 2026-08-25T15:21:59.187
[ Info: [CA-Qfo Posterior] production run 2004–2010
┌ Info: Progress
│   simulation_time = "36 weeks, 3 days"
│   n_steps_completed = 49076
│   wall_time_per_step = "0 seconds"
│   wall_time_total = "0 seconds"
│   wall_time_remaining = "0 seconds"
│   wall_time_spent = "0 seconds"
│   percent_complete = "10.0%"
│   estimated_sypd = "Inf"
│   instantaneous_sypd = "0.0 (sdpd_estimate = 0.012)"
│   date_now = 2026-08-25T15:24:45.041
└   estimated_finish_date = 2026-08-25T15:24:45.041
[ Info: Checking NaNs in canopy
[ Info: Checking NaNs in hydraulics
[ Info: Checking NaNs in ϑ_l
[ Info: Checking NaNs in photosynthesis
[ Info: Checking NaNs in acclimated
[ Info: Checking NaNs in energy
[ Info: Checking NaNs in T
[ Info: Checking NaNs in snow
[ Info: Checking NaNs in S
[ Info: Checking NaNs in S_l
[ Info: Checking NaNs in U
[ Info: Checking NaNs in soil
[ Info: Checking NaNs in ϑ_l
[ Info: Checking NaNs in θ_i
[ Info: Checking NaNs in ρe_int
[ Info: Checking NaNs in ∫F_vol_liq_water_dt
[ Info: Checking NaNs in ∫F_e_dt
[ Info: Checking NaNs in soilco2
[ Info: Checking NaNs in CO2
[ Info: Checking NaNs in O2
[ Info: Checking NaNs in SOC
┌ Info: Progress
│   simulation_time = "73 weeks, 5 hours"
│   n_steps_completed = 98152
│   wall_time_per_step = "0 seconds"
│   wall_time_total = "0 seconds"
│   wall_time_remaining = "0 seconds"
│   wall_time_spent = "0 seconds"
│   percent_complete = "20.0%"
│   estimated_sypd = "Inf"
│   instantaneous_sypd = "719.0"
│   date_now = 2026-08-25T15:26:09.135
└   estimated_finish_date = 2026-08-25T15:26:09.135
[ Info: Checking NaNs in canopy
[ Info: Checking NaNs in hydraulics
[ Info: Checking NaNs in ϑ_l
[ Info: Checking NaNs in photosynthesis
[ Info: Checking NaNs in acclimated
[ Info: Checking NaNs in energy
[ Info: Checking NaNs in T
[ Info: Checking NaNs in snow
[ Info: Checking NaNs in S
[ Info: Checking NaNs in S_l
[ Info: Checking NaNs in U
[ Info: Checking NaNs in soil
[ Info: Checking NaNs in ϑ_l
[ Info: Checking NaNs in θ_i
[ Info: Checking NaNs in ρe_int
[ Info: Checking NaNs in ∫F_vol_liq_water_dt
[ Info: Checking NaNs in ∫F_e_dt
[ Info: Checking NaNs in soilco2
[ Info: Checking NaNs in CO2
[ Info: Checking NaNs in O2
[ Info: Checking NaNs in SOC
┌ Info: Progress
│   simulation_time = "109 weeks, 3 days"
│   n_steps_completed = 147228
│   wall_time_per_step = "1 millisecond, 713 microseconds"
│   wall_time_total = "14 minutes, 933 milliseconds"
│   wall_time_remaining = "9 minutes, 48 seconds"
│   wall_time_spent = "4 minutes, 12 seconds"
│   percent_complete = "30.0%"
│   estimated_sypd = "718.99"
│   instantaneous_sypd = "718.99"
│   date_now = 2026-08-25T15:27:33.230
└   estimated_finish_date = 2026-08-25T15:37:22.230
┌ Info: Progress
│   simulation_time = "146 weeks, 10 hours"
│   n_steps_completed = 196304
│   wall_time_per_step = "1 millisecond, 714 microseconds"
│   wall_time_total = "14 minutes, 1 second"
│   wall_time_remaining = "8 minutes, 24 seconds"
│   wall_time_spent = "5 minutes, 36 seconds"
│   percent_complete = "40.0%"
│   estimated_sypd = "718.514"
│   instantaneous_sypd = "717.091"
│   date_now = 2026-08-25T15:28:57.547
└   estimated_finish_date = 2026-08-25T15:37:22.547
[ Info: Checking NaNs in canopy
[ Info: Checking NaNs in hydraulics
[ Info: Checking NaNs in ϑ_l
[ Info: Checking NaNs in photosynthesis
[ Info: Checking NaNs in acclimated
[ Info: Checking NaNs in energy
[ Info: Checking NaNs in T
[ Info: Checking NaNs in snow
[ Info: Checking NaNs in S
[ Info: Checking NaNs in S_l
[ Info: Checking NaNs in U
[ Info: Checking NaNs in soil
[ Info: Checking NaNs in ϑ_l
[ Info: Checking NaNs in θ_i
[ Info: Checking NaNs in ρe_int
[ Info: Checking NaNs in ∫F_vol_liq_water_dt
[ Info: Checking NaNs in ∫F_e_dt
[ Info: Checking NaNs in soilco2
[ Info: Checking NaNs in CO2
[ Info: Checking NaNs in O2
[ Info: Checking NaNs in SOC
┌ Info: Progress
│   simulation_time = "182 weeks, 4 days"
│   n_steps_completed = 245380
│   wall_time_per_step = "1 millisecond, 716 microseconds"
│   wall_time_total = "14 minutes, 2 seconds"
│   wall_time_remaining = "7 minutes, 1 second"
│   wall_time_spent = "7 minutes, 1 second"
│   percent_complete = "50.0%"
│   estimated_sypd = "717.898"
│   instantaneous_sypd = "715.445"
│   date_now = 2026-08-25T15:30:22.059
└   estimated_finish_date = 2026-08-25T15:37:24.058
[ Info: Checking NaNs in canopy
[ Info: Checking NaNs in hydraulics
[ Info: Checking NaNs in ϑ_l
[ Info: Checking NaNs in photosynthesis
[ Info: Checking NaNs in acclimated
[ Info: Checking NaNs in energy
[ Info: Checking NaNs in T
[ Info: Checking NaNs in snow
[ Info: Checking NaNs in S
[ Info: Checking NaNs in S_l
[ Info: Checking NaNs in U
[ Info: Checking NaNs in soil
[ Info: Checking NaNs in ϑ_l
[ Info: Checking NaNs in θ_i
[ Info: Checking NaNs in ρe_int
[ Info: Checking NaNs in ∫F_vol_liq_water_dt
[ Info: Checking NaNs in ∫F_e_dt
[ Info: Checking NaNs in soilco2
[ Info: Checking NaNs in CO2
[ Info: Checking NaNs in O2
[ Info: Checking NaNs in SOC
┌ Info: Progress
│   simulation_time = "219 weeks, 15 hours"
│   n_steps_completed = 294456
│   wall_time_per_step = "1 millisecond, 717 microseconds"
│   wall_time_total = "14 minutes, 2 seconds"
│   wall_time_remaining = "5 minutes, 37 seconds"
│   wall_time_spent = "8 minutes, 25 seconds"
│   percent_complete = "60.0%"
│   estimated_sypd = "717.527"
│   instantaneous_sypd = "715.674"
│   date_now = 2026-08-25T15:31:46.543
└   estimated_finish_date = 2026-08-25T15:37:24.543
┌ Info: Progress
│   simulation_time = "255 weeks, 4 days"
│   n_steps_completed = 343532
│   wall_time_per_step = "1 millisecond, 716 microseconds"
│   wall_time_total = "14 minutes, 2 seconds"
│   wall_time_remaining = "4 minutes, 12 seconds"
│   wall_time_spent = "9 minutes, 49 seconds"
│   percent_complete = "70.0%"
│   estimated_sypd = "717.572"
│   instantaneous_sypd = "717.844"
│   date_now = 2026-08-25T15:33:10.772
└   estimated_finish_date = 2026-08-25T15:37:23.772
[ Info: Checking NaNs in canopy
[ Info: Checking NaNs in hydraulics
[ Info: Checking NaNs in ϑ_l
[ Info: Checking NaNs in photosynthesis
[ Info: Checking NaNs in acclimated
[ Info: Checking NaNs in energy
[ Info: Checking NaNs in T
[ Info: Checking NaNs in snow
[ Info: Checking NaNs in S
[ Info: Checking NaNs in S_l
[ Info: Checking NaNs in U
[ Info: Checking NaNs in soil
[ Info: Checking NaNs in ϑ_l
[ Info: Checking NaNs in θ_i
[ Info: Checking NaNs in ρe_int
[ Info: Checking NaNs in ∫F_vol_liq_water_dt
[ Info: Checking NaNs in ∫F_e_dt
[ Info: Checking NaNs in soilco2
[ Info: Checking NaNs in CO2
[ Info: Checking NaNs in O2
[ Info: Checking NaNs in SOC
┌ Info: Progress
│   simulation_time = "292 weeks, 20 hours"
│   n_steps_completed = 392608
│   wall_time_per_step = "1 millisecond, 717 microseconds"
│   wall_time_total = "14 minutes, 2 seconds"
│   wall_time_remaining = "2 minutes, 48 seconds"
│   wall_time_spent = "11 minutes, 14 seconds"
│   percent_complete = "80.0%"
│   estimated_sypd = "717.465"
│   instantaneous_sypd = "716.716"
│   date_now = 2026-08-25T15:34:35.133
└   estimated_finish_date = 2026-08-25T15:37:24.133
[ Info: Checking NaNs in canopy
[ Info: Checking NaNs in hydraulics
[ Info: Checking NaNs in ϑ_l
[ Info: Checking NaNs in photosynthesis
[ Info: Checking NaNs in acclimated
[ Info: Checking NaNs in energy
[ Info: Checking NaNs in T
[ Info: Checking NaNs in snow
[ Info: Checking NaNs in S
[ Info: Checking NaNs in S_l
[ Info: Checking NaNs in U
[ Info: Checking NaNs in soil
[ Info: Checking NaNs in ϑ_l
[ Info: Checking NaNs in θ_i
[ Info: Checking NaNs in ρe_int
[ Info: Checking NaNs in ∫F_vol_liq_water_dt
[ Info: Checking NaNs in ∫F_e_dt
[ Info: Checking NaNs in soilco2
[ Info: Checking NaNs in CO2
[ Info: Checking NaNs in O2
[ Info: Checking NaNs in SOC
┌ Info: Progress
│   simulation_time = "328 weeks, 4 days"
│   n_steps_completed = 441684
│   wall_time_per_step = "1 millisecond, 713 microseconds"
│   wall_time_total = "14 minutes, 987 milliseconds"
│   wall_time_remaining = "1 minute, 24 seconds"
│   wall_time_spent = "12 minutes, 36 seconds"
│   percent_complete = "90.0%"
│   estimated_sypd = "718.944"
│   instantaneous_sypd = "730.996"
│   date_now = 2026-08-25T15:35:57.847
└   estimated_finish_date = 2026-08-25T15:37:22.847
┌ Warning: CA-Qfo: no ensemble diagnostics — _post_unc variables all fill
└ @ Main ~/ClimaLand.jl/experiments/callmip_phase1b/write_callmip_netcdf_phase1b.jl:149
[ Info: [CA-Qfo Posterior] wrote /home/renatob/ClimaLand.jl/experiments/callmip_phase1b/output_deliverables/ClimaLand.v1_Phase1b_Scen1_CA-Qfo_Cal_Posterior.nc
exit=0
