┌ Warning: 'pmodel_α' is being overwritten by '/tmp/jl_V6rYpUvsxS.toml'
│ Current entry: float(0.028)
│ New entry: float(0.942249721553865)
└ @ ClimaParams ~/.julia/packages/ClimaParams/opM9x/src/ClimaParams.jl:331
┌ Warning: 'moisture_stress_c' is being overwritten by '/tmp/jl_V6rYpUvsxS.toml'
│ Current entry: float(0.59)
│ New entry: float(0.6509121925593955)
└ @ ClimaParams ~/.julia/packages/ClimaParams/opM9x/src/ClimaParams.jl:331
┌ Warning: 'pmodel_β_c4' is being overwritten by '/tmp/jl_V6rYpUvsxS.toml'
│ Current entry: float(5.36)
│ New entry: float(40.30710479839909)
└ @ ClimaParams ~/.julia/packages/ClimaParams/opM9x/src/ClimaParams.jl:331
┌ Warning: 'pmodel_cstar' is being overwritten by '/tmp/jl_V6rYpUvsxS.toml'
│ Current entry: float(0.43)
│ New entry: float(0.35624807565040556)
└ @ ClimaParams ~/.julia/packages/ClimaParams/opM9x/src/ClimaParams.jl:331
┌ Warning: 'relative_contribution_factor' is being overwritten by '/tmp/jl_V6rYpUvsxS.toml'
│ Current entry: float(0.3)
│ New entry: float(0.7179161666854514)
└ @ ClimaParams ~/.julia/packages/ClimaParams/opM9x/src/ClimaParams.jl:331
┌ Warning: 'soilCO2_activation_energy' is being overwritten by '/tmp/jl_V6rYpUvsxS.toml'
│ Current entry: float(19800.0)
│ New entry: float(45437.01358778262)
└ @ ClimaParams ~/.julia/packages/ClimaParams/opM9x/src/ClimaParams.jl:331
┌ Warning: 'soilCO2_reference_rate' is being overwritten by '/tmp/jl_V6rYpUvsxS.toml'
│ Current entry: float(3.34e-8)
│ New entry: float(7.889204219045531e-8)
└ @ ClimaParams ~/.julia/packages/ClimaParams/opM9x/src/ClimaParams.jl:331
┌ Warning: 'autotrophic_respiration_Rd_ref' is being overwritten by '/tmp/jl_V6rYpUvsxS.toml'
│ Current entry: float(7.83e-7)
│ New entry: float(5.821776815592853e-7)
└ @ ClimaParams ~/.julia/packages/ClimaParams/opM9x/src/ClimaParams.jl:331
┌ Warning: 'pmodel_β_c3' is being overwritten by '/tmp/jl_V6rYpUvsxS.toml'
│ Current entry: float(91.1)
│ New entry: float(21.474971942264904)
└ @ ClimaParams ~/.julia/packages/ClimaParams/opM9x/src/ClimaParams.jl:331
┌ Warning: 'michaelis_constant' is being overwritten by '/tmp/jl_V6rYpUvsxS.toml'
│ Current entry: float(0.0416)
│ New entry: float(0.9591009070372216)
└ @ ClimaParams ~/.julia/packages/ClimaParams/opM9x/src/ClimaParams.jl:331
┌ Warning: 'O2_michaelis_constant' is being overwritten by '/tmp/jl_V6rYpUvsxS.toml'
│ Current entry: float(0.00298)
│ New entry: float(0.0008194355140346706)
└ @ ClimaParams ~/.julia/packages/ClimaParams/opM9x/src/ClimaParams.jl:331
[ Info: [CH-Dav Posterior] spin-up 5 yr
┌ Info: Progress
│   simulation_time = "26 weeks, 12 hours"
│   n_steps_completed = 35040
│   wall_time_per_step = "0 seconds"
│   wall_time_total = "0 seconds"
│   wall_time_remaining = "0 seconds"
│   wall_time_spent = "0 seconds"
│   percent_complete = "10.0%"
│   estimated_sypd = "Inf"
│   instantaneous_sypd = "0.0 (sdpd_estimate = 0.009)"
│   date_now = 2026-08-25T15:16:09.665
└   estimated_finish_date = 2026-08-25T15:16:09.665
[ Info: Checking NaNs in canopy
[ Info: Checking NaNs in hydraulics
[ Info: Checking NaNs in ϑ_l
[ Info: Checking NaNs in photosynthesis
[ Info: Checking NaNs in acclimated
[ Info: Checking NaNs in energy
[ Info: Checking NaNs in T
[ Info: Checking NaNs in snow
[ Info: Checking NaNs in S
[ Info: Checking NaNs in S_l
[ Info: Checking NaNs in U
[ Info: Checking NaNs in soil
[ Info: Checking NaNs in ϑ_l
[ Info: Checking NaNs in θ_i
[ Info: Checking NaNs in ρe_int
[ Info: Checking NaNs in ∫F_vol_liq_water_dt
[ Info: Checking NaNs in ∫F_e_dt
[ Info: Checking NaNs in soilco2
[ Info: Checking NaNs in CO2
[ Info: Checking NaNs in O2
[ Info: Checking NaNs in SOC
┌ Info: Progress
│   simulation_time = "52 weeks, 1 day"
│   n_steps_completed = 70080
│   wall_time_per_step = "0 seconds"
│   wall_time_total = "0 seconds"
│   wall_time_remaining = "0 seconds"
│   wall_time_spent = "0 seconds"
│   percent_complete = "20.0%"
│   estimated_sypd = "Inf"
│   instantaneous_sypd = "1156.282"
│   date_now = 2026-08-25T15:16:46.961
└   estimated_finish_date = 2026-08-25T15:16:46.961
┌ Info: Progress
│   simulation_time = "78 weeks, 1 day"
│   n_steps_completed = 105120
│   wall_time_per_step = "1 millisecond, 54 microseconds"
│   wall_time_total = "6 minutes, 9 seconds"
│   wall_time_remaining = "4 minutes, 18 seconds"
│   wall_time_spent = "1 minute, 50 seconds"
│   percent_complete = "30.0%"
│   estimated_sypd = "1168.424"
│   instantaneous_sypd = "1168.424"
│   date_now = 2026-08-25T15:17:24.059
└   estimated_finish_date = 2026-08-25T15:21:43.059
[ Info: Checking NaNs in canopy
[ Info: Checking NaNs in hydraulics
[ Info: Checking NaNs in ϑ_l
[ Info: Checking NaNs in photosynthesis
[ Info: Checking NaNs in acclimated
[ Info: Checking NaNs in energy
[ Info: Checking NaNs in T
[ Info: Checking NaNs in snow
[ Info: Checking NaNs in S
[ Info: Checking NaNs in S_l
[ Info: Checking NaNs in U
[ Info: Checking NaNs in soil
[ Info: Checking NaNs in ϑ_l
[ Info: Checking NaNs in θ_i
[ Info: Checking NaNs in ρe_int
[ Info: Checking NaNs in ∫F_vol_liq_water_dt
[ Info: Checking NaNs in ∫F_e_dt
[ Info: Checking NaNs in soilco2
[ Info: Checking NaNs in CO2
[ Info: Checking NaNs in O2
[ Info: Checking NaNs in SOC
┌ Info: Progress
│   simulation_time = "104 weeks, 2 days"
│   n_steps_completed = 140160
│   wall_time_per_step = "1 millisecond, 53 microseconds"
│   wall_time_total = "6 minutes, 9 seconds"
│   wall_time_remaining = "3 minutes, 41 seconds"
│   wall_time_spent = "2 minutes, 27 seconds"
│   percent_complete = "40.0%"
│   estimated_sypd = "1168.972"
│   instantaneous_sypd = "1170.617"
│   date_now = 2026-08-25T15:18:00.756
└   estimated_finish_date = 2026-08-25T15:21:42.756
┌ Info: Progress
│   simulation_time = "130 weeks, 2 days"
│   n_steps_completed = 175200
│   wall_time_per_step = "1 millisecond, 53 microseconds"
│   wall_time_total = "6 minutes, 9 seconds"
│   wall_time_remaining = "3 minutes, 4 seconds"
│   wall_time_spent = "3 minutes, 4 seconds"
│   percent_complete = "50.0%"
│   estimated_sypd = "1169.511"
│   instantaneous_sypd = "1171.673"
│   date_now = 2026-08-25T15:18:37.601
└   estimated_finish_date = 2026-08-25T15:21:42.601
[ Info: Checking NaNs in canopy
[ Info: Checking NaNs in hydraulics
[ Info: Checking NaNs in ϑ_l
[ Info: Checking NaNs in photosynthesis
[ Info: Checking NaNs in acclimated
[ Info: Checking NaNs in energy
[ Info: Checking NaNs in T
[ Info: Checking NaNs in snow
[ Info: Checking NaNs in S
[ Info: Checking NaNs in S_l
[ Info: Checking NaNs in U
[ Info: Checking NaNs in soil
[ Info: Checking NaNs in ϑ_l
[ Info: Checking NaNs in θ_i
[ Info: Checking NaNs in ρe_int
[ Info: Checking NaNs in ∫F_vol_liq_water_dt
[ Info: Checking NaNs in ∫F_e_dt
[ Info: Checking NaNs in soilco2
[ Info: Checking NaNs in CO2
[ Info: Checking NaNs in O2
[ Info: Checking NaNs in SOC
┌ Info: Progress
│   simulation_time = "156 weeks, 3 days"
│   n_steps_completed = 210240
│   wall_time_per_step = "1 millisecond, 53 microseconds"
│   wall_time_total = "6 minutes, 9 seconds"
│   wall_time_remaining = "2 minutes, 27 seconds"
│   wall_time_spent = "3 minutes, 41 seconds"
│   percent_complete = "60.0%"
│   estimated_sypd = "1169.348"
│   instantaneous_sypd = "1168.536"
│   date_now = 2026-08-25T15:19:14.545
└   estimated_finish_date = 2026-08-25T15:21:42.545
┌ Info: Progress
│   simulation_time = "182 weeks, 3 days"
│   n_steps_completed = 245280
│   wall_time_per_step = "1 millisecond, 54 microseconds"
│   wall_time_total = "6 minutes, 9 seconds"
│   wall_time_remaining = "1 minute, 50 seconds"
│   wall_time_spent = "4 minutes, 18 seconds"
│   percent_complete = "70.0%"
│   estimated_sypd = "1168.557"
│   instantaneous_sypd = "1163.833"
│   date_now = 2026-08-25T15:19:51.638
└   estimated_finish_date = 2026-08-25T15:21:42.638
┌ Info: Progress
│   simulation_time = "208 weeks, 4 days"
│   n_steps_completed = 280320
│   wall_time_per_step = "1 millisecond, 54 microseconds"
│   wall_time_total = "6 minutes, 9 seconds"
│   wall_time_remaining = "1 minute, 13 seconds"
│   wall_time_spent = "4 minutes, 55 seconds"
│   percent_complete = "80.0%"
│   estimated_sypd = "1168.859"
│   instantaneous_sypd = "1170.974"
│   date_now = 2026-08-25T15:20:28.506
└   estimated_finish_date = 2026-08-25T15:21:42.506
[ Info: Checking NaNs in canopy
[ Info: Checking NaNs in hydraulics
[ Info: Checking NaNs in ϑ_l
[ Info: Checking NaNs in photosynthesis
[ Info: Checking NaNs in acclimated
[ Info: Checking NaNs in energy
[ Info: Checking NaNs in T
[ Info: Checking NaNs in snow
[ Info: Checking NaNs in S
[ Info: Checking NaNs in S_l
[ Info: Checking NaNs in U
[ Info: Checking NaNs in soil
[ Info: Checking NaNs in ϑ_l
[ Info: Checking NaNs in θ_i
[ Info: Checking NaNs in ρe_int
[ Info: Checking NaNs in ∫F_vol_liq_water_dt
[ Info: Checking NaNs in ∫F_e_dt
[ Info: Checking NaNs in soilco2
[ Info: Checking NaNs in CO2
[ Info: Checking NaNs in O2
[ Info: Checking NaNs in SOC
┌ Info: Progress
│   simulation_time = "234 weeks, 4 days"
│   n_steps_completed = 315360
│   wall_time_per_step = "1 millisecond, 53 microseconds"
│   wall_time_total = "6 minutes, 9 seconds"
│   wall_time_remaining = "36 seconds, 919 milliseconds"
│   wall_time_spent = "5 minutes, 32 seconds"
│   percent_complete = "90.0%"
│   estimated_sypd = "1169.32"
│   instantaneous_sypd = "1173.024"
│   date_now = 2026-08-25T15:21:05.308
└   estimated_finish_date = 2026-08-25T15:21:42.308
┌ Info: Progress
│   simulation_time = "260 weeks, 5 days"
│   n_steps_completed = 350400
│   wall_time_per_step = "1 millisecond, 52 microseconds"
│   wall_time_total = "6 minutes, 8 seconds"
│   wall_time_remaining = "0 seconds"
│   wall_time_spent = "6 minutes, 8 seconds"
│   percent_complete = "100.0%"
│   estimated_sypd = "1170.052"
│   instantaneous_sypd = "1176.684"
│   date_now = 2026-08-25T15:21:41.996
└   estimated_finish_date = 2026-08-25T15:21:41.996
[ Info: [CH-Dav Posterior] production run 1997–2014
[ Info: Checking NaNs in canopy
[ Info: Checking NaNs in hydraulics
[ Info: Checking NaNs in ϑ_l
[ Info: Checking NaNs in photosynthesis
[ Info: Checking NaNs in acclimated
[ Info: Checking NaNs in energy
[ Info: Checking NaNs in T
[ Info: Checking NaNs in snow
[ Info: Checking NaNs in S
[ Info: Checking NaNs in S_l
[ Info: Checking NaNs in U
[ Info: Checking NaNs in soil
[ Info: Checking NaNs in ϑ_l
[ Info: Checking NaNs in θ_i
[ Info: Checking NaNs in ρe_int
[ Info: Checking NaNs in ∫F_vol_liq_water_dt
[ Info: Checking NaNs in ∫F_e_dt
[ Info: Checking NaNs in soilco2
[ Info: Checking NaNs in CO2
[ Info: Checking NaNs in O2
[ Info: Checking NaNs in SOC
┌ Info: Progress
│   simulation_time = "93 weeks, 6 days"
│   n_steps_completed = 126202
│   wall_time_per_step = "0 seconds"
│   wall_time_total = "0 seconds"
│   wall_time_remaining = "0 seconds"
│   wall_time_spent = "0 seconds"
│   percent_complete = "10.0%"
│   estimated_sypd = "Inf"
│   instantaneous_sypd = "0.0 (sdpd_estimate = 0.032)"
│   date_now = 2026-08-25T15:26:34.111
└   estimated_finish_date = 2026-08-25T15:26:34.111
[ Info: Checking NaNs in canopy
[ Info: Checking NaNs in hydraulics
[ Info: Checking NaNs in ϑ_l
[ Info: Checking NaNs in photosynthesis
[ Info: Checking NaNs in acclimated
[ Info: Checking NaNs in energy
[ Info: Checking NaNs in T
[ Info: Checking NaNs in snow
[ Info: Checking NaNs in S
[ Info: Checking NaNs in S_l
[ Info: Checking NaNs in U
[ Info: Checking NaNs in soil
[ Info: Checking NaNs in ϑ_l
[ Info: Checking NaNs in θ_i
[ Info: Checking NaNs in ρe_int
[ Info: Checking NaNs in ∫F_vol_liq_water_dt
[ Info: Checking NaNs in ∫F_e_dt
[ Info: Checking NaNs in soilco2
[ Info: Checking NaNs in CO2
[ Info: Checking NaNs in O2
[ Info: Checking NaNs in SOC
[ Info: Checking NaNs in canopy
[ Info: Checking NaNs in hydraulics
[ Info: Checking NaNs in ϑ_l
[ Info: Checking NaNs in photosynthesis
[ Info: Checking NaNs in acclimated
[ Info: Checking NaNs in energy
[ Info: Checking NaNs in T
[ Info: Checking NaNs in snow
[ Info: Checking NaNs in S
[ Info: Checking NaNs in S_l
[ Info: Checking NaNs in U
[ Info: Checking NaNs in soil
[ Info: Checking NaNs in ϑ_l
[ Info: Checking NaNs in θ_i
[ Info: Checking NaNs in ρe_int
[ Info: Checking NaNs in ∫F_vol_liq_water_dt
[ Info: Checking NaNs in ∫F_e_dt
[ Info: Checking NaNs in soilco2
[ Info: Checking NaNs in CO2
[ Info: Checking NaNs in O2
[ Info: Checking NaNs in SOC
┌ Info: Progress
│   simulation_time = "187 weeks, 5 days"
│   n_steps_completed = 252404
│   wall_time_per_step = "0 seconds"
│   wall_time_total = "0 seconds"
│   wall_time_remaining = "0 seconds"
│   wall_time_spent = "0 seconds"
│   percent_complete = "20.0%"
│   estimated_sypd = "Inf"
│   instantaneous_sypd = "742.378"
│   date_now = 2026-08-25T15:30:03.553
└   estimated_finish_date = 2026-08-25T15:30:03.552
[ Info: Checking NaNs in canopy
[ Info: Checking NaNs in hydraulics
[ Info: Checking NaNs in ϑ_l
[ Info: Checking NaNs in photosynthesis
[ Info: Checking NaNs in acclimated
[ Info: Checking NaNs in energy
[ Info: Checking NaNs in T
[ Info: Checking NaNs in snow
[ Info: Checking NaNs in S
[ Info: Checking NaNs in S_l
[ Info: Checking NaNs in U
[ Info: Checking NaNs in soil
[ Info: Checking NaNs in ϑ_l
[ Info: Checking NaNs in θ_i
[ Info: Checking NaNs in ρe_int
[ Info: Checking NaNs in ∫F_vol_liq_water_dt
[ Info: Checking NaNs in ∫F_e_dt
[ Info: Checking NaNs in soilco2
[ Info: Checking NaNs in CO2
[ Info: Checking NaNs in O2
[ Info: Checking NaNs in SOC
[ Info: Checking NaNs in canopy
[ Info: Checking NaNs in hydraulics
[ Info: Checking NaNs in ϑ_l
[ Info: Checking NaNs in photosynthesis
[ Info: Checking NaNs in acclimated
[ Info: Checking NaNs in energy
[ Info: Checking NaNs in T
[ Info: Checking NaNs in snow
[ Info: Checking NaNs in S
[ Info: Checking NaNs in S_l
[ Info: Checking NaNs in U
[ Info: Checking NaNs in soil
[ Info: Checking NaNs in ϑ_l
[ Info: Checking NaNs in θ_i
[ Info: Checking NaNs in ρe_int
[ Info: Checking NaNs in ∫F_vol_liq_water_dt
[ Info: Checking NaNs in ∫F_e_dt
[ Info: Checking NaNs in soilco2
[ Info: Checking NaNs in CO2
[ Info: Checking NaNs in O2
[ Info: Checking NaNs in SOC
┌ Info: Progress
│   simulation_time = "281 weeks, 4 days"
│   n_steps_completed = 378606
│   wall_time_per_step = "1 millisecond, 658 microseconds"
│   wall_time_total = "34 minutes, 52 seconds"
│   wall_time_remaining = "24 minutes, 24 seconds"
│   wall_time_spent = "10 minutes, 27 seconds"
│   percent_complete = "30.0%"
│   estimated_sypd = "743.012"
│   instantaneous_sypd = "743.012"
│   date_now = 2026-08-25T15:33:32.816
└   estimated_finish_date = 2026-08-25T15:57:57.816
[ Info: Checking NaNs in canopy
[ Info: Checking NaNs in hydraulics
[ Info: Checking NaNs in ϑ_l
[ Info: Checking NaNs in photosynthesis
[ Info: Checking NaNs in acclimated
[ Info: Checking NaNs in energy
[ Info: Checking NaNs in T
[ Info: Checking NaNs in snow
[ Info: Checking NaNs in S
[ Info: Checking NaNs in S_l
[ Info: Checking NaNs in U
[ Info: Checking NaNs in soil
[ Info: Checking NaNs in ϑ_l
[ Info: Checking NaNs in θ_i
[ Info: Checking NaNs in ρe_int
[ Info: Checking NaNs in ∫F_vol_liq_water_dt
[ Info: Checking NaNs in ∫F_e_dt
[ Info: Checking NaNs in soilco2
[ Info: Checking NaNs in CO2
[ Info: Checking NaNs in O2
[ Info: Checking NaNs in SOC
[ Info: Checking NaNs in canopy
[ Info: Checking NaNs in hydraulics
[ Info: Checking NaNs in ϑ_l
[ Info: Checking NaNs in photosynthesis
[ Info: Checking NaNs in acclimated
[ Info: Checking NaNs in energy
[ Info: Checking NaNs in T
[ Info: Checking NaNs in snow
[ Info: Checking NaNs in S
[ Info: Checking NaNs in S_l
[ Info: Checking NaNs in U
[ Info: Checking NaNs in soil
[ Info: Checking NaNs in ϑ_l
[ Info: Checking NaNs in θ_i
[ Info: Checking NaNs in ρe_int
[ Info: Checking NaNs in ∫F_vol_liq_water_dt
[ Info: Checking NaNs in ∫F_e_dt
[ Info: Checking NaNs in soilco2
[ Info: Checking NaNs in CO2
[ Info: Checking NaNs in O2
[ Info: Checking NaNs in SOC
┌ Info: Progress
│   simulation_time = "375 weeks, 4 days"
│   n_steps_completed = 504808
│   wall_time_per_step = "1 millisecond, 656 microseconds"
│   wall_time_total = "34 minutes, 50 seconds"
│   wall_time_remaining = "20 minutes, 54 seconds"
│   wall_time_spent = "13 minutes, 56 seconds"
│   percent_complete = "40.0%"
│   estimated_sypd = "743.782"
│   instantaneous_sypd = "746.102"
│   date_now = 2026-08-25T15:37:01.212
└   estimated_finish_date = 2026-08-25T15:57:56.212
[ Info: Checking NaNs in canopy
[ Info: Checking NaNs in hydraulics
[ Info: Checking NaNs in ϑ_l
[ Info: Checking NaNs in photosynthesis
[ Info: Checking NaNs in acclimated
[ Info: Checking NaNs in energy
[ Info: Checking NaNs in T
[ Info: Checking NaNs in snow
[ Info: Checking NaNs in S
[ Info: Checking NaNs in S_l
[ Info: Checking NaNs in U
[ Info: Checking NaNs in soil
[ Info: Checking NaNs in ϑ_l
[ Info: Checking NaNs in θ_i
[ Info: Checking NaNs in ρe_int
[ Info: Checking NaNs in ∫F_vol_liq_water_dt
[ Info: Checking NaNs in ∫F_e_dt
[ Info: Checking NaNs in soilco2
[ Info: Checking NaNs in CO2
[ Info: Checking NaNs in O2
[ Info: Checking NaNs in SOC
┌ Info: Progress
│   simulation_time = "469 weeks, 3 days"
│   n_steps_completed = 631010
│   wall_time_per_step = "1 millisecond, 644 microseconds"
│   wall_time_total = "34 minutes, 35 seconds"
│   wall_time_remaining = "17 minutes, 17 seconds"
│   wall_time_spent = "17 minutes, 17 seconds"
│   percent_complete = "50.0%"
│   estimated_sypd = "749.234"
│   instantaneous_sypd = "771.868"
│   date_now = 2026-08-25T15:40:22.652
└   estimated_finish_date = 2026-08-25T15:57:40.652
[ Info: Checking NaNs in canopy
[ Info: Checking NaNs in hydraulics
[ Info: Checking NaNs in ϑ_l
[ Info: Checking NaNs in photosynthesis
[ Info: Checking NaNs in acclimated
[ Info: Checking NaNs in energy
[ Info: Checking NaNs in T
[ Info: Checking NaNs in snow
[ Info: Checking NaNs in S
[ Info: Checking NaNs in S_l
[ Info: Checking NaNs in U
[ Info: Checking NaNs in soil
[ Info: Checking NaNs in ϑ_l
[ Info: Checking NaNs in θ_i
[ Info: Checking NaNs in ρe_int
[ Info: Checking NaNs in ∫F_vol_liq_water_dt
[ Info: Checking NaNs in ∫F_e_dt
[ Info: Checking NaNs in soilco2
[ Info: Checking NaNs in CO2
[ Info: Checking NaNs in O2
[ Info: Checking NaNs in SOC
[ Info: Checking NaNs in canopy
[ Info: Checking NaNs in hydraulics
[ Info: Checking NaNs in ϑ_l
[ Info: Checking NaNs in photosynthesis
[ Info: Checking NaNs in acclimated
[ Info: Checking NaNs in energy
[ Info: Checking NaNs in T
[ Info: Checking NaNs in snow
[ Info: Checking NaNs in S
[ Info: Checking NaNs in S_l
[ Info: Checking NaNs in U
[ Info: Checking NaNs in soil
[ Info: Checking NaNs in ϑ_l
[ Info: Checking NaNs in θ_i
[ Info: Checking NaNs in ρe_int
[ Info: Checking NaNs in ∫F_vol_liq_water_dt
[ Info: Checking NaNs in ∫F_e_dt
[ Info: Checking NaNs in soilco2
[ Info: Checking NaNs in CO2
[ Info: Checking NaNs in O2
[ Info: Checking NaNs in SOC
┌ Info: Progress
│   simulation_time = "563 weeks, 2 days"
│   n_steps_completed = 757212
│   wall_time_per_step = "1 millisecond, 627 microseconds"
│   wall_time_total = "34 minutes, 13 seconds"
│   wall_time_remaining = "13 minutes, 41 seconds"
│   wall_time_spent = "20 minutes, 32 seconds"
│   percent_complete = "60.0%"
│   estimated_sypd = "757.224"
│   instantaneous_sypd = "799.873"
│   date_now = 2026-08-25T15:43:37.039
└   estimated_finish_date = 2026-08-25T15:57:19.039
[ Info: Checking NaNs in canopy
[ Info: Checking NaNs in hydraulics
[ Info: Checking NaNs in ϑ_l
[ Info: Checking NaNs in photosynthesis
[ Info: Checking NaNs in acclimated
[ Info: Checking NaNs in energy
[ Info: Checking NaNs in T
[ Info: Checking NaNs in snow
[ Info: Checking NaNs in S
[ Info: Checking NaNs in S_l
[ Info: Checking NaNs in U
[ Info: Checking NaNs in soil
[ Info: Checking NaNs in ϑ_l
[ Info: Checking NaNs in θ_i
[ Info: Checking NaNs in ρe_int
[ Info: Checking NaNs in ∫F_vol_liq_water_dt
[ Info: Checking NaNs in ∫F_e_dt
[ Info: Checking NaNs in soilco2
[ Info: Checking NaNs in CO2
[ Info: Checking NaNs in O2
[ Info: Checking NaNs in SOC
[ Info: Checking NaNs in canopy
[ Info: Checking NaNs in hydraulics
[ Info: Checking NaNs in ϑ_l
[ Info: Checking NaNs in photosynthesis
[ Info: Checking NaNs in acclimated
[ Info: Checking NaNs in energy
[ Info: Checking NaNs in T
[ Info: Checking NaNs in snow
[ Info: Checking NaNs in S
[ Info: Checking NaNs in S_l
[ Info: Checking NaNs in U
[ Info: Checking NaNs in soil
[ Info: Checking NaNs in ϑ_l
[ Info: Checking NaNs in θ_i
[ Info: Checking NaNs in ρe_int
[ Info: Checking NaNs in ∫F_vol_liq_water_dt
[ Info: Checking NaNs in ∫F_e_dt
[ Info: Checking NaNs in soilco2
[ Info: Checking NaNs in CO2
[ Info: Checking NaNs in O2
[ Info: Checking NaNs in SOC
┌ Info: Progress
│   simulation_time = "657 weeks, 2 days"
│   n_steps_completed = 883414
│   wall_time_per_step = "1 millisecond, 593 microseconds"
│   wall_time_total = "33 minutes, 31 seconds"
│   wall_time_remaining = "10 minutes, 3 seconds"
│   wall_time_spent = "23 minutes, 27 seconds"
│   percent_complete = "70.0%"
│   estimated_sypd = "773.097"
│   instantaneous_sypd = "884.32"
│   date_now = 2026-08-25T15:46:32.864
└   estimated_finish_date = 2026-08-25T15:56:36.864
[ Info: Checking NaNs in canopy
[ Info: Checking NaNs in hydraulics
[ Info: Checking NaNs in ϑ_l
[ Info: Checking NaNs in photosynthesis
[ Info: Checking NaNs in acclimated
[ Info: Checking NaNs in energy
[ Info: Checking NaNs in T
[ Info: Checking NaNs in snow
[ Info: Checking NaNs in S
[ Info: Checking NaNs in S_l
[ Info: Checking NaNs in U
[ Info: Checking NaNs in soil
[ Info: Checking NaNs in ϑ_l
[ Info: Checking NaNs in θ_i
[ Info: Checking NaNs in ρe_int
[ Info: Checking NaNs in ∫F_vol_liq_water_dt
[ Info: Checking NaNs in ∫F_e_dt
[ Info: Checking NaNs in soilco2
[ Info: Checking NaNs in CO2
[ Info: Checking NaNs in O2
[ Info: Checking NaNs in SOC
[ Info: Checking NaNs in canopy
[ Info: Checking NaNs in hydraulics
[ Info: Checking NaNs in ϑ_l
[ Info: Checking NaNs in photosynthesis
[ Info: Checking NaNs in acclimated
[ Info: Checking NaNs in energy
[ Info: Checking NaNs in T
[ Info: Checking NaNs in snow
[ Info: Checking NaNs in S
[ Info: Checking NaNs in S_l
[ Info: Checking NaNs in U
[ Info: Checking NaNs in soil
[ Info: Checking NaNs in ϑ_l
[ Info: Checking NaNs in θ_i
[ Info: Checking NaNs in ρe_int
[ Info: Checking NaNs in ∫F_vol_liq_water_dt
[ Info: Checking NaNs in ∫F_e_dt
[ Info: Checking NaNs in soilco2
[ Info: Checking NaNs in CO2
[ Info: Checking NaNs in O2
[ Info: Checking NaNs in SOC
┌ Info: Progress
│   simulation_time = "751 weeks, 1 day"
│   n_steps_completed = 1009616
│   wall_time_per_step = "1 millisecond, 559 microseconds"
│   wall_time_total = "32 minutes, 48 seconds"
│   wall_time_remaining = "6 minutes, 33 seconds"
│   wall_time_spent = "26 minutes, 14 seconds"
│   percent_complete = "80.0%"
│   estimated_sypd = "789.836"
│   instantaneous_sypd = "930.93"
│   date_now = 2026-08-25T15:49:19.885
└   estimated_finish_date = 2026-08-25T15:55:53.885
[ Info: Checking NaNs in canopy
[ Info: Checking NaNs in hydraulics
[ Info: Checking NaNs in ϑ_l
[ Info: Checking NaNs in photosynthesis
[ Info: Checking NaNs in acclimated
[ Info: Checking NaNs in energy
[ Info: Checking NaNs in T
[ Info: Checking NaNs in snow
[ Info: Checking NaNs in S
[ Info: Checking NaNs in S_l
[ Info: Checking NaNs in U
[ Info: Checking NaNs in soil
[ Info: Checking NaNs in ϑ_l
[ Info: Checking NaNs in θ_i
[ Info: Checking NaNs in ρe_int
[ Info: Checking NaNs in ∫F_vol_liq_water_dt
[ Info: Checking NaNs in ∫F_e_dt
[ Info: Checking NaNs in soilco2
[ Info: Checking NaNs in CO2
[ Info: Checking NaNs in O2
[ Info: Checking NaNs in SOC
[ Info: Checking NaNs in canopy
[ Info: Checking NaNs in hydraulics
[ Info: Checking NaNs in ϑ_l
[ Info: Checking NaNs in photosynthesis
[ Info: Checking NaNs in acclimated
[ Info: Checking NaNs in energy
[ Info: Checking NaNs in T
[ Info: Checking NaNs in snow
[ Info: Checking NaNs in S
[ Info: Checking NaNs in S_l
[ Info: Checking NaNs in U
[ Info: Checking NaNs in soil
[ Info: Checking NaNs in ϑ_l
[ Info: Checking NaNs in θ_i
[ Info: Checking NaNs in ρe_int
[ Info: Checking NaNs in ∫F_vol_liq_water_dt
[ Info: Checking NaNs in ∫F_e_dt
[ Info: Checking NaNs in soilco2
[ Info: Checking NaNs in CO2
[ Info: Checking NaNs in O2
[ Info: Checking NaNs in SOC
┌ Info: Progress
│   simulation_time = "845 weeks, 17 hours"
│   n_steps_completed = 1135818
│   wall_time_per_step = "1 millisecond, 526 microseconds"
│   wall_time_total = "32 minutes, 6 seconds"
│   wall_time_remaining = "3 minutes, 12 seconds"
│   wall_time_spent = "28 minutes, 53 seconds"
│   percent_complete = "90.0%"
│   estimated_sypd = "807.075"
│   instantaneous_sypd = "977.808"
│   date_now = 2026-08-25T15:51:58.899
└   estimated_finish_date = 2026-08-25T15:55:11.899
[ Info: Checking NaNs in canopy
[ Info: Checking NaNs in hydraulics
[ Info: Checking NaNs in ϑ_l
[ Info: Checking NaNs in photosynthesis
[ Info: Checking NaNs in acclimated
[ Info: Checking NaNs in energy
[ Info: Checking NaNs in T
[ Info: Checking NaNs in snow
[ Info: Checking NaNs in S
[ Info: Checking NaNs in S_l
[ Info: Checking NaNs in U
[ Info: Checking NaNs in soil
[ Info: Checking NaNs in ϑ_l
[ Info: Checking NaNs in θ_i
[ Info: Checking NaNs in ρe_int
[ Info: Checking NaNs in ∫F_vol_liq_water_dt
[ Info: Checking NaNs in ∫F_e_dt
[ Info: Checking NaNs in soilco2
[ Info: Checking NaNs in CO2
[ Info: Checking NaNs in O2
[ Info: Checking NaNs in SOC
┌ Warning: CH-Dav: no ensemble diagnostics — _post_unc variables all fill
└ @ Main ~/ClimaLand.jl/experiments/callmip_phase1b/write_callmip_netcdf_phase1b.jl:149
[ Info: [CH-Dav Posterior] wrote /home/renatob/ClimaLand.jl/experiments/callmip_phase1b/output_deliverables/ClimaLand.v1_Phase1b_Scen1_CH-Dav_Cal_Posterior.nc
exit=0
