[ Info: [DE-Gri Prior] spin-up 5 yr
┌ Info: Progress
│   simulation_time = "26 weeks, 14 hours"
│   n_steps_completed = 35060
│   wall_time_per_step = "0 seconds"
│   wall_time_total = "0 seconds"
│   wall_time_remaining = "0 seconds"
│   wall_time_spent = "0 seconds"
│   percent_complete = "10.0%"
│   estimated_sypd = "Inf"
│   instantaneous_sypd = "0.0 (sdpd_estimate = 0.009)"
│   date_now = 2026-08-25T13:46:23.745
└   estimated_finish_date = 2026-08-25T13:46:23.744
┌ Info: Progress
│   simulation_time = "52 weeks, 1 day"
│   n_steps_completed = 70120
│   wall_time_per_step = "0 seconds"
│   wall_time_total = "0 seconds"
│   wall_time_remaining = "0 seconds"
│   wall_time_spent = "0 seconds"
│   percent_complete = "20.0%"
│   estimated_sypd = "Inf"
│   instantaneous_sypd = "994.381"
│   date_now = 2026-08-25T13:47:07.122
└   estimated_finish_date = 2026-08-25T13:47:07.122
[ Info: Checking NaNs in canopy
[ Info: Checking NaNs in hydraulics
[ Info: Checking NaNs in ϑ_l
[ Info: Checking NaNs in photosynthesis
[ Info: Checking NaNs in acclimated
[ Info: Checking NaNs in energy
[ Info: Checking NaNs in T
[ Info: Checking NaNs in snow
[ Info: Checking NaNs in S
[ Info: Checking NaNs in S_l
[ Info: Checking NaNs in U
[ Info: Checking NaNs in soil
[ Info: Checking NaNs in ϑ_l
[ Info: Checking NaNs in θ_i
[ Info: Checking NaNs in ρe_int
[ Info: Checking NaNs in ∫F_vol_liq_water_dt
[ Info: Checking NaNs in ∫F_e_dt
[ Info: Checking NaNs in soilco2
[ Info: Checking NaNs in CO2
[ Info: Checking NaNs in O2
[ Info: Checking NaNs in SOC
┌ Info: Progress
│   simulation_time = "78 weeks, 1 day"
│   n_steps_completed = 105180
│   wall_time_per_step = "1 millisecond, 183 microseconds"
│   wall_time_total = "6 minutes, 54 seconds"
│   wall_time_remaining = "4 minutes, 50 seconds"
│   wall_time_spent = "2 minutes, 4 seconds"
│   percent_complete = "30.0%"
│   estimated_sypd = "1041.283"
│   instantaneous_sypd = "1041.283"
│   date_now = 2026-08-25T13:47:48.721
└   estimated_finish_date = 2026-08-25T13:52:39.720
┌ Info: Progress
│   simulation_time = "104 weeks, 2 days"
│   n_steps_completed = 140240
│   wall_time_per_step = "1 millisecond, 176 microseconds"
│   wall_time_total = "6 minutes, 52 seconds"
│   wall_time_remaining = "4 minutes, 7 seconds"
│   wall_time_spent = "2 minutes, 44 seconds"
│   percent_complete = "40.0%"
│   estimated_sypd = "1047.389"
│   instantaneous_sypd = "1066.143"
│   date_now = 2026-08-25T13:48:29.083
└   estimated_finish_date = 2026-08-25T13:52:37.083
[ Info: Checking NaNs in canopy
[ Info: Checking NaNs in hydraulics
[ Info: Checking NaNs in ϑ_l
[ Info: Checking NaNs in photosynthesis
[ Info: Checking NaNs in acclimated
[ Info: Checking NaNs in energy
[ Info: Checking NaNs in T
[ Info: Checking NaNs in snow
[ Info: Checking NaNs in S
[ Info: Checking NaNs in S_l
[ Info: Checking NaNs in U
[ Info: Checking NaNs in soil
[ Info: Checking NaNs in ϑ_l
[ Info: Checking NaNs in θ_i
[ Info: Checking NaNs in ρe_int
[ Info: Checking NaNs in ∫F_vol_liq_water_dt
[ Info: Checking NaNs in ∫F_e_dt
[ Info: Checking NaNs in soilco2
[ Info: Checking NaNs in CO2
[ Info: Checking NaNs in O2
[ Info: Checking NaNs in SOC
┌ Info: Progress
│   simulation_time = "130 weeks, 3 days"
│   n_steps_completed = 175300
│   wall_time_per_step = "1 millisecond, 192 microseconds"
│   wall_time_total = "6 minutes, 57 seconds"
│   wall_time_remaining = "3 minutes, 28 seconds"
│   wall_time_spent = "3 minutes, 28 seconds"
│   percent_complete = "50.0%"
│   estimated_sypd = "1033.382"
│   instantaneous_sypd = "980.913"
│   date_now = 2026-08-25T13:49:13.119
└   estimated_finish_date = 2026-08-25T13:52:42.119
┌ Info: Progress
│   simulation_time = "156 weeks, 3 days"
│   n_steps_completed = 210360
│   wall_time_per_step = "1 millisecond, 202 microseconds"
│   wall_time_total = "7 minutes, 1 second"
│   wall_time_remaining = "2 minutes, 48 seconds"
│   wall_time_spent = "4 minutes, 12 seconds"
│   percent_complete = "60.0%"
│   estimated_sypd = "1024.511"
│   instantaneous_sypd = "982.343"
│   date_now = 2026-08-25T13:49:57.090
└   estimated_finish_date = 2026-08-25T13:52:46.090
[ Info: Checking NaNs in canopy
[ Info: Checking NaNs in hydraulics
[ Info: Checking NaNs in ϑ_l
[ Info: Checking NaNs in photosynthesis
[ Info: Checking NaNs in acclimated
[ Info: Checking NaNs in energy
[ Info: Checking NaNs in T
[ Info: Checking NaNs in snow
[ Info: Checking NaNs in S
[ Info: Checking NaNs in S_l
[ Info: Checking NaNs in U
[ Info: Checking NaNs in soil
[ Info: Checking NaNs in ϑ_l
[ Info: Checking NaNs in θ_i
[ Info: Checking NaNs in ρe_int
[ Info: Checking NaNs in ∫F_vol_liq_water_dt
[ Info: Checking NaNs in ∫F_e_dt
[ Info: Checking NaNs in soilco2
[ Info: Checking NaNs in CO2
[ Info: Checking NaNs in O2
[ Info: Checking NaNs in SOC
┌ Info: Progress
│   simulation_time = "182 weeks, 4 days"
│   n_steps_completed = 245420
│   wall_time_per_step = "1 millisecond, 210 microseconds"
│   wall_time_total = "7 minutes, 4 seconds"
│   wall_time_remaining = "2 minutes, 7 seconds"
│   wall_time_spent = "4 minutes, 57 seconds"
│   percent_complete = "70.0%"
│   estimated_sypd = "1017.784"
│   instantaneous_sypd = "979.208"
│   date_now = 2026-08-25T13:50:41.202
└   estimated_finish_date = 2026-08-25T13:52:49.202
┌ Info: Progress
│   simulation_time = "208 weeks, 4 days"
│   n_steps_completed = 280480
│   wall_time_per_step = "1 millisecond, 215 microseconds"
│   wall_time_total = "7 minutes, 6 seconds"
│   wall_time_remaining = "1 minute, 25 seconds"
│   wall_time_spent = "5 minutes, 41 seconds"
│   percent_complete = "80.0%"
│   estimated_sypd = "1013.326"
│   instantaneous_sypd = "983.178"
│   date_now = 2026-08-25T13:51:25.136
└   estimated_finish_date = 2026-08-25T13:52:51.136
[ Info: Checking NaNs in canopy
[ Info: Checking NaNs in hydraulics
[ Info: Checking NaNs in ϑ_l
[ Info: Checking NaNs in photosynthesis
[ Info: Checking NaNs in acclimated
[ Info: Checking NaNs in energy
[ Info: Checking NaNs in T
[ Info: Checking NaNs in snow
[ Info: Checking NaNs in S
[ Info: Checking NaNs in S_l
[ Info: Checking NaNs in U
[ Info: Checking NaNs in soil
[ Info: Checking NaNs in ϑ_l
[ Info: Checking NaNs in θ_i
[ Info: Checking NaNs in ρe_int
[ Info: Checking NaNs in ∫F_vol_liq_water_dt
[ Info: Checking NaNs in ∫F_e_dt
[ Info: Checking NaNs in soilco2
[ Info: Checking NaNs in CO2
[ Info: Checking NaNs in O2
[ Info: Checking NaNs in SOC
┌ Info: Progress
│   simulation_time = "234 weeks, 5 days"
│   n_steps_completed = 315540
│   wall_time_per_step = "1 millisecond, 219 microseconds"
│   wall_time_total = "7 minutes, 7 seconds"
│   wall_time_remaining = "42 seconds, 748 milliseconds"
│   wall_time_spent = "6 minutes, 24 seconds"
│   percent_complete = "90.0%"
│   estimated_sypd = "1010.205"
│   instantaneous_sypd = "985.915"
│   date_now = 2026-08-25T13:52:08.948
└   estimated_finish_date = 2026-08-25T13:52:51.948
[ Info: [DE-Gri Prior] production run 2004–2014
[ Info: Checking NaNs in canopy
[ Info: Checking NaNs in hydraulics
[ Info: Checking NaNs in ϑ_l
[ Info: Checking NaNs in photosynthesis
[ Info: Checking NaNs in acclimated
[ Info: Checking NaNs in energy
[ Info: Checking NaNs in T
[ Info: Checking NaNs in snow
[ Info: Checking NaNs in S
[ Info: Checking NaNs in S_l
[ Info: Checking NaNs in U
[ Info: Checking NaNs in soil
[ Info: Checking NaNs in ϑ_l
[ Info: Checking NaNs in θ_i
[ Info: Checking NaNs in ρe_int
[ Info: Checking NaNs in ∫F_vol_liq_water_dt
[ Info: Checking NaNs in ∫F_e_dt
[ Info: Checking NaNs in soilco2
[ Info: Checking NaNs in CO2
[ Info: Checking NaNs in O2
[ Info: Checking NaNs in SOC
┌ Info: Progress
│   simulation_time = "57 weeks, 2 days"
│   n_steps_completed = 77127
│   wall_time_per_step = "0 seconds"
│   wall_time_total = "0 seconds"
│   wall_time_remaining = "0 seconds"
│   wall_time_spent = "0 seconds"
│   percent_complete = "10.0%"
│   estimated_sypd = "Inf"
│   instantaneous_sypd = "0.0 (sdpd_estimate = 0.019)"
│   date_now = 2026-08-25T13:57:01.611
└   estimated_finish_date = 2026-08-25T13:57:01.611
[ Info: Checking NaNs in canopy
[ Info: Checking NaNs in hydraulics
[ Info: Checking NaNs in ϑ_l
[ Info: Checking NaNs in photosynthesis
[ Info: Checking NaNs in acclimated
[ Info: Checking NaNs in energy
[ Info: Checking NaNs in T
[ Info: Checking NaNs in snow
[ Info: Checking NaNs in S
[ Info: Checking NaNs in S_l
[ Info: Checking NaNs in U
[ Info: Checking NaNs in soil
[ Info: Checking NaNs in ϑ_l
[ Info: Checking NaNs in θ_i
[ Info: Checking NaNs in ρe_int
[ Info: Checking NaNs in ∫F_vol_liq_water_dt
[ Info: Checking NaNs in ∫F_e_dt
[ Info: Checking NaNs in soilco2
[ Info: Checking NaNs in CO2
[ Info: Checking NaNs in O2
[ Info: Checking NaNs in SOC
┌ Info: Progress
│   simulation_time = "114 weeks, 5 days"
│   n_steps_completed = 154254
│   wall_time_per_step = "0 seconds"
│   wall_time_total = "0 seconds"
│   wall_time_remaining = "0 seconds"
│   wall_time_spent = "0 seconds"
│   percent_complete = "20.0%"
│   estimated_sypd = "Inf"
│   instantaneous_sypd = "622.57"
│   date_now = 2026-08-25T13:59:34.242
└   estimated_finish_date = 2026-08-25T13:59:34.242
[ Info: Checking NaNs in canopy
[ Info: Checking NaNs in hydraulics
[ Info: Checking NaNs in ϑ_l
[ Info: Checking NaNs in photosynthesis
[ Info: Checking NaNs in acclimated
[ Info: Checking NaNs in energy
[ Info: Checking NaNs in T
[ Info: Checking NaNs in snow
[ Info: Checking NaNs in S
[ Info: Checking NaNs in S_l
[ Info: Checking NaNs in U
[ Info: Checking NaNs in soil
[ Info: Checking NaNs in ϑ_l
[ Info: Checking NaNs in θ_i
[ Info: Checking NaNs in ρe_int
[ Info: Checking NaNs in ∫F_vol_liq_water_dt
[ Info: Checking NaNs in ∫F_e_dt
[ Info: Checking NaNs in soilco2
[ Info: Checking NaNs in CO2
[ Info: Checking NaNs in O2
[ Info: Checking NaNs in SOC
┌ Info: Progress
│   simulation_time = "172 weeks, 1 day"
│   n_steps_completed = 231381
│   wall_time_per_step = "1 millisecond, 983 microseconds"
│   wall_time_total = "25 minutes, 30 seconds"
│   wall_time_remaining = "17 minutes, 51 seconds"
│   wall_time_spent = "7 minutes, 39 seconds"
│   percent_complete = "30.0%"
│   estimated_sypd = "621.04"
│   instantaneous_sypd = "621.04"
│   date_now = 2026-08-25T14:02:07.248
└   estimated_finish_date = 2026-08-25T14:19:59.248
[ Info: Checking NaNs in canopy
[ Info: Checking NaNs in hydraulics
[ Info: Checking NaNs in ϑ_l
[ Info: Checking NaNs in photosynthesis
[ Info: Checking NaNs in acclimated
[ Info: Checking NaNs in energy
[ Info: Checking NaNs in T
[ Info: Checking NaNs in snow
[ Info: Checking NaNs in S
[ Info: Checking NaNs in S_l
[ Info: Checking NaNs in U
[ Info: Checking NaNs in soil
[ Info: Checking NaNs in ϑ_l
[ Info: Checking NaNs in θ_i
[ Info: Checking NaNs in ρe_int
[ Info: Checking NaNs in ∫F_vol_liq_water_dt
[ Info: Checking NaNs in ∫F_e_dt
[ Info: Checking NaNs in soilco2
[ Info: Checking NaNs in CO2
[ Info: Checking NaNs in O2
[ Info: Checking NaNs in SOC
┌ Info: Progress
│   simulation_time = "229 weeks, 3 days"
│   n_steps_completed = 308508
│   wall_time_per_step = "1 millisecond, 983 microseconds"
│   wall_time_total = "25 minutes, 30 seconds"
│   wall_time_remaining = "15 minutes, 18 seconds"
│   wall_time_spent = "10 minutes, 12 seconds"
│   percent_complete = "40.0%"
│   estimated_sypd = "620.996"
│   instantaneous_sypd = "620.864"
│   date_now = 2026-08-25T14:04:40.298
└   estimated_finish_date = 2026-08-25T14:19:59.298
[ Info: Checking NaNs in canopy
[ Info: Checking NaNs in hydraulics
[ Info: Checking NaNs in ϑ_l
[ Info: Checking NaNs in photosynthesis
[ Info: Checking NaNs in acclimated
[ Info: Checking NaNs in energy
[ Info: Checking NaNs in T
[ Info: Checking NaNs in snow
[ Info: Checking NaNs in S
[ Info: Checking NaNs in S_l
[ Info: Checking NaNs in U
[ Info: Checking NaNs in soil
[ Info: Checking NaNs in ϑ_l
[ Info: Checking NaNs in θ_i
[ Info: Checking NaNs in ρe_int
[ Info: Checking NaNs in ∫F_vol_liq_water_dt
[ Info: Checking NaNs in ∫F_e_dt
[ Info: Checking NaNs in soilco2
[ Info: Checking NaNs in CO2
[ Info: Checking NaNs in O2
[ Info: Checking NaNs in SOC
┌ Info: Progress
│   simulation_time = "286 weeks, 6 days"
│   n_steps_completed = 385635
│   wall_time_per_step = "1 millisecond, 955 microseconds"
│   wall_time_total = "25 minutes, 8 seconds"
│   wall_time_remaining = "12 minutes, 34 seconds"
│   wall_time_spent = "12 minutes, 34 seconds"
│   percent_complete = "50.0%"
│   estimated_sypd = "629.942"
│   instantaneous_sypd = "668.465"
│   date_now = 2026-08-25T14:07:02.449
└   estimated_finish_date = 2026-08-25T14:19:37.449
[ Info: Checking NaNs in canopy
[ Info: Checking NaNs in hydraulics
[ Info: Checking NaNs in ϑ_l
[ Info: Checking NaNs in photosynthesis
[ Info: Checking NaNs in acclimated
[ Info: Checking NaNs in energy
[ Info: Checking NaNs in T
[ Info: Checking NaNs in snow
[ Info: Checking NaNs in S
[ Info: Checking NaNs in S_l
[ Info: Checking NaNs in U
[ Info: Checking NaNs in soil
[ Info: Checking NaNs in ϑ_l
[ Info: Checking NaNs in θ_i
[ Info: Checking NaNs in ρe_int
[ Info: Checking NaNs in ∫F_vol_liq_water_dt
[ Info: Checking NaNs in ∫F_e_dt
[ Info: Checking NaNs in soilco2
[ Info: Checking NaNs in CO2
[ Info: Checking NaNs in O2
[ Info: Checking NaNs in SOC
┌ Info: Progress
│   simulation_time = "344 weeks, 2 days"
│   n_steps_completed = 462762
│   wall_time_per_step = "1 millisecond, 959 microseconds"
│   wall_time_total = "25 minutes, 11 seconds"
│   wall_time_remaining = "10 minutes, 4 seconds"
│   wall_time_spent = "15 minutes, 6 seconds"
│   percent_complete = "60.0%"
│   estimated_sypd = "628.798"
│   instantaneous_sypd = "623.135"
│   date_now = 2026-08-25T14:09:34.941
└   estimated_finish_date = 2026-08-25T14:19:39.941
[ Info: Checking NaNs in canopy
[ Info: Checking NaNs in hydraulics
[ Info: Checking NaNs in ϑ_l
[ Info: Checking NaNs in photosynthesis
[ Info: Checking NaNs in acclimated
[ Info: Checking NaNs in energy
[ Info: Checking NaNs in T
[ Info: Checking NaNs in snow
[ Info: Checking NaNs in S
[ Info: Checking NaNs in S_l
[ Info: Checking NaNs in U
[ Info: Checking NaNs in soil
[ Info: Checking NaNs in ϑ_l
[ Info: Checking NaNs in θ_i
[ Info: Checking NaNs in ρe_int
[ Info: Checking NaNs in ∫F_vol_liq_water_dt
[ Info: Checking NaNs in ∫F_e_dt
[ Info: Checking NaNs in soilco2
[ Info: Checking NaNs in CO2
[ Info: Checking NaNs in O2
[ Info: Checking NaNs in SOC
┌ Info: Progress
│   simulation_time = "401 weeks, 4 days"
│   n_steps_completed = 539889
│   wall_time_per_step = "1 millisecond, 956 microseconds"
│   wall_time_total = "25 minutes, 8 seconds"
│   wall_time_remaining = "7 minutes, 32 seconds"
│   wall_time_spent = "17 minutes, 36 seconds"
│   percent_complete = "70.0%"
│   estimated_sypd = "629.767"
│   instantaneous_sypd = "635.648"
│   date_now = 2026-08-25T14:12:04.431
└   estimated_finish_date = 2026-08-25T14:19:37.430
[ Info: Checking NaNs in canopy
[ Info: Checking NaNs in hydraulics
[ Info: Checking NaNs in ϑ_l
[ Info: Checking NaNs in photosynthesis
[ Info: Checking NaNs in acclimated
[ Info: Checking NaNs in energy
[ Info: Checking NaNs in T
[ Info: Checking NaNs in snow
[ Info: Checking NaNs in S
[ Info: Checking NaNs in S_l
[ Info: Checking NaNs in U
[ Info: Checking NaNs in soil
[ Info: Checking NaNs in ϑ_l
[ Info: Checking NaNs in θ_i
[ Info: Checking NaNs in ρe_int
[ Info: Checking NaNs in ∫F_vol_liq_water_dt
[ Info: Checking NaNs in ∫F_e_dt
[ Info: Checking NaNs in soilco2
[ Info: Checking NaNs in CO2
[ Info: Checking NaNs in O2
[ Info: Checking NaNs in SOC
┌ Info: Progress
│   simulation_time = "459 weeks, 15 hours"
│   n_steps_completed = 617016
│   wall_time_per_step = "1 millisecond, 951 microseconds"
│   wall_time_total = "25 minutes, 4 seconds"
│   wall_time_remaining = "5 minutes, 967 milliseconds"
│   wall_time_spent = "20 minutes, 3 seconds"
│   percent_complete = "80.0%"
│   estimated_sypd = "631.425"
│   instantaneous_sypd = "643.281"
│   date_now = 2026-08-25T14:14:32.147
└   estimated_finish_date = 2026-08-25T14:19:33.147
[ Info: Checking NaNs in canopy
[ Info: Checking NaNs in hydraulics
[ Info: Checking NaNs in ϑ_l
[ Info: Checking NaNs in photosynthesis
[ Info: Checking NaNs in acclimated
[ Info: Checking NaNs in energy
[ Info: Checking NaNs in T
[ Info: Checking NaNs in snow
[ Info: Checking NaNs in S
[ Info: Checking NaNs in S_l
[ Info: Checking NaNs in U
[ Info: Checking NaNs in soil
[ Info: Checking NaNs in ϑ_l
[ Info: Checking NaNs in θ_i
[ Info: Checking NaNs in ρe_int
[ Info: Checking NaNs in ∫F_vol_liq_water_dt
[ Info: Checking NaNs in ∫F_e_dt
[ Info: Checking NaNs in soilco2
[ Info: Checking NaNs in CO2
[ Info: Checking NaNs in O2
[ Info: Checking NaNs in SOC
┌ Info: Progress
│   simulation_time = "516 weeks, 3 days"
│   n_steps_completed = 694143
│   wall_time_per_step = "1 millisecond, 945 microseconds"
│   wall_time_total = "25 minutes, 838 milliseconds"
│   wall_time_remaining = "2 minutes, 30 seconds"
│   wall_time_spent = "22 minutes, 30 seconds"
│   percent_complete = "90.0%"
│   estimated_sypd = "633.128"
│   instantaneous_sypd = "647.087"
│   date_now = 2026-08-25T14:16:58.994
└   estimated_finish_date = 2026-08-25T14:19:29.994
[ Info: Checking NaNs in canopy
[ Info: Checking NaNs in hydraulics
[ Info: Checking NaNs in ϑ_l
[ Info: Checking NaNs in photosynthesis
[ Info: Checking NaNs in acclimated
[ Info: Checking NaNs in energy
[ Info: Checking NaNs in T
[ Info: Checking NaNs in snow
[ Info: Checking NaNs in S
[ Info: Checking NaNs in S_l
[ Info: Checking NaNs in U
[ Info: Checking NaNs in soil
[ Info: Checking NaNs in ϑ_l
[ Info: Checking NaNs in θ_i
[ Info: Checking NaNs in ρe_int
[ Info: Checking NaNs in ∫F_vol_liq_water_dt
[ Info: Checking NaNs in ∫F_e_dt
[ Info: Checking NaNs in soilco2
[ Info: Checking NaNs in CO2
[ Info: Checking NaNs in O2
[ Info: Checking NaNs in SOC
[ Info: [DE-Gri Prior] wrote /home/renatob/ClimaLand.jl/experiments/callmip_phase1b/output_deliverables/ClimaLand.v1_Phase1b_Scen1_DE-Gri_Cal_Prior.nc
exit=0
