[ Info: [DE-Hai Prior] spin-up 5 yr
┌ Info: Progress
│   simulation_time = "26 weeks, 14 hours"
│   n_steps_completed = 35060
│   wall_time_per_step = "0 seconds"
│   wall_time_total = "0 seconds"
│   wall_time_remaining = "0 seconds"
│   wall_time_spent = "0 seconds"
│   percent_complete = "10.0%"
│   estimated_sypd = "Inf"
│   instantaneous_sypd = "0.0 (sdpd_estimate = 0.009)"
│   date_now = 2026-08-25T13:46:32.415
└   estimated_finish_date = 2026-08-25T13:46:32.415
┌ Info: Progress
│   simulation_time = "52 weeks, 1 day"
│   n_steps_completed = 70120
│   wall_time_per_step = "0 seconds"
│   wall_time_total = "0 seconds"
│   wall_time_remaining = "0 seconds"
│   wall_time_spent = "0 seconds"
│   percent_complete = "20.0%"
│   estimated_sypd = "Inf"
│   instantaneous_sypd = "1028.932"
│   date_now = 2026-08-25T13:47:14.340
└   estimated_finish_date = 2026-08-25T13:47:14.340
[ Info: Checking NaNs in canopy
[ Info: Checking NaNs in hydraulics
[ Info: Checking NaNs in ϑ_l
[ Info: Checking NaNs in photosynthesis
[ Info: Checking NaNs in acclimated
[ Info: Checking NaNs in energy
[ Info: Checking NaNs in T
[ Info: Checking NaNs in snow
[ Info: Checking NaNs in S
[ Info: Checking NaNs in S_l
[ Info: Checking NaNs in U
[ Info: Checking NaNs in soil
[ Info: Checking NaNs in ϑ_l
[ Info: Checking NaNs in θ_i
[ Info: Checking NaNs in ρe_int
[ Info: Checking NaNs in ∫F_vol_liq_water_dt
[ Info: Checking NaNs in ∫F_e_dt
[ Info: Checking NaNs in soilco2
[ Info: Checking NaNs in CO2
[ Info: Checking NaNs in O2
[ Info: Checking NaNs in SOC
┌ Info: Progress
│   simulation_time = "78 weeks, 1 day"
│   n_steps_completed = 105180
│   wall_time_per_step = "1 millisecond, 139 microseconds"
│   wall_time_total = "6 minutes, 39 seconds"
│   wall_time_remaining = "4 minutes, 39 seconds"
│   wall_time_spent = "1 minute, 59 seconds"
│   percent_complete = "30.0%"
│   estimated_sypd = "1081.575"
│   instantaneous_sypd = "1081.575"
│   date_now = 2026-08-25T13:47:54.392
└   estimated_finish_date = 2026-08-25T13:52:34.391
┌ Info: Progress
│   simulation_time = "104 weeks, 2 days"
│   n_steps_completed = 140240
│   wall_time_per_step = "1 millisecond, 147 microseconds"
│   wall_time_total = "6 minutes, 42 seconds"
│   wall_time_remaining = "4 minutes, 1 second"
│   wall_time_spent = "2 minutes, 40 seconds"
│   percent_complete = "40.0%"
│   estimated_sypd = "1073.904"
│   instantaneous_sypd = "1051.532"
│   date_now = 2026-08-25T13:48:35.307
└   estimated_finish_date = 2026-08-25T13:52:37.307
[ Info: Checking NaNs in canopy
[ Info: Checking NaNs in hydraulics
[ Info: Checking NaNs in ϑ_l
[ Info: Checking NaNs in photosynthesis
[ Info: Checking NaNs in acclimated
[ Info: Checking NaNs in energy
[ Info: Checking NaNs in T
[ Info: Checking NaNs in snow
[ Info: Checking NaNs in S
[ Info: Checking NaNs in S_l
[ Info: Checking NaNs in U
[ Info: Checking NaNs in soil
[ Info: Checking NaNs in ϑ_l
[ Info: Checking NaNs in θ_i
[ Info: Checking NaNs in ρe_int
[ Info: Checking NaNs in ∫F_vol_liq_water_dt
[ Info: Checking NaNs in ∫F_e_dt
[ Info: Checking NaNs in soilco2
[ Info: Checking NaNs in CO2
[ Info: Checking NaNs in O2
[ Info: Checking NaNs in SOC
┌ Info: Progress
│   simulation_time = "130 weeks, 3 days"
│   n_steps_completed = 175300
│   wall_time_per_step = "1 millisecond, 171 microseconds"
│   wall_time_total = "6 minutes, 50 seconds"
│   wall_time_remaining = "3 minutes, 25 seconds"
│   wall_time_spent = "3 minutes, 25 seconds"
│   percent_complete = "50.0%"
│   estimated_sypd = "1051.809"
│   instantaneous_sypd = "971.828"
│   date_now = 2026-08-25T13:49:19.755
└   estimated_finish_date = 2026-08-25T13:52:45.755
┌ Info: Progress
│   simulation_time = "156 weeks, 3 days"
│   n_steps_completed = 210360
│   wall_time_per_step = "1 millisecond, 188 microseconds"
│   wall_time_total = "6 minutes, 56 seconds"
│   wall_time_remaining = "2 minutes, 46 seconds"
│   wall_time_spent = "4 minutes, 9 seconds"
│   percent_complete = "60.0%"
│   estimated_sypd = "1036.907"
│   instantaneous_sypd = "968.31"
│   date_now = 2026-08-25T13:50:04.364
└   estimated_finish_date = 2026-08-25T13:52:51.364
[ Info: Checking NaNs in canopy
[ Info: Checking NaNs in hydraulics
[ Info: Checking NaNs in ϑ_l
[ Info: Checking NaNs in photosynthesis
[ Info: Checking NaNs in acclimated
[ Info: Checking NaNs in energy
[ Info: Checking NaNs in T
[ Info: Checking NaNs in snow
[ Info: Checking NaNs in S
[ Info: Checking NaNs in S_l
[ Info: Checking NaNs in U
[ Info: Checking NaNs in soil
[ Info: Checking NaNs in ϑ_l
[ Info: Checking NaNs in θ_i
[ Info: Checking NaNs in ρe_int
[ Info: Checking NaNs in ∫F_vol_liq_water_dt
[ Info: Checking NaNs in ∫F_e_dt
[ Info: Checking NaNs in soilco2
[ Info: Checking NaNs in CO2
[ Info: Checking NaNs in O2
[ Info: Checking NaNs in SOC
┌ Info: Progress
│   simulation_time = "182 weeks, 4 days"
│   n_steps_completed = 245420
│   wall_time_per_step = "1 millisecond, 202 microseconds"
│   wall_time_total = "7 minutes, 1 second"
│   wall_time_remaining = "2 minutes, 6 seconds"
│   wall_time_spent = "4 minutes, 55 seconds"
│   percent_complete = "70.0%"
│   estimated_sypd = "1024.759"
│   instantaneous_sypd = "957.46"
│   date_now = 2026-08-25T13:50:49.478
└   estimated_finish_date = 2026-08-25T13:52:56.478
┌ Info: Progress
│   simulation_time = "208 weeks, 4 days"
│   n_steps_completed = 280480
│   wall_time_per_step = "1 millisecond, 214 microseconds"
│   wall_time_total = "7 minutes, 5 seconds"
│   wall_time_remaining = "1 minute, 25 seconds"
│   wall_time_spent = "5 minutes, 40 seconds"
│   percent_complete = "80.0%"
│   estimated_sypd = "1014.268"
│   instantaneous_sypd = "946.439"
│   date_now = 2026-08-25T13:51:35.118
└   estimated_finish_date = 2026-08-25T13:53:01.117
[ Info: Checking NaNs in canopy
[ Info: Checking NaNs in hydraulics
[ Info: Checking NaNs in ϑ_l
[ Info: Checking NaNs in photosynthesis
[ Info: Checking NaNs in acclimated
[ Info: Checking NaNs in energy
[ Info: Checking NaNs in T
[ Info: Checking NaNs in snow
[ Info: Checking NaNs in S
[ Info: Checking NaNs in S_l
[ Info: Checking NaNs in U
[ Info: Checking NaNs in soil
[ Info: Checking NaNs in ϑ_l
[ Info: Checking NaNs in θ_i
[ Info: Checking NaNs in ρe_int
[ Info: Checking NaNs in ∫F_vol_liq_water_dt
[ Info: Checking NaNs in ∫F_e_dt
[ Info: Checking NaNs in soilco2
[ Info: Checking NaNs in CO2
[ Info: Checking NaNs in O2
[ Info: Checking NaNs in SOC
┌ Info: Progress
│   simulation_time = "234 weeks, 5 days"
│   n_steps_completed = 315540
│   wall_time_per_step = "1 millisecond, 224 microseconds"
│   wall_time_total = "7 minutes, 9 seconds"
│   wall_time_remaining = "42 seconds, 911 milliseconds"
│   wall_time_spent = "6 minutes, 26 seconds"
│   percent_complete = "90.0%"
│   estimated_sypd = "1006.376"
│   instantaneous_sypd = "947.408"
│   date_now = 2026-08-25T13:52:20.710
└   estimated_finish_date = 2026-08-25T13:53:03.710
[ Info: [DE-Hai Prior] production run 2000–2012
[ Info: Checking NaNs in canopy
[ Info: Checking NaNs in hydraulics
[ Info: Checking NaNs in ϑ_l
[ Info: Checking NaNs in photosynthesis
[ Info: Checking NaNs in acclimated
[ Info: Checking NaNs in energy
[ Info: Checking NaNs in T
[ Info: Checking NaNs in snow
[ Info: Checking NaNs in S
[ Info: Checking NaNs in S_l
[ Info: Checking NaNs in U
[ Info: Checking NaNs in soil
[ Info: Checking NaNs in ϑ_l
[ Info: Checking NaNs in θ_i
[ Info: Checking NaNs in ρe_int
[ Info: Checking NaNs in ∫F_vol_liq_water_dt
[ Info: Checking NaNs in ∫F_e_dt
[ Info: Checking NaNs in soilco2
[ Info: Checking NaNs in CO2
[ Info: Checking NaNs in O2
[ Info: Checking NaNs in SOC
┌ Info: Progress
│   simulation_time = "67 weeks, 5 days"
│   n_steps_completed = 91162
│   wall_time_per_step = "0 seconds"
│   wall_time_total = "0 seconds"
│   wall_time_remaining = "0 seconds"
│   wall_time_spent = "0 seconds"
│   percent_complete = "10.0%"
│   estimated_sypd = "Inf"
│   instantaneous_sypd = "0.0 (sdpd_estimate = 0.023)"
│   date_now = 2026-08-25T13:57:43.354
└   estimated_finish_date = 2026-08-25T13:57:43.354
[ Info: Checking NaNs in canopy
[ Info: Checking NaNs in hydraulics
[ Info: Checking NaNs in ϑ_l
[ Info: Checking NaNs in photosynthesis
[ Info: Checking NaNs in acclimated
[ Info: Checking NaNs in energy
[ Info: Checking NaNs in T
[ Info: Checking NaNs in snow
[ Info: Checking NaNs in S
[ Info: Checking NaNs in S_l
[ Info: Checking NaNs in U
[ Info: Checking NaNs in soil
[ Info: Checking NaNs in ϑ_l
[ Info: Checking NaNs in θ_i
[ Info: Checking NaNs in ρe_int
[ Info: Checking NaNs in ∫F_vol_liq_water_dt
[ Info: Checking NaNs in ∫F_e_dt
[ Info: Checking NaNs in soilco2
[ Info: Checking NaNs in CO2
[ Info: Checking NaNs in O2
[ Info: Checking NaNs in SOC
┌ Info: Progress
│   simulation_time = "135 weeks, 4 days"
│   n_steps_completed = 182324
│   wall_time_per_step = "0 seconds"
│   wall_time_total = "0 seconds"
│   wall_time_remaining = "0 seconds"
│   wall_time_spent = "0 seconds"
│   percent_complete = "20.0%"
│   estimated_sypd = "Inf"
│   instantaneous_sypd = "615.162"
│   date_now = 2026-08-25T14:00:45.931
└   estimated_finish_date = 2026-08-25T14:00:45.931
[ Info: Checking NaNs in canopy
[ Info: Checking NaNs in hydraulics
[ Info: Checking NaNs in ϑ_l
[ Info: Checking NaNs in photosynthesis
[ Info: Checking NaNs in acclimated
[ Info: Checking NaNs in energy
[ Info: Checking NaNs in T
[ Info: Checking NaNs in snow
[ Info: Checking NaNs in S
[ Info: Checking NaNs in S_l
[ Info: Checking NaNs in U
[ Info: Checking NaNs in soil
[ Info: Checking NaNs in ϑ_l
[ Info: Checking NaNs in θ_i
[ Info: Checking NaNs in ρe_int
[ Info: Checking NaNs in ∫F_vol_liq_water_dt
[ Info: Checking NaNs in ∫F_e_dt
[ Info: Checking NaNs in soilco2
[ Info: Checking NaNs in CO2
[ Info: Checking NaNs in O2
[ Info: Checking NaNs in SOC
┌ Info: Progress
│   simulation_time = "203 weeks, 3 days"
│   n_steps_completed = 273486
│   wall_time_per_step = "2 milliseconds, 35 microseconds"
│   wall_time_total = "30 minutes, 55 seconds"
│   wall_time_remaining = "21 minutes, 39 seconds"
│   wall_time_spent = "9 minutes, 16 seconds"
│   percent_complete = "30.0%"
│   estimated_sypd = "605.144"
│   instantaneous_sypd = "605.144"
│   date_now = 2026-08-25T14:03:51.531
└   estimated_finish_date = 2026-08-25T14:25:31.531
[ Info: Checking NaNs in canopy
[ Info: Checking NaNs in hydraulics
[ Info: Checking NaNs in ϑ_l
[ Info: Checking NaNs in photosynthesis
[ Info: Checking NaNs in acclimated
[ Info: Checking NaNs in energy
[ Info: Checking NaNs in T
[ Info: Checking NaNs in snow
[ Info: Checking NaNs in S
[ Info: Checking NaNs in S_l
[ Info: Checking NaNs in U
[ Info: Checking NaNs in soil
[ Info: Checking NaNs in ϑ_l
[ Info: Checking NaNs in θ_i
[ Info: Checking NaNs in ρe_int
[ Info: Checking NaNs in ∫F_vol_liq_water_dt
[ Info: Checking NaNs in ∫F_e_dt
[ Info: Checking NaNs in soilco2
[ Info: Checking NaNs in CO2
[ Info: Checking NaNs in O2
[ Info: Checking NaNs in SOC
[ Info: Checking NaNs in canopy
[ Info: Checking NaNs in hydraulics
[ Info: Checking NaNs in ϑ_l
[ Info: Checking NaNs in photosynthesis
[ Info: Checking NaNs in acclimated
[ Info: Checking NaNs in energy
[ Info: Checking NaNs in T
[ Info: Checking NaNs in snow
[ Info: Checking NaNs in S
[ Info: Checking NaNs in S_l
[ Info: Checking NaNs in U
[ Info: Checking NaNs in soil
[ Info: Checking NaNs in ϑ_l
[ Info: Checking NaNs in θ_i
[ Info: Checking NaNs in ρe_int
[ Info: Checking NaNs in ∫F_vol_liq_water_dt
[ Info: Checking NaNs in ∫F_e_dt
[ Info: Checking NaNs in soilco2
[ Info: Checking NaNs in CO2
[ Info: Checking NaNs in O2
[ Info: Checking NaNs in SOC
┌ Info: Progress
│   simulation_time = "271 weeks, 2 days"
│   n_steps_completed = 364648
│   wall_time_per_step = "2 milliseconds, 1 microsecond"
│   wall_time_total = "30 minutes, 24 seconds"
│   wall_time_remaining = "18 minutes, 14 seconds"
│   wall_time_spent = "12 minutes, 9 seconds"
│   percent_complete = "40.0%"
│   estimated_sypd = "615.615"
│   instantaneous_sypd = "649.319"
│   date_now = 2026-08-25T14:06:44.504
└   estimated_finish_date = 2026-08-25T14:24:59.504
[ Info: Checking NaNs in canopy
[ Info: Checking NaNs in hydraulics
[ Info: Checking NaNs in ϑ_l
[ Info: Checking NaNs in photosynthesis
[ Info: Checking NaNs in acclimated
[ Info: Checking NaNs in energy
[ Info: Checking NaNs in T
[ Info: Checking NaNs in snow
[ Info: Checking NaNs in S
[ Info: Checking NaNs in S_l
[ Info: Checking NaNs in U
[ Info: Checking NaNs in soil
[ Info: Checking NaNs in ϑ_l
[ Info: Checking NaNs in θ_i
[ Info: Checking NaNs in ρe_int
[ Info: Checking NaNs in ∫F_vol_liq_water_dt
[ Info: Checking NaNs in ∫F_e_dt
[ Info: Checking NaNs in soilco2
[ Info: Checking NaNs in CO2
[ Info: Checking NaNs in O2
[ Info: Checking NaNs in SOC
┌ Info: Progress
│   simulation_time = "339 weeks, 1 day"
│   n_steps_completed = 455810
│   wall_time_per_step = "1 millisecond, 989 microseconds"
│   wall_time_total = "30 minutes, 13 seconds"
│   wall_time_remaining = "15 minutes, 6 seconds"
│   wall_time_spent = "15 minutes, 6 seconds"
│   percent_complete = "50.0%"
│   estimated_sypd = "619.416"
│   instantaneous_sypd = "635.105"
│   date_now = 2026-08-25T14:09:41.348
└   estimated_finish_date = 2026-08-25T14:24:48.348
[ Info: Checking NaNs in canopy
[ Info: Checking NaNs in hydraulics
[ Info: Checking NaNs in ϑ_l
[ Info: Checking NaNs in photosynthesis
[ Info: Checking NaNs in acclimated
[ Info: Checking NaNs in energy
[ Info: Checking NaNs in T
[ Info: Checking NaNs in snow
[ Info: Checking NaNs in S
[ Info: Checking NaNs in S_l
[ Info: Checking NaNs in U
[ Info: Checking NaNs in soil
[ Info: Checking NaNs in ϑ_l
[ Info: Checking NaNs in θ_i
[ Info: Checking NaNs in ρe_int
[ Info: Checking NaNs in ∫F_vol_liq_water_dt
[ Info: Checking NaNs in ∫F_e_dt
[ Info: Checking NaNs in soilco2
[ Info: Checking NaNs in CO2
[ Info: Checking NaNs in O2
[ Info: Checking NaNs in SOC
┌ Info: Progress
│   simulation_time = "406 weeks, 6 days"
│   n_steps_completed = 546972
│   wall_time_per_step = "1 millisecond, 977 microseconds"
│   wall_time_total = "30 minutes, 2 seconds"
│   wall_time_remaining = "12 minutes, 917 milliseconds"
│   wall_time_spent = "18 minutes, 1 second"
│   percent_complete = "60.0%"
│   estimated_sypd = "623.169"
│   instantaneous_sypd = "642.635"
│   date_now = 2026-08-25T14:12:36.121
└   estimated_finish_date = 2026-08-25T14:24:37.121
[ Info: Checking NaNs in canopy
[ Info: Checking NaNs in hydraulics
[ Info: Checking NaNs in ϑ_l
[ Info: Checking NaNs in photosynthesis
[ Info: Checking NaNs in acclimated
[ Info: Checking NaNs in energy
[ Info: Checking NaNs in T
[ Info: Checking NaNs in snow
[ Info: Checking NaNs in S
[ Info: Checking NaNs in S_l
[ Info: Checking NaNs in U
[ Info: Checking NaNs in soil
[ Info: Checking NaNs in ϑ_l
[ Info: Checking NaNs in θ_i
[ Info: Checking NaNs in ρe_int
[ Info: Checking NaNs in ∫F_vol_liq_water_dt
[ Info: Checking NaNs in ∫F_e_dt
[ Info: Checking NaNs in soilco2
[ Info: Checking NaNs in CO2
[ Info: Checking NaNs in O2
[ Info: Checking NaNs in SOC
[ Info: Checking NaNs in canopy
[ Info: Checking NaNs in hydraulics
[ Info: Checking NaNs in ϑ_l
[ Info: Checking NaNs in photosynthesis
[ Info: Checking NaNs in acclimated
[ Info: Checking NaNs in energy
[ Info: Checking NaNs in T
[ Info: Checking NaNs in snow
[ Info: Checking NaNs in S
[ Info: Checking NaNs in S_l
[ Info: Checking NaNs in U
[ Info: Checking NaNs in soil
[ Info: Checking NaNs in ϑ_l
[ Info: Checking NaNs in θ_i
[ Info: Checking NaNs in ρe_int
[ Info: Checking NaNs in ∫F_vol_liq_water_dt
[ Info: Checking NaNs in ∫F_e_dt
[ Info: Checking NaNs in soilco2
[ Info: Checking NaNs in CO2
[ Info: Checking NaNs in O2
[ Info: Checking NaNs in SOC
┌ Info: Progress
│   simulation_time = "474 weeks, 5 days"
│   n_steps_completed = 638134
│   wall_time_per_step = "1 millisecond, 965 microseconds"
│   wall_time_total = "29 minutes, 51 seconds"
│   wall_time_remaining = "8 minutes, 57 seconds"
│   wall_time_spent = "20 minutes, 54 seconds"
│   percent_complete = "70.0%"
│   estimated_sypd = "626.895"
│   instantaneous_sypd = "650.224"
│   date_now = 2026-08-25T14:15:28.852
└   estimated_finish_date = 2026-08-25T14:24:26.852
[ Info: Checking NaNs in canopy
[ Info: Checking NaNs in hydraulics
[ Info: Checking NaNs in ϑ_l
[ Info: Checking NaNs in photosynthesis
[ Info: Checking NaNs in acclimated
[ Info: Checking NaNs in energy
[ Info: Checking NaNs in T
[ Info: Checking NaNs in snow
[ Info: Checking NaNs in S
[ Info: Checking NaNs in S_l
[ Info: Checking NaNs in U
[ Info: Checking NaNs in soil
[ Info: Checking NaNs in ϑ_l
[ Info: Checking NaNs in θ_i
[ Info: Checking NaNs in ρe_int
[ Info: Checking NaNs in ∫F_vol_liq_water_dt
[ Info: Checking NaNs in ∫F_e_dt
[ Info: Checking NaNs in soilco2
[ Info: Checking NaNs in CO2
[ Info: Checking NaNs in O2
[ Info: Checking NaNs in SOC
┌ Info: Progress
│   simulation_time = "542 weeks, 4 days"
│   n_steps_completed = 729296
│   wall_time_per_step = "1 millisecond, 946 microseconds"
│   wall_time_total = "29 minutes, 34 seconds"
│   wall_time_remaining = "5 minutes, 54 seconds"
│   wall_time_spent = "23 minutes, 39 seconds"
│   percent_complete = "80.0%"
│   estimated_sypd = "632.898"
│   instantaneous_sypd = "678.368"
│   date_now = 2026-08-25T14:18:14.418
└   estimated_finish_date = 2026-08-25T14:24:09.418
[ Info: Checking NaNs in canopy
[ Info: Checking NaNs in hydraulics
[ Info: Checking NaNs in ϑ_l
[ Info: Checking NaNs in photosynthesis
[ Info: Checking NaNs in acclimated
[ Info: Checking NaNs in energy
[ Info: Checking NaNs in T
[ Info: Checking NaNs in snow
[ Info: Checking NaNs in S
[ Info: Checking NaNs in S_l
[ Info: Checking NaNs in U
[ Info: Checking NaNs in soil
[ Info: Checking NaNs in ϑ_l
[ Info: Checking NaNs in θ_i
[ Info: Checking NaNs in ρe_int
[ Info: Checking NaNs in ∫F_vol_liq_water_dt
[ Info: Checking NaNs in ∫F_e_dt
[ Info: Checking NaNs in soilco2
[ Info: Checking NaNs in CO2
[ Info: Checking NaNs in O2
[ Info: Checking NaNs in SOC
┌ Info: Progress
│   simulation_time = "610 weeks, 3 days"
│   n_steps_completed = 820458
│   wall_time_per_step = "1 millisecond, 916 microseconds"
│   wall_time_total = "29 minutes, 7 seconds"
│   wall_time_remaining = "2 minutes, 54 seconds"
│   wall_time_spent = "26 minutes, 12 seconds"
│   percent_complete = "90.0%"
│   estimated_sypd = "642.844"
│   instantaneous_sypd = "735.28"
│   date_now = 2026-08-25T14:20:47.169
└   estimated_finish_date = 2026-08-25T14:23:42.169
[ Info: Checking NaNs in canopy
[ Info: Checking NaNs in hydraulics
[ Info: Checking NaNs in ϑ_l
[ Info: Checking NaNs in photosynthesis
[ Info: Checking NaNs in acclimated
[ Info: Checking NaNs in energy
[ Info: Checking NaNs in T
[ Info: Checking NaNs in snow
[ Info: Checking NaNs in S
[ Info: Checking NaNs in S_l
[ Info: Checking NaNs in U
[ Info: Checking NaNs in soil
[ Info: Checking NaNs in ϑ_l
[ Info: Checking NaNs in θ_i
[ Info: Checking NaNs in ρe_int
[ Info: Checking NaNs in ∫F_vol_liq_water_dt
[ Info: Checking NaNs in ∫F_e_dt
[ Info: Checking NaNs in soilco2
[ Info: Checking NaNs in CO2
[ Info: Checking NaNs in O2
[ Info: Checking NaNs in SOC
[ Info: [DE-Hai Prior] wrote /home/renatob/ClimaLand.jl/experiments/callmip_phase1b/output_deliverables/ClimaLand.v1_Phase1b_Scen1_DE-Hai_Cal_Prior.nc
exit=0
