[ Info: [FR-Pue Prior] spin-up 5 yr
┌ Info: Progress
│   simulation_time = "26 weeks, 14 hours"
│   n_steps_completed = 35060
│   wall_time_per_step = "0 seconds"
│   wall_time_total = "0 seconds"
│   wall_time_remaining = "0 seconds"
│   wall_time_spent = "0 seconds"
│   percent_complete = "10.0%"
│   estimated_sypd = "Inf"
│   instantaneous_sypd = "0.0 (sdpd_estimate = 0.009)"
│   date_now = 2026-08-25T13:46:34.926
└   estimated_finish_date = 2026-08-25T13:46:34.925
┌ Info: Progress
│   simulation_time = "52 weeks, 1 day"
│   n_steps_completed = 70120
│   wall_time_per_step = "0 seconds"
│   wall_time_total = "0 seconds"
│   wall_time_remaining = "0 seconds"
│   wall_time_spent = "0 seconds"
│   percent_complete = "20.0%"
│   estimated_sypd = "Inf"
│   instantaneous_sypd = "966.721"
│   date_now = 2026-08-25T13:47:19.539
└   estimated_finish_date = 2026-08-25T13:47:19.539
[ Info: Checking NaNs in canopy
[ Info: Checking NaNs in hydraulics
[ Info: Checking NaNs in ϑ_l
[ Info: Checking NaNs in photosynthesis
[ Info: Checking NaNs in acclimated
[ Info: Checking NaNs in energy
[ Info: Checking NaNs in T
[ Info: Checking NaNs in snow
[ Info: Checking NaNs in S
[ Info: Checking NaNs in S_l
[ Info: Checking NaNs in U
[ Info: Checking NaNs in soil
[ Info: Checking NaNs in ϑ_l
[ Info: Checking NaNs in θ_i
[ Info: Checking NaNs in ρe_int
[ Info: Checking NaNs in ∫F_vol_liq_water_dt
[ Info: Checking NaNs in ∫F_e_dt
[ Info: Checking NaNs in soilco2
[ Info: Checking NaNs in CO2
[ Info: Checking NaNs in O2
[ Info: Checking NaNs in SOC
┌ Info: Progress
│   simulation_time = "78 weeks, 1 day"
│   n_steps_completed = 105180
│   wall_time_per_step = "1 millisecond, 193 microseconds"
│   wall_time_total = "6 minutes, 58 seconds"
│   wall_time_remaining = "4 minutes, 52 seconds"
│   wall_time_spent = "2 minutes, 5 seconds"
│   percent_complete = "30.0%"
│   estimated_sypd = "1032.597"
│   instantaneous_sypd = "1032.597"
│   date_now = 2026-08-25T13:48:01.498
└   estimated_finish_date = 2026-08-25T13:52:54.498
┌ Info: Progress
│   simulation_time = "104 weeks, 2 days"
│   n_steps_completed = 140240
│   wall_time_per_step = "1 millisecond, 200 microseconds"
│   wall_time_total = "7 minutes, 712 milliseconds"
│   wall_time_remaining = "4 minutes, 12 seconds"
│   wall_time_spent = "2 minutes, 48 seconds"
│   percent_complete = "40.0%"
│   estimated_sypd = "1026.689"
│   instantaneous_sypd = "1009.365"
│   date_now = 2026-08-25T13:48:44.126
└   estimated_finish_date = 2026-08-25T13:52:57.126
[ Info: Checking NaNs in canopy
[ Info: Checking NaNs in hydraulics
[ Info: Checking NaNs in ϑ_l
[ Info: Checking NaNs in photosynthesis
[ Info: Checking NaNs in acclimated
[ Info: Checking NaNs in energy
[ Info: Checking NaNs in T
[ Info: Checking NaNs in snow
[ Info: Checking NaNs in S
[ Info: Checking NaNs in S_l
[ Info: Checking NaNs in U
[ Info: Checking NaNs in soil
[ Info: Checking NaNs in ϑ_l
[ Info: Checking NaNs in θ_i
[ Info: Checking NaNs in ρe_int
[ Info: Checking NaNs in ∫F_vol_liq_water_dt
[ Info: Checking NaNs in ∫F_e_dt
[ Info: Checking NaNs in soilco2
[ Info: Checking NaNs in CO2
[ Info: Checking NaNs in O2
[ Info: Checking NaNs in SOC
┌ Info: Progress
│   simulation_time = "130 weeks, 3 days"
│   n_steps_completed = 175300
│   wall_time_per_step = "1 millisecond, 204 microseconds"
│   wall_time_total = "7 minutes, 2 seconds"
│   wall_time_remaining = "3 minutes, 31 seconds"
│   wall_time_spent = "3 minutes, 31 seconds"
│   percent_complete = "50.0%"
│   estimated_sypd = "1022.913"
│   instantaneous_sypd = "1008.081"
│   date_now = 2026-08-25T13:49:26.975
└   estimated_finish_date = 2026-08-25T13:52:58.975
┌ Info: Progress
│   simulation_time = "156 weeks, 3 days"
│   n_steps_completed = 210360
│   wall_time_per_step = "1 millisecond, 207 microseconds"
│   wall_time_total = "7 minutes, 3 seconds"
│   wall_time_remaining = "2 minutes, 49 seconds"
│   wall_time_spent = "4 minutes, 14 seconds"
│   percent_complete = "60.0%"
│   estimated_sypd = "1020.326"
│   instantaneous_sypd = "1007.587"
│   date_now = 2026-08-25T13:50:09.844
└   estimated_finish_date = 2026-08-25T13:52:59.844
[ Info: Checking NaNs in canopy
[ Info: Checking NaNs in hydraulics
[ Info: Checking NaNs in ϑ_l
[ Info: Checking NaNs in photosynthesis
[ Info: Checking NaNs in acclimated
[ Info: Checking NaNs in energy
[ Info: Checking NaNs in T
[ Info: Checking NaNs in snow
[ Info: Checking NaNs in S
[ Info: Checking NaNs in S_l
[ Info: Checking NaNs in U
[ Info: Checking NaNs in soil
[ Info: Checking NaNs in ϑ_l
[ Info: Checking NaNs in θ_i
[ Info: Checking NaNs in ρe_int
[ Info: Checking NaNs in ∫F_vol_liq_water_dt
[ Info: Checking NaNs in ∫F_e_dt
[ Info: Checking NaNs in soilco2
[ Info: Checking NaNs in CO2
[ Info: Checking NaNs in O2
[ Info: Checking NaNs in SOC
┌ Info: Progress
│   simulation_time = "182 weeks, 4 days"
│   n_steps_completed = 245420
│   wall_time_per_step = "1 millisecond, 208 microseconds"
│   wall_time_total = "7 minutes, 3 seconds"
│   wall_time_remaining = "2 minutes, 7 seconds"
│   wall_time_spent = "4 minutes, 56 seconds"
│   percent_complete = "70.0%"
│   estimated_sypd = "1019.295"
│   instantaneous_sypd = "1013.149"
│   date_now = 2026-08-25T13:50:52.479
└   estimated_finish_date = 2026-08-25T13:53:00.479
┌ Info: Progress
│   simulation_time = "208 weeks, 4 days"
│   n_steps_completed = 280480
│   wall_time_per_step = "1 millisecond, 210 microseconds"
│   wall_time_total = "7 minutes, 4 seconds"
│   wall_time_remaining = "1 minute, 24 seconds"
│   wall_time_spent = "5 minutes, 39 seconds"
│   percent_complete = "80.0%"
│   estimated_sypd = "1018.066"
│   instantaneous_sypd = "1009.544"
│   date_now = 2026-08-25T13:51:35.266
└   estimated_finish_date = 2026-08-25T13:53:00.266
[ Info: Checking NaNs in canopy
[ Info: Checking NaNs in hydraulics
[ Info: Checking NaNs in ϑ_l
[ Info: Checking NaNs in photosynthesis
[ Info: Checking NaNs in acclimated
[ Info: Checking NaNs in energy
[ Info: Checking NaNs in T
[ Info: Checking NaNs in snow
[ Info: Checking NaNs in S
[ Info: Checking NaNs in S_l
[ Info: Checking NaNs in U
[ Info: Checking NaNs in soil
[ Info: Checking NaNs in ϑ_l
[ Info: Checking NaNs in θ_i
[ Info: Checking NaNs in ρe_int
[ Info: Checking NaNs in ∫F_vol_liq_water_dt
[ Info: Checking NaNs in ∫F_e_dt
[ Info: Checking NaNs in soilco2
[ Info: Checking NaNs in CO2
[ Info: Checking NaNs in O2
[ Info: Checking NaNs in SOC
┌ Info: Progress
│   simulation_time = "234 weeks, 5 days"
│   n_steps_completed = 315540
│   wall_time_per_step = "1 millisecond, 210 microseconds"
│   wall_time_total = "7 minutes, 4 seconds"
│   wall_time_remaining = "42 seconds, 440 milliseconds"
│   wall_time_spent = "6 minutes, 22 seconds"
│   percent_complete = "90.0%"
│   estimated_sypd = "1017.555"
│   instantaneous_sypd = "1013.488"
│   date_now = 2026-08-25T13:52:17.886
└   estimated_finish_date = 2026-08-25T13:53:00.886
[ Info: [FR-Pue Prior] production run 2000–2014
[ Info: Checking NaNs in canopy
[ Info: Checking NaNs in hydraulics
[ Info: Checking NaNs in ϑ_l
[ Info: Checking NaNs in photosynthesis
[ Info: Checking NaNs in acclimated
[ Info: Checking NaNs in energy
[ Info: Checking NaNs in T
[ Info: Checking NaNs in snow
[ Info: Checking NaNs in S
[ Info: Checking NaNs in S_l
[ Info: Checking NaNs in U
[ Info: Checking NaNs in soil
[ Info: Checking NaNs in ϑ_l
[ Info: Checking NaNs in θ_i
[ Info: Checking NaNs in ρe_int
[ Info: Checking NaNs in ∫F_vol_liq_water_dt
[ Info: Checking NaNs in ∫F_e_dt
[ Info: Checking NaNs in soilco2
[ Info: Checking NaNs in CO2
[ Info: Checking NaNs in O2
[ Info: Checking NaNs in SOC
┌ Info: Progress
│   simulation_time = "78 weeks, 1 day"
│   n_steps_completed = 105178
│   wall_time_per_step = "0 seconds"
│   wall_time_total = "0 seconds"
│   wall_time_remaining = "0 seconds"
│   wall_time_spent = "0 seconds"
│   percent_complete = "10.0%"
│   estimated_sypd = "Inf"
│   instantaneous_sypd = "0.0 (sdpd_estimate = 0.026)"
│   date_now = 2026-08-25T13:58:00.978
└   estimated_finish_date = 2026-08-25T13:58:00.978
[ Info: Checking NaNs in canopy
[ Info: Checking NaNs in hydraulics
[ Info: Checking NaNs in ϑ_l
[ Info: Checking NaNs in photosynthesis
[ Info: Checking NaNs in acclimated
[ Info: Checking NaNs in energy
[ Info: Checking NaNs in T
[ Info: Checking NaNs in snow
[ Info: Checking NaNs in S
[ Info: Checking NaNs in S_l
[ Info: Checking NaNs in U
[ Info: Checking NaNs in soil
[ Info: Checking NaNs in ϑ_l
[ Info: Checking NaNs in θ_i
[ Info: Checking NaNs in ρe_int
[ Info: Checking NaNs in ∫F_vol_liq_water_dt
[ Info: Checking NaNs in ∫F_e_dt
[ Info: Checking NaNs in soilco2
[ Info: Checking NaNs in CO2
[ Info: Checking NaNs in O2
[ Info: Checking NaNs in SOC
┌ Info: Progress
│   simulation_time = "156 weeks, 3 days"
│   n_steps_completed = 210356
│   wall_time_per_step = "0 seconds"
│   wall_time_total = "0 seconds"
│   wall_time_remaining = "0 seconds"
│   wall_time_spent = "0 seconds"
│   percent_complete = "20.0%"
│   estimated_sypd = "Inf"
│   instantaneous_sypd = "631.393"
│   date_now = 2026-08-25T14:01:26.211
└   estimated_finish_date = 2026-08-25T14:01:26.211
[ Info: Checking NaNs in canopy
[ Info: Checking NaNs in hydraulics
[ Info: Checking NaNs in ϑ_l
[ Info: Checking NaNs in photosynthesis
[ Info: Checking NaNs in acclimated
[ Info: Checking NaNs in energy
[ Info: Checking NaNs in T
[ Info: Checking NaNs in snow
[ Info: Checking NaNs in S
[ Info: Checking NaNs in S_l
[ Info: Checking NaNs in U
[ Info: Checking NaNs in soil
[ Info: Checking NaNs in ϑ_l
[ Info: Checking NaNs in θ_i
[ Info: Checking NaNs in ρe_int
[ Info: Checking NaNs in ∫F_vol_liq_water_dt
[ Info: Checking NaNs in ∫F_e_dt
[ Info: Checking NaNs in soilco2
[ Info: Checking NaNs in CO2
[ Info: Checking NaNs in O2
[ Info: Checking NaNs in SOC
[ Info: Checking NaNs in canopy
[ Info: Checking NaNs in hydraulics
[ Info: Checking NaNs in ϑ_l
[ Info: Checking NaNs in photosynthesis
[ Info: Checking NaNs in acclimated
[ Info: Checking NaNs in energy
[ Info: Checking NaNs in T
[ Info: Checking NaNs in snow
[ Info: Checking NaNs in S
[ Info: Checking NaNs in S_l
[ Info: Checking NaNs in U
[ Info: Checking NaNs in soil
[ Info: Checking NaNs in ϑ_l
[ Info: Checking NaNs in θ_i
[ Info: Checking NaNs in ρe_int
[ Info: Checking NaNs in ∫F_vol_liq_water_dt
[ Info: Checking NaNs in ∫F_e_dt
[ Info: Checking NaNs in soilco2
[ Info: Checking NaNs in CO2
[ Info: Checking NaNs in O2
[ Info: Checking NaNs in SOC
┌ Info: Progress
│   simulation_time = "234 weeks, 5 days"
│   n_steps_completed = 315534
│   wall_time_per_step = "1 millisecond, 942 microseconds"
│   wall_time_total = "34 minutes, 3 seconds"
│   wall_time_remaining = "23 minutes, 50 seconds"
│   wall_time_spent = "10 minutes, 13 seconds"
│   percent_complete = "30.0%"
│   estimated_sypd = "634.127"
│   instantaneous_sypd = "634.127"
│   date_now = 2026-08-25T14:04:50.559
└   estimated_finish_date = 2026-08-25T14:28:41.559
[ Info: Checking NaNs in canopy
[ Info: Checking NaNs in hydraulics
[ Info: Checking NaNs in ϑ_l
[ Info: Checking NaNs in photosynthesis
[ Info: Checking NaNs in acclimated
[ Info: Checking NaNs in energy
[ Info: Checking NaNs in T
[ Info: Checking NaNs in snow
[ Info: Checking NaNs in S
[ Info: Checking NaNs in S_l
[ Info: Checking NaNs in U
[ Info: Checking NaNs in soil
[ Info: Checking NaNs in ϑ_l
[ Info: Checking NaNs in θ_i
[ Info: Checking NaNs in ρe_int
[ Info: Checking NaNs in ∫F_vol_liq_water_dt
[ Info: Checking NaNs in ∫F_e_dt
[ Info: Checking NaNs in soilco2
[ Info: Checking NaNs in CO2
[ Info: Checking NaNs in O2
[ Info: Checking NaNs in SOC
┌ Info: Progress
│   simulation_time = "313 weeks, 5 hours"
│   n_steps_completed = 420712
│   wall_time_per_step = "1 millisecond, 942 microseconds"
│   wall_time_total = "34 minutes, 3 seconds"
│   wall_time_remaining = "20 minutes, 25 seconds"
│   wall_time_spent = "13 minutes, 37 seconds"
│   percent_complete = "40.0%"
│   estimated_sypd = "634.233"
│   instantaneous_sypd = "634.551"
│   date_now = 2026-08-25T14:08:14.771
└   estimated_finish_date = 2026-08-25T14:28:40.771
[ Info: Checking NaNs in canopy
[ Info: Checking NaNs in hydraulics
[ Info: Checking NaNs in ϑ_l
[ Info: Checking NaNs in photosynthesis
[ Info: Checking NaNs in acclimated
[ Info: Checking NaNs in energy
[ Info: Checking NaNs in T
[ Info: Checking NaNs in snow
[ Info: Checking NaNs in S
[ Info: Checking NaNs in S_l
[ Info: Checking NaNs in U
[ Info: Checking NaNs in soil
[ Info: Checking NaNs in ϑ_l
[ Info: Checking NaNs in θ_i
[ Info: Checking NaNs in ρe_int
[ Info: Checking NaNs in ∫F_vol_liq_water_dt
[ Info: Checking NaNs in ∫F_e_dt
[ Info: Checking NaNs in soilco2
[ Info: Checking NaNs in CO2
[ Info: Checking NaNs in O2
[ Info: Checking NaNs in SOC
[ Info: Checking NaNs in canopy
[ Info: Checking NaNs in hydraulics
[ Info: Checking NaNs in ϑ_l
[ Info: Checking NaNs in photosynthesis
[ Info: Checking NaNs in acclimated
[ Info: Checking NaNs in energy
[ Info: Checking NaNs in T
[ Info: Checking NaNs in snow
[ Info: Checking NaNs in S
[ Info: Checking NaNs in S_l
[ Info: Checking NaNs in U
[ Info: Checking NaNs in soil
[ Info: Checking NaNs in ϑ_l
[ Info: Checking NaNs in θ_i
[ Info: Checking NaNs in ρe_int
[ Info: Checking NaNs in ∫F_vol_liq_water_dt
[ Info: Checking NaNs in ∫F_e_dt
[ Info: Checking NaNs in soilco2
[ Info: Checking NaNs in CO2
[ Info: Checking NaNs in O2
[ Info: Checking NaNs in SOC
┌ Info: Progress
│   simulation_time = "391 weeks, 2 days"
│   n_steps_completed = 525890
│   wall_time_per_step = "1 millisecond, 949 microseconds"
│   wall_time_total = "34 minutes, 10 seconds"
│   wall_time_remaining = "17 minutes, 5 seconds"
│   wall_time_spent = "17 minutes, 5 seconds"
│   percent_complete = "50.0%"
│   estimated_sypd = "631.974"
│   instantaneous_sypd = "623.094"
│   date_now = 2026-08-25T14:11:42.738
└   estimated_finish_date = 2026-08-25T14:28:48.738
[ Info: Checking NaNs in canopy
[ Info: Checking NaNs in hydraulics
[ Info: Checking NaNs in ϑ_l
[ Info: Checking NaNs in photosynthesis
[ Info: Checking NaNs in acclimated
[ Info: Checking NaNs in energy
[ Info: Checking NaNs in T
[ Info: Checking NaNs in snow
[ Info: Checking NaNs in S
[ Info: Checking NaNs in S_l
[ Info: Checking NaNs in U
[ Info: Checking NaNs in soil
[ Info: Checking NaNs in ϑ_l
[ Info: Checking NaNs in θ_i
[ Info: Checking NaNs in ρe_int
[ Info: Checking NaNs in ∫F_vol_liq_water_dt
[ Info: Checking NaNs in ∫F_e_dt
[ Info: Checking NaNs in soilco2
[ Info: Checking NaNs in CO2
[ Info: Checking NaNs in O2
[ Info: Checking NaNs in SOC
┌ Info: Progress
│   simulation_time = "469 weeks, 3 days"
│   n_steps_completed = 631068
│   wall_time_per_step = "1 millisecond, 938 microseconds"
│   wall_time_total = "33 minutes, 59 seconds"
│   wall_time_remaining = "13 minutes, 35 seconds"
│   wall_time_spent = "20 minutes, 23 seconds"
│   percent_complete = "60.0%"
│   estimated_sypd = "635.504"
│   instantaneous_sypd = "653.767"
│   date_now = 2026-08-25T14:15:00.947
└   estimated_finish_date = 2026-08-25T14:28:36.947
[ Info: Checking NaNs in canopy
[ Info: Checking NaNs in hydraulics
[ Info: Checking NaNs in ϑ_l
[ Info: Checking NaNs in photosynthesis
[ Info: Checking NaNs in acclimated
[ Info: Checking NaNs in energy
[ Info: Checking NaNs in T
[ Info: Checking NaNs in snow
[ Info: Checking NaNs in S
[ Info: Checking NaNs in S_l
[ Info: Checking NaNs in U
[ Info: Checking NaNs in soil
[ Info: Checking NaNs in ϑ_l
[ Info: Checking NaNs in θ_i
[ Info: Checking NaNs in ρe_int
[ Info: Checking NaNs in ∫F_vol_liq_water_dt
[ Info: Checking NaNs in ∫F_e_dt
[ Info: Checking NaNs in soilco2
[ Info: Checking NaNs in CO2
[ Info: Checking NaNs in O2
[ Info: Checking NaNs in SOC
[ Info: Checking NaNs in canopy
[ Info: Checking NaNs in hydraulics
[ Info: Checking NaNs in ϑ_l
[ Info: Checking NaNs in photosynthesis
[ Info: Checking NaNs in acclimated
[ Info: Checking NaNs in energy
[ Info: Checking NaNs in T
[ Info: Checking NaNs in snow
[ Info: Checking NaNs in S
[ Info: Checking NaNs in S_l
[ Info: Checking NaNs in U
[ Info: Checking NaNs in soil
[ Info: Checking NaNs in ϑ_l
[ Info: Checking NaNs in θ_i
[ Info: Checking NaNs in ρe_int
[ Info: Checking NaNs in ∫F_vol_liq_water_dt
[ Info: Checking NaNs in ∫F_e_dt
[ Info: Checking NaNs in soilco2
[ Info: Checking NaNs in CO2
[ Info: Checking NaNs in O2
[ Info: Checking NaNs in SOC
┌ Info: Progress
│   simulation_time = "547 weeks, 5 days"
│   n_steps_completed = 736246
│   wall_time_per_step = "1 millisecond, 927 microseconds"
│   wall_time_total = "33 minutes, 47 seconds"
│   wall_time_remaining = "10 minutes, 8 seconds"
│   wall_time_spent = "23 minutes, 39 seconds"
│   percent_complete = "70.0%"
│   estimated_sypd = "639.202"
│   instantaneous_sypd = "662.322"
│   date_now = 2026-08-25T14:18:16.596
└   estimated_finish_date = 2026-08-25T14:28:25.596
[ Info: Checking NaNs in canopy
[ Info: Checking NaNs in hydraulics
[ Info: Checking NaNs in ϑ_l
[ Info: Checking NaNs in photosynthesis
[ Info: Checking NaNs in acclimated
[ Info: Checking NaNs in energy
[ Info: Checking NaNs in T
[ Info: Checking NaNs in snow
[ Info: Checking NaNs in S
[ Info: Checking NaNs in S_l
[ Info: Checking NaNs in U
[ Info: Checking NaNs in soil
[ Info: Checking NaNs in ϑ_l
[ Info: Checking NaNs in θ_i
[ Info: Checking NaNs in ρe_int
[ Info: Checking NaNs in ∫F_vol_liq_water_dt
[ Info: Checking NaNs in ∫F_e_dt
[ Info: Checking NaNs in soilco2
[ Info: Checking NaNs in CO2
[ Info: Checking NaNs in O2
[ Info: Checking NaNs in SOC
┌ Info: Progress
│   simulation_time = "626 weeks, 10 hours"
│   n_steps_completed = 841424
│   wall_time_per_step = "1 millisecond, 894 microseconds"
│   wall_time_total = "33 minutes, 12 seconds"
│   wall_time_remaining = "6 minutes, 38 seconds"
│   wall_time_spent = "26 minutes, 33 seconds"
│   percent_complete = "80.0%"
│   estimated_sypd = "650.368"
│   instantaneous_sypd = "740.983"
│   date_now = 2026-08-25T14:21:11.476
└   estimated_finish_date = 2026-08-25T14:27:50.476
[ Info: Checking NaNs in canopy
[ Info: Checking NaNs in hydraulics
[ Info: Checking NaNs in ϑ_l
[ Info: Checking NaNs in photosynthesis
[ Info: Checking NaNs in acclimated
[ Info: Checking NaNs in energy
[ Info: Checking NaNs in T
[ Info: Checking NaNs in snow
[ Info: Checking NaNs in S
[ Info: Checking NaNs in S_l
[ Info: Checking NaNs in U
[ Info: Checking NaNs in soil
[ Info: Checking NaNs in ϑ_l
[ Info: Checking NaNs in θ_i
[ Info: Checking NaNs in ρe_int
[ Info: Checking NaNs in ∫F_vol_liq_water_dt
[ Info: Checking NaNs in ∫F_e_dt
[ Info: Checking NaNs in soilco2
[ Info: Checking NaNs in CO2
[ Info: Checking NaNs in O2
[ Info: Checking NaNs in SOC
[ Info: Checking NaNs in canopy
[ Info: Checking NaNs in hydraulics
[ Info: Checking NaNs in ϑ_l
[ Info: Checking NaNs in photosynthesis
[ Info: Checking NaNs in acclimated
[ Info: Checking NaNs in energy
[ Info: Checking NaNs in T
[ Info: Checking NaNs in snow
[ Info: Checking NaNs in S
[ Info: Checking NaNs in S_l
[ Info: Checking NaNs in U
[ Info: Checking NaNs in soil
[ Info: Checking NaNs in ϑ_l
[ Info: Checking NaNs in θ_i
[ Info: Checking NaNs in ρe_int
[ Info: Checking NaNs in ∫F_vol_liq_water_dt
[ Info: Checking NaNs in ∫F_e_dt
[ Info: Checking NaNs in soilco2
[ Info: Checking NaNs in CO2
[ Info: Checking NaNs in O2
[ Info: Checking NaNs in SOC
┌ Info: Progress
│   simulation_time = "704 weeks, 2 days"
│   n_steps_completed = 946602
│   wall_time_per_step = "1 millisecond, 852 microseconds"
│   wall_time_total = "32 minutes, 28 seconds"
│   wall_time_remaining = "3 minutes, 14 seconds"
│   wall_time_spent = "29 minutes, 13 seconds"
│   percent_complete = "90.0%"
│   estimated_sypd = "665.205"
│   instantaneous_sypd = "813.709"
│   date_now = 2026-08-25T14:23:50.725
└   estimated_finish_date = 2026-08-25T14:27:05.725
[ Info: Checking NaNs in canopy
[ Info: Checking NaNs in hydraulics
[ Info: Checking NaNs in ϑ_l
[ Info: Checking NaNs in photosynthesis
[ Info: Checking NaNs in acclimated
[ Info: Checking NaNs in energy
[ Info: Checking NaNs in T
[ Info: Checking NaNs in snow
[ Info: Checking NaNs in S
[ Info: Checking NaNs in S_l
[ Info: Checking NaNs in U
[ Info: Checking NaNs in soil
[ Info: Checking NaNs in ϑ_l
[ Info: Checking NaNs in θ_i
[ Info: Checking NaNs in ρe_int
[ Info: Checking NaNs in ∫F_vol_liq_water_dt
[ Info: Checking NaNs in ∫F_e_dt
[ Info: Checking NaNs in soilco2
[ Info: Checking NaNs in CO2
[ Info: Checking NaNs in O2
[ Info: Checking NaNs in SOC
[ Info: [FR-Pue Prior] wrote /home/renatob/ClimaLand.jl/experiments/callmip_phase1b/output_deliverables/ClimaLand.v1_Phase1b_Scen1_FR-Pue_Cal_Prior.nc
exit=0
