┌ Warning: 'pmodel_α' is being overwritten by '/tmp/jl_UtQhud0ZOt.toml'
│ Current entry: float(0.028)
│ New entry: float(0.942249721553865)
└ @ ClimaParams ~/.julia/packages/ClimaParams/opM9x/src/ClimaParams.jl:331
┌ Warning: 'moisture_stress_c' is being overwritten by '/tmp/jl_UtQhud0ZOt.toml'
│ Current entry: float(0.59)
│ New entry: float(0.6509121925593955)
└ @ ClimaParams ~/.julia/packages/ClimaParams/opM9x/src/ClimaParams.jl:331
┌ Warning: 'pmodel_β_c4' is being overwritten by '/tmp/jl_UtQhud0ZOt.toml'
│ Current entry: float(5.36)
│ New entry: float(40.30710479839909)
└ @ ClimaParams ~/.julia/packages/ClimaParams/opM9x/src/ClimaParams.jl:331
┌ Warning: 'pmodel_cstar' is being overwritten by '/tmp/jl_UtQhud0ZOt.toml'
│ Current entry: float(0.43)
│ New entry: float(0.35624807565040556)
└ @ ClimaParams ~/.julia/packages/ClimaParams/opM9x/src/ClimaParams.jl:331
┌ Warning: 'relative_contribution_factor' is being overwritten by '/tmp/jl_UtQhud0ZOt.toml'
│ Current entry: float(0.3)
│ New entry: float(0.7179161666854514)
└ @ ClimaParams ~/.julia/packages/ClimaParams/opM9x/src/ClimaParams.jl:331
┌ Warning: 'soilCO2_activation_energy' is being overwritten by '/tmp/jl_UtQhud0ZOt.toml'
│ Current entry: float(19800.0)
│ New entry: float(45437.01358778262)
└ @ ClimaParams ~/.julia/packages/ClimaParams/opM9x/src/ClimaParams.jl:331
┌ Warning: 'soilCO2_reference_rate' is being overwritten by '/tmp/jl_UtQhud0ZOt.toml'
│ Current entry: float(3.34e-8)
│ New entry: float(7.889204219045531e-8)
└ @ ClimaParams ~/.julia/packages/ClimaParams/opM9x/src/ClimaParams.jl:331
┌ Warning: 'autotrophic_respiration_Rd_ref' is being overwritten by '/tmp/jl_UtQhud0ZOt.toml'
│ Current entry: float(7.83e-7)
│ New entry: float(5.821776815592853e-7)
└ @ ClimaParams ~/.julia/packages/ClimaParams/opM9x/src/ClimaParams.jl:331
┌ Warning: 'pmodel_β_c3' is being overwritten by '/tmp/jl_UtQhud0ZOt.toml'
│ Current entry: float(91.1)
│ New entry: float(21.474971942264904)
└ @ ClimaParams ~/.julia/packages/ClimaParams/opM9x/src/ClimaParams.jl:331
┌ Warning: 'michaelis_constant' is being overwritten by '/tmp/jl_UtQhud0ZOt.toml'
│ Current entry: float(0.0416)
│ New entry: float(0.9591009070372216)
└ @ ClimaParams ~/.julia/packages/ClimaParams/opM9x/src/ClimaParams.jl:331
┌ Warning: 'O2_michaelis_constant' is being overwritten by '/tmp/jl_UtQhud0ZOt.toml'
│ Current entry: float(0.00298)
│ New entry: float(0.0008194355140346706)
└ @ ClimaParams ~/.julia/packages/ClimaParams/opM9x/src/ClimaParams.jl:331
[ Info: [IT-Lav Posterior] spin-up 5 yr
┌ Info: Progress
│   simulation_time = "26 weeks, 12 hours"
│   n_steps_completed = 35040
│   wall_time_per_step = "0 seconds"
│   wall_time_total = "0 seconds"
│   wall_time_remaining = "0 seconds"
│   wall_time_spent = "0 seconds"
│   percent_complete = "10.0%"
│   estimated_sypd = "Inf"
│   instantaneous_sypd = "0.0 (sdpd_estimate = 0.009)"
│   date_now = 2026-08-25T15:16:36.308
└   estimated_finish_date = 2026-08-25T15:16:36.308
[ Info: Checking NaNs in canopy
[ Info: Checking NaNs in hydraulics
[ Info: Checking NaNs in ϑ_l
[ Info: Checking NaNs in photosynthesis
[ Info: Checking NaNs in acclimated
[ Info: Checking NaNs in energy
[ Info: Checking NaNs in T
[ Info: Checking NaNs in snow
[ Info: Checking NaNs in S
[ Info: Checking NaNs in S_l
[ Info: Checking NaNs in U
[ Info: Checking NaNs in soil
[ Info: Checking NaNs in ϑ_l
[ Info: Checking NaNs in θ_i
[ Info: Checking NaNs in ρe_int
[ Info: Checking NaNs in ∫F_vol_liq_water_dt
[ Info: Checking NaNs in ∫F_e_dt
[ Info: Checking NaNs in soilco2
[ Info: Checking NaNs in CO2
[ Info: Checking NaNs in O2
[ Info: Checking NaNs in SOC
┌ Info: Progress
│   simulation_time = "52 weeks, 1 day"
│   n_steps_completed = 70080
│   wall_time_per_step = "0 seconds"
│   wall_time_total = "0 seconds"
│   wall_time_remaining = "0 seconds"
│   wall_time_spent = "0 seconds"
│   percent_complete = "20.0%"
│   estimated_sypd = "Inf"
│   instantaneous_sypd = "1001.327"
│   date_now = 2026-08-25T15:17:19.378
└   estimated_finish_date = 2026-08-25T15:17:19.378
┌ Info: Progress
│   simulation_time = "78 weeks, 1 day"
│   n_steps_completed = 105120
│   wall_time_per_step = "1 millisecond, 214 microseconds"
│   wall_time_total = "7 minutes, 5 seconds"
│   wall_time_remaining = "4 minutes, 57 seconds"
│   wall_time_spent = "2 minutes, 7 seconds"
│   percent_complete = "30.0%"
│   estimated_sypd = "1014.153"
│   instantaneous_sypd = "1014.153"
│   date_now = 2026-08-25T15:18:02.119
└   estimated_finish_date = 2026-08-25T15:23:00.119
[ Info: Checking NaNs in canopy
[ Info: Checking NaNs in hydraulics
[ Info: Checking NaNs in ϑ_l
[ Info: Checking NaNs in photosynthesis
[ Info: Checking NaNs in acclimated
[ Info: Checking NaNs in energy
[ Info: Checking NaNs in T
[ Info: Checking NaNs in snow
[ Info: Checking NaNs in S
[ Info: Checking NaNs in S_l
[ Info: Checking NaNs in U
[ Info: Checking NaNs in soil
[ Info: Checking NaNs in ϑ_l
[ Info: Checking NaNs in θ_i
[ Info: Checking NaNs in ρe_int
[ Info: Checking NaNs in ∫F_vol_liq_water_dt
[ Info: Checking NaNs in ∫F_e_dt
[ Info: Checking NaNs in soilco2
[ Info: Checking NaNs in CO2
[ Info: Checking NaNs in O2
[ Info: Checking NaNs in SOC
┌ Info: Progress
│   simulation_time = "104 weeks, 2 days"
│   n_steps_completed = 140160
│   wall_time_per_step = "1 millisecond, 216 microseconds"
│   wall_time_total = "7 minutes, 6 seconds"
│   wall_time_remaining = "4 minutes, 15 seconds"
│   wall_time_spent = "2 minutes, 50 seconds"
│   percent_complete = "40.0%"
│   estimated_sypd = "1012.994"
│   instantaneous_sypd = "1009.534"
│   date_now = 2026-08-25T15:18:44.672
└   estimated_finish_date = 2026-08-25T15:23:00.672
┌ Info: Progress
│   simulation_time = "130 weeks, 2 days"
│   n_steps_completed = 175200
│   wall_time_per_step = "1 millisecond, 216 microseconds"
│   wall_time_total = "7 minutes, 6 seconds"
│   wall_time_remaining = "3 minutes, 33 seconds"
│   wall_time_spent = "3 minutes, 33 seconds"
│   percent_complete = "50.0%"
│   estimated_sypd = "1013.161"
│   instantaneous_sypd = "1013.831"
│   date_now = 2026-08-25T15:19:27.253
└   estimated_finish_date = 2026-08-25T15:23:01.253
[ Info: Checking NaNs in canopy
[ Info: Checking NaNs in hydraulics
[ Info: Checking NaNs in ϑ_l
[ Info: Checking NaNs in photosynthesis
[ Info: Checking NaNs in acclimated
[ Info: Checking NaNs in energy
[ Info: Checking NaNs in T
[ Info: Checking NaNs in snow
[ Info: Checking NaNs in S
[ Info: Checking NaNs in S_l
[ Info: Checking NaNs in U
[ Info: Checking NaNs in soil
[ Info: Checking NaNs in ϑ_l
[ Info: Checking NaNs in θ_i
[ Info: Checking NaNs in ρe_int
[ Info: Checking NaNs in ∫F_vol_liq_water_dt
[ Info: Checking NaNs in ∫F_e_dt
[ Info: Checking NaNs in soilco2
[ Info: Checking NaNs in CO2
[ Info: Checking NaNs in O2
[ Info: Checking NaNs in SOC
┌ Info: Progress
│   simulation_time = "156 weeks, 3 days"
│   n_steps_completed = 210240
│   wall_time_per_step = "1 millisecond, 216 microseconds"
│   wall_time_total = "7 minutes, 6 seconds"
│   wall_time_remaining = "2 minutes, 50 seconds"
│   wall_time_spent = "4 minutes, 15 seconds"
│   percent_complete = "60.0%"
│   estimated_sypd = "1013.112"
│   instantaneous_sypd = "1012.867"
│   date_now = 2026-08-25T15:20:09.875
└   estimated_finish_date = 2026-08-25T15:23:00.875
┌ Info: Progress
│   simulation_time = "182 weeks, 3 days"
│   n_steps_completed = 245280
│   wall_time_per_step = "1 millisecond, 216 microseconds"
│   wall_time_total = "7 minutes, 6 seconds"
│   wall_time_remaining = "2 minutes, 7 seconds"
│   wall_time_spent = "4 minutes, 58 seconds"
│   percent_complete = "70.0%"
│   estimated_sypd = "1013.026"
│   instantaneous_sypd = "1012.508"
│   date_now = 2026-08-25T15:20:52.512
└   estimated_finish_date = 2026-08-25T15:23:00.512
┌ Info: Progress
│   simulation_time = "208 weeks, 4 days"
│   n_steps_completed = 280320
│   wall_time_per_step = "1 millisecond, 216 microseconds"
│   wall_time_total = "7 minutes, 6 seconds"
│   wall_time_remaining = "1 minute, 25 seconds"
│   wall_time_spent = "5 minutes, 40 seconds"
│   percent_complete = "80.0%"
│   estimated_sypd = "1013.11"
│   instantaneous_sypd = "1013.695"
│   date_now = 2026-08-25T15:21:35.100
└   estimated_finish_date = 2026-08-25T15:23:01.099
[ Info: Checking NaNs in canopy
[ Info: Checking NaNs in hydraulics
[ Info: Checking NaNs in ϑ_l
[ Info: Checking NaNs in photosynthesis
[ Info: Checking NaNs in acclimated
[ Info: Checking NaNs in energy
[ Info: Checking NaNs in T
[ Info: Checking NaNs in snow
[ Info: Checking NaNs in S
[ Info: Checking NaNs in S_l
[ Info: Checking NaNs in U
[ Info: Checking NaNs in soil
[ Info: Checking NaNs in ϑ_l
[ Info: Checking NaNs in θ_i
[ Info: Checking NaNs in ρe_int
[ Info: Checking NaNs in ∫F_vol_liq_water_dt
[ Info: Checking NaNs in ∫F_e_dt
[ Info: Checking NaNs in soilco2
[ Info: Checking NaNs in CO2
[ Info: Checking NaNs in O2
[ Info: Checking NaNs in SOC
┌ Info: Progress
│   simulation_time = "234 weeks, 4 days"
│   n_steps_completed = 315360
│   wall_time_per_step = "1 millisecond, 205 microseconds"
│   wall_time_total = "7 minutes, 2 seconds"
│   wall_time_remaining = "42 seconds, 229 milliseconds"
│   wall_time_spent = "6 minutes, 20 seconds"
│   percent_complete = "90.0%"
│   estimated_sypd = "1022.282"
│   instantaneous_sypd = "1102.105"
│   date_now = 2026-08-25T15:22:14.270
└   estimated_finish_date = 2026-08-25T15:22:57.270
┌ Info: Progress
│   simulation_time = "260 weeks, 5 days"
│   n_steps_completed = 350400
│   wall_time_per_step = "1 millisecond, 187 microseconds"
│   wall_time_total = "6 minutes, 56 seconds"
│   wall_time_remaining = "0 seconds"
│   wall_time_spent = "6 minutes, 56 seconds"
│   percent_complete = "100.0%"
│   estimated_sypd = "1037.716"
│   instantaneous_sypd = "1200.896"
│   date_now = 2026-08-25T15:22:50.219
└   estimated_finish_date = 2026-08-25T15:22:50.219
[ Info: [IT-Lav Posterior] production run 2005–2014
[ Info: Checking NaNs in canopy
[ Info: Checking NaNs in hydraulics
[ Info: Checking NaNs in ϑ_l
[ Info: Checking NaNs in photosynthesis
[ Info: Checking NaNs in acclimated
[ Info: Checking NaNs in energy
[ Info: Checking NaNs in T
[ Info: Checking NaNs in snow
[ Info: Checking NaNs in S
[ Info: Checking NaNs in S_l
[ Info: Checking NaNs in U
[ Info: Checking NaNs in soil
[ Info: Checking NaNs in ϑ_l
[ Info: Checking NaNs in θ_i
[ Info: Checking NaNs in ρe_int
[ Info: Checking NaNs in ∫F_vol_liq_water_dt
[ Info: Checking NaNs in ∫F_e_dt
[ Info: Checking NaNs in soilco2
[ Info: Checking NaNs in CO2
[ Info: Checking NaNs in O2
[ Info: Checking NaNs in SOC
┌ Info: Progress
│   simulation_time = "52 weeks, 1 day"
│   n_steps_completed = 70100
│   wall_time_per_step = "0 seconds"
│   wall_time_total = "0 seconds"
│   wall_time_remaining = "0 seconds"
│   wall_time_spent = "0 seconds"
│   percent_complete = "10.0%"
│   estimated_sypd = "Inf"
│   instantaneous_sypd = "0.0 (sdpd_estimate = 0.018)"
│   date_now = 2026-08-25T15:26:25.084
└   estimated_finish_date = 2026-08-25T15:26:25.084
[ Info: Checking NaNs in canopy
[ Info: Checking NaNs in hydraulics
[ Info: Checking NaNs in ϑ_l
[ Info: Checking NaNs in photosynthesis
[ Info: Checking NaNs in acclimated
[ Info: Checking NaNs in energy
[ Info: Checking NaNs in T
[ Info: Checking NaNs in snow
[ Info: Checking NaNs in S
[ Info: Checking NaNs in S_l
[ Info: Checking NaNs in U
[ Info: Checking NaNs in soil
[ Info: Checking NaNs in ϑ_l
[ Info: Checking NaNs in θ_i
[ Info: Checking NaNs in ρe_int
[ Info: Checking NaNs in ∫F_vol_liq_water_dt
[ Info: Checking NaNs in ∫F_e_dt
[ Info: Checking NaNs in soilco2
[ Info: Checking NaNs in CO2
[ Info: Checking NaNs in O2
[ Info: Checking NaNs in SOC
┌ Info: Progress
│   simulation_time = "104 weeks, 2 days"
│   n_steps_completed = 140200
│   wall_time_per_step = "0 seconds"
│   wall_time_total = "0 seconds"
│   wall_time_remaining = "0 seconds"
│   wall_time_spent = "0 seconds"
│   percent_complete = "20.0%"
│   estimated_sypd = "Inf"
│   instantaneous_sypd = "721.145"
│   date_now = 2026-08-25T15:28:24.846
└   estimated_finish_date = 2026-08-25T15:28:24.845
[ Info: Checking NaNs in canopy
[ Info: Checking NaNs in hydraulics
[ Info: Checking NaNs in ϑ_l
[ Info: Checking NaNs in photosynthesis
[ Info: Checking NaNs in acclimated
[ Info: Checking NaNs in energy
[ Info: Checking NaNs in T
[ Info: Checking NaNs in snow
[ Info: Checking NaNs in S
[ Info: Checking NaNs in S_l
[ Info: Checking NaNs in U
[ Info: Checking NaNs in soil
[ Info: Checking NaNs in ϑ_l
[ Info: Checking NaNs in θ_i
[ Info: Checking NaNs in ρe_int
[ Info: Checking NaNs in ∫F_vol_liq_water_dt
[ Info: Checking NaNs in ∫F_e_dt
[ Info: Checking NaNs in soilco2
[ Info: Checking NaNs in CO2
[ Info: Checking NaNs in O2
[ Info: Checking NaNs in SOC
┌ Info: Progress
│   simulation_time = "156 weeks, 3 days"
│   n_steps_completed = 210300
│   wall_time_per_step = "1 millisecond, 672 microseconds"
│   wall_time_total = "19 minutes, 32 seconds"
│   wall_time_remaining = "13 minutes, 40 seconds"
│   wall_time_spent = "5 minutes, 51 seconds"
│   percent_complete = "30.0%"
│   estimated_sypd = "736.855"
│   instantaneous_sypd = "736.855"
│   date_now = 2026-08-25T15:30:22.054
└   estimated_finish_date = 2026-08-25T15:44:03.054
┌ Info: Progress
│   simulation_time = "208 weeks, 4 days"
│   n_steps_completed = 280400
│   wall_time_per_step = "1 millisecond, 664 microseconds"
│   wall_time_total = "19 minutes, 26 seconds"
│   wall_time_remaining = "11 minutes, 40 seconds"
│   wall_time_spent = "7 minutes, 46 seconds"
│   percent_complete = "40.0%"
│   estimated_sypd = "740.234"
│   instantaneous_sypd = "750.561"
│   date_now = 2026-08-25T15:32:17.122
└   estimated_finish_date = 2026-08-25T15:43:58.122
[ Info: Checking NaNs in canopy
[ Info: Checking NaNs in hydraulics
[ Info: Checking NaNs in ϑ_l
[ Info: Checking NaNs in photosynthesis
[ Info: Checking NaNs in acclimated
[ Info: Checking NaNs in energy
[ Info: Checking NaNs in T
[ Info: Checking NaNs in snow
[ Info: Checking NaNs in S
[ Info: Checking NaNs in S_l
[ Info: Checking NaNs in U
[ Info: Checking NaNs in soil
[ Info: Checking NaNs in ϑ_l
[ Info: Checking NaNs in θ_i
[ Info: Checking NaNs in ρe_int
[ Info: Checking NaNs in ∫F_vol_liq_water_dt
[ Info: Checking NaNs in ∫F_e_dt
[ Info: Checking NaNs in soilco2
[ Info: Checking NaNs in CO2
[ Info: Checking NaNs in O2
[ Info: Checking NaNs in SOC
┌ Info: Progress
│   simulation_time = "260 weeks, 5 days"
│   n_steps_completed = 350500
│   wall_time_per_step = "1 millisecond, 662 microseconds"
│   wall_time_total = "19 minutes, 25 seconds"
│   wall_time_remaining = "9 minutes, 42 seconds"
│   wall_time_spent = "9 minutes, 42 seconds"
│   percent_complete = "50.0%"
│   estimated_sypd = "740.963"
│   instantaneous_sypd = "743.89"
│   date_now = 2026-08-25T15:34:13.222
└   estimated_finish_date = 2026-08-25T15:43:56.222
[ Info: Checking NaNs in canopy
[ Info: Checking NaNs in hydraulics
[ Info: Checking NaNs in ϑ_l
[ Info: Checking NaNs in photosynthesis
[ Info: Checking NaNs in acclimated
[ Info: Checking NaNs in energy
[ Info: Checking NaNs in T
[ Info: Checking NaNs in snow
[ Info: Checking NaNs in S
[ Info: Checking NaNs in S_l
[ Info: Checking NaNs in U
[ Info: Checking NaNs in soil
[ Info: Checking NaNs in ϑ_l
[ Info: Checking NaNs in θ_i
[ Info: Checking NaNs in ρe_int
[ Info: Checking NaNs in ∫F_vol_liq_water_dt
[ Info: Checking NaNs in ∫F_e_dt
[ Info: Checking NaNs in soilco2
[ Info: Checking NaNs in CO2
[ Info: Checking NaNs in O2
[ Info: Checking NaNs in SOC
┌ Info: Progress
│   simulation_time = "312 weeks, 6 days"
│   n_steps_completed = 420600
│   wall_time_per_step = "1 millisecond, 653 microseconds"
│   wall_time_total = "19 minutes, 19 seconds"
│   wall_time_remaining = "7 minutes, 43 seconds"
│   wall_time_spent = "11 minutes, 35 seconds"
│   percent_complete = "60.0%"
│   estimated_sypd = "745.015"
│   instantaneous_sypd = "765.96"
│   date_now = 2026-08-25T15:36:05.976
└   estimated_finish_date = 2026-08-25T15:43:49.976
[ Info: Checking NaNs in canopy
[ Info: Checking NaNs in hydraulics
[ Info: Checking NaNs in ϑ_l
[ Info: Checking NaNs in photosynthesis
[ Info: Checking NaNs in acclimated
[ Info: Checking NaNs in energy
[ Info: Checking NaNs in T
[ Info: Checking NaNs in snow
[ Info: Checking NaNs in S
[ Info: Checking NaNs in S_l
[ Info: Checking NaNs in U
[ Info: Checking NaNs in soil
[ Info: Checking NaNs in ϑ_l
[ Info: Checking NaNs in θ_i
[ Info: Checking NaNs in ρe_int
[ Info: Checking NaNs in ∫F_vol_liq_water_dt
[ Info: Checking NaNs in ∫F_e_dt
[ Info: Checking NaNs in soilco2
[ Info: Checking NaNs in CO2
[ Info: Checking NaNs in O2
[ Info: Checking NaNs in SOC
┌ Info: Progress
│   simulation_time = "365 weeks, 17 hours"
│   n_steps_completed = 490700
│   wall_time_per_step = "1 millisecond, 638 microseconds"
│   wall_time_total = "19 minutes, 8 seconds"
│   wall_time_remaining = "5 minutes, 44 seconds"
│   wall_time_spent = "13 minutes, 23 seconds"
│   percent_complete = "70.0%"
│   estimated_sypd = "751.99"
│   instantaneous_sypd = "796.746"
│   date_now = 2026-08-25T15:37:54.374
└   estimated_finish_date = 2026-08-25T15:43:39.374
[ Info: Checking NaNs in canopy
[ Info: Checking NaNs in hydraulics
[ Info: Checking NaNs in ϑ_l
[ Info: Checking NaNs in photosynthesis
[ Info: Checking NaNs in acclimated
[ Info: Checking NaNs in energy
[ Info: Checking NaNs in T
[ Info: Checking NaNs in snow
[ Info: Checking NaNs in S
[ Info: Checking NaNs in S_l
[ Info: Checking NaNs in U
[ Info: Checking NaNs in soil
[ Info: Checking NaNs in ϑ_l
[ Info: Checking NaNs in θ_i
[ Info: Checking NaNs in ρe_int
[ Info: Checking NaNs in ∫F_vol_liq_water_dt
[ Info: Checking NaNs in ∫F_e_dt
[ Info: Checking NaNs in soilco2
[ Info: Checking NaNs in CO2
[ Info: Checking NaNs in O2
[ Info: Checking NaNs in SOC
┌ Info: Progress
│   simulation_time = "417 weeks, 1 day"
│   n_steps_completed = 560800
│   wall_time_per_step = "1 millisecond, 621 microseconds"
│   wall_time_total = "18 minutes, 56 seconds"
│   wall_time_remaining = "3 minutes, 47 seconds"
│   wall_time_spent = "15 minutes, 9 seconds"
│   percent_complete = "80.0%"
│   estimated_sypd = "759.98"
│   instantaneous_sypd = "821.044"
│   date_now = 2026-08-25T15:39:39.564
└   estimated_finish_date = 2026-08-25T15:43:27.564
[ Info: Checking NaNs in canopy
[ Info: Checking NaNs in hydraulics
[ Info: Checking NaNs in ϑ_l
[ Info: Checking NaNs in photosynthesis
[ Info: Checking NaNs in acclimated
[ Info: Checking NaNs in energy
[ Info: Checking NaNs in T
[ Info: Checking NaNs in snow
[ Info: Checking NaNs in S
[ Info: Checking NaNs in S_l
[ Info: Checking NaNs in U
[ Info: Checking NaNs in soil
[ Info: Checking NaNs in ϑ_l
[ Info: Checking NaNs in θ_i
[ Info: Checking NaNs in ρe_int
[ Info: Checking NaNs in ∫F_vol_liq_water_dt
[ Info: Checking NaNs in ∫F_e_dt
[ Info: Checking NaNs in soilco2
[ Info: Checking NaNs in CO2
[ Info: Checking NaNs in O2
[ Info: Checking NaNs in SOC
┌ Info: Progress
│   simulation_time = "469 weeks, 2 days"
│   n_steps_completed = 630900
│   wall_time_per_step = "1 millisecond, 606 microseconds"
│   wall_time_total = "18 minutes, 46 seconds"
│   wall_time_remaining = "1 minute, 52 seconds"
│   wall_time_spent = "16 minutes, 53 seconds"
│   percent_complete = "90.0%"
│   estimated_sypd = "766.776"
│   instantaneous_sypd = "825.855"
│   date_now = 2026-08-25T15:41:24.141
└   estimated_finish_date = 2026-08-25T15:43:17.141
[ Info: Checking NaNs in canopy
[ Info: Checking NaNs in hydraulics
[ Info: Checking NaNs in ϑ_l
[ Info: Checking NaNs in photosynthesis
[ Info: Checking NaNs in acclimated
[ Info: Checking NaNs in energy
[ Info: Checking NaNs in T
[ Info: Checking NaNs in snow
[ Info: Checking NaNs in S
[ Info: Checking NaNs in S_l
[ Info: Checking NaNs in U
[ Info: Checking NaNs in soil
[ Info: Checking NaNs in ϑ_l
[ Info: Checking NaNs in θ_i
[ Info: Checking NaNs in ρe_int
[ Info: Checking NaNs in ∫F_vol_liq_water_dt
[ Info: Checking NaNs in ∫F_e_dt
[ Info: Checking NaNs in soilco2
[ Info: Checking NaNs in CO2
[ Info: Checking NaNs in O2
[ Info: Checking NaNs in SOC
┌ Warning: IT-Lav: no ensemble diagnostics — _post_unc variables all fill
└ @ Main ~/ClimaLand.jl/experiments/callmip_phase1b/write_callmip_netcdf_phase1b.jl:149
[ Info: [IT-Lav Posterior] wrote /home/renatob/ClimaLand.jl/experiments/callmip_phase1b/output_deliverables/ClimaLand.v1_Phase1b_Scen1_IT-Lav_Cal_Posterior.nc
exit=0
