┌ Warning: 'pmodel_α' is being overwritten by '/tmp/jl_yrORojOji3.toml'
│ Current entry: float(0.028)
│ New entry: float(0.942249721553865)
└ @ ClimaParams ~/.julia/packages/ClimaParams/opM9x/src/ClimaParams.jl:331
┌ Warning: 'moisture_stress_c' is being overwritten by '/tmp/jl_yrORojOji3.toml'
│ Current entry: float(0.59)
│ New entry: float(0.6509121925593955)
└ @ ClimaParams ~/.julia/packages/ClimaParams/opM9x/src/ClimaParams.jl:331
┌ Warning: 'pmodel_β_c4' is being overwritten by '/tmp/jl_yrORojOji3.toml'
│ Current entry: float(5.36)
│ New entry: float(40.30710479839909)
└ @ ClimaParams ~/.julia/packages/ClimaParams/opM9x/src/ClimaParams.jl:331
┌ Warning: 'pmodel_cstar' is being overwritten by '/tmp/jl_yrORojOji3.toml'
│ Current entry: float(0.43)
│ New entry: float(0.35624807565040556)
└ @ ClimaParams ~/.julia/packages/ClimaParams/opM9x/src/ClimaParams.jl:331
┌ Warning: 'relative_contribution_factor' is being overwritten by '/tmp/jl_yrORojOji3.toml'
│ Current entry: float(0.3)
│ New entry: float(0.7179161666854514)
└ @ ClimaParams ~/.julia/packages/ClimaParams/opM9x/src/ClimaParams.jl:331
┌ Warning: 'soilCO2_activation_energy' is being overwritten by '/tmp/jl_yrORojOji3.toml'
│ Current entry: float(19800.0)
│ New entry: float(45437.01358778262)
└ @ ClimaParams ~/.julia/packages/ClimaParams/opM9x/src/ClimaParams.jl:331
┌ Warning: 'soilCO2_reference_rate' is being overwritten by '/tmp/jl_yrORojOji3.toml'
│ Current entry: float(3.34e-8)
│ New entry: float(7.889204219045531e-8)
└ @ ClimaParams ~/.julia/packages/ClimaParams/opM9x/src/ClimaParams.jl:331
┌ Warning: 'autotrophic_respiration_Rd_ref' is being overwritten by '/tmp/jl_yrORojOji3.toml'
│ Current entry: float(7.83e-7)
│ New entry: float(5.821776815592853e-7)
└ @ ClimaParams ~/.julia/packages/ClimaParams/opM9x/src/ClimaParams.jl:331
┌ Warning: 'pmodel_β_c3' is being overwritten by '/tmp/jl_yrORojOji3.toml'
│ Current entry: float(91.1)
│ New entry: float(21.474971942264904)
└ @ ClimaParams ~/.julia/packages/ClimaParams/opM9x/src/ClimaParams.jl:331
┌ Warning: 'michaelis_constant' is being overwritten by '/tmp/jl_yrORojOji3.toml'
│ Current entry: float(0.0416)
│ New entry: float(0.9591009070372216)
└ @ ClimaParams ~/.julia/packages/ClimaParams/opM9x/src/ClimaParams.jl:331
┌ Warning: 'O2_michaelis_constant' is being overwritten by '/tmp/jl_yrORojOji3.toml'
│ Current entry: float(0.00298)
│ New entry: float(0.0008194355140346706)
└ @ ClimaParams ~/.julia/packages/ClimaParams/opM9x/src/ClimaParams.jl:331
[ Info: [NL-Loo Posterior] spin-up 5 yr
┌ Info: Progress
│   simulation_time = "26 weeks, 12 hours"
│   n_steps_completed = 35040
│   wall_time_per_step = "0 seconds"
│   wall_time_total = "0 seconds"
│   wall_time_remaining = "0 seconds"
│   wall_time_spent = "0 seconds"
│   percent_complete = "10.0%"
│   estimated_sypd = "Inf"
│   instantaneous_sypd = "0.0 (sdpd_estimate = 0.009)"
│   date_now = 2026-08-25T15:16:12.665
└   estimated_finish_date = 2026-08-25T15:16:12.665
[ Info: Checking NaNs in canopy
[ Info: Checking NaNs in hydraulics
[ Info: Checking NaNs in ϑ_l
[ Info: Checking NaNs in photosynthesis
[ Info: Checking NaNs in acclimated
[ Info: Checking NaNs in energy
[ Info: Checking NaNs in T
[ Info: Checking NaNs in snow
[ Info: Checking NaNs in S
[ Info: Checking NaNs in S_l
[ Info: Checking NaNs in U
[ Info: Checking NaNs in soil
[ Info: Checking NaNs in ϑ_l
[ Info: Checking NaNs in θ_i
[ Info: Checking NaNs in ρe_int
[ Info: Checking NaNs in ∫F_vol_liq_water_dt
[ Info: Checking NaNs in ∫F_e_dt
[ Info: Checking NaNs in soilco2
[ Info: Checking NaNs in CO2
[ Info: Checking NaNs in O2
[ Info: Checking NaNs in SOC
┌ Info: Progress
│   simulation_time = "52 weeks, 1 day"
│   n_steps_completed = 70080
│   wall_time_per_step = "0 seconds"
│   wall_time_total = "0 seconds"
│   wall_time_remaining = "0 seconds"
│   wall_time_spent = "0 seconds"
│   percent_complete = "20.0%"
│   estimated_sypd = "Inf"
│   instantaneous_sypd = "1103.498"
│   date_now = 2026-08-25T15:16:51.747
└   estimated_finish_date = 2026-08-25T15:16:51.747
┌ Info: Progress
│   simulation_time = "78 weeks, 1 day"
│   n_steps_completed = 105120
│   wall_time_per_step = "1 millisecond, 94 microseconds"
│   wall_time_total = "6 minutes, 23 seconds"
│   wall_time_remaining = "4 minutes, 28 seconds"
│   wall_time_spent = "1 minute, 55 seconds"
│   percent_complete = "30.0%"
│   estimated_sypd = "1125.607"
│   instantaneous_sypd = "1125.607"
│   date_now = 2026-08-25T15:17:30.263
└   estimated_finish_date = 2026-08-25T15:21:59.263
[ Info: Checking NaNs in canopy
[ Info: Checking NaNs in hydraulics
[ Info: Checking NaNs in ϑ_l
[ Info: Checking NaNs in photosynthesis
[ Info: Checking NaNs in acclimated
[ Info: Checking NaNs in energy
[ Info: Checking NaNs in T
[ Info: Checking NaNs in snow
[ Info: Checking NaNs in S
[ Info: Checking NaNs in S_l
[ Info: Checking NaNs in U
[ Info: Checking NaNs in soil
[ Info: Checking NaNs in ϑ_l
[ Info: Checking NaNs in θ_i
[ Info: Checking NaNs in ρe_int
[ Info: Checking NaNs in ∫F_vol_liq_water_dt
[ Info: Checking NaNs in ∫F_e_dt
[ Info: Checking NaNs in soilco2
[ Info: Checking NaNs in CO2
[ Info: Checking NaNs in O2
[ Info: Checking NaNs in SOC
┌ Info: Progress
│   simulation_time = "104 weeks, 2 days"
│   n_steps_completed = 140160
│   wall_time_per_step = "1 millisecond, 97 microseconds"
│   wall_time_total = "6 minutes, 24 seconds"
│   wall_time_remaining = "3 minutes, 50 seconds"
│   wall_time_spent = "2 minutes, 33 seconds"
│   percent_complete = "40.0%"
│   estimated_sypd = "1123.027"
│   instantaneous_sypd = "1115.359"
│   date_now = 2026-08-25T15:18:08.771
└   estimated_finish_date = 2026-08-25T15:21:59.771
┌ Info: Progress
│   simulation_time = "130 weeks, 2 days"
│   n_steps_completed = 175200
│   wall_time_per_step = "1 millisecond, 95 microseconds"
│   wall_time_total = "6 minutes, 24 seconds"
│   wall_time_remaining = "3 minutes, 12 seconds"
│   wall_time_spent = "3 minutes, 12 seconds"
│   percent_complete = "50.0%"
│   estimated_sypd = "1124.172"
│   instantaneous_sypd = "1128.773"
│   date_now = 2026-08-25T15:18:47.016
└   estimated_finish_date = 2026-08-25T15:22:00.016
[ Info: Checking NaNs in canopy
[ Info: Checking NaNs in hydraulics
[ Info: Checking NaNs in ϑ_l
[ Info: Checking NaNs in photosynthesis
[ Info: Checking NaNs in acclimated
[ Info: Checking NaNs in energy
[ Info: Checking NaNs in T
[ Info: Checking NaNs in snow
[ Info: Checking NaNs in S
[ Info: Checking NaNs in S_l
[ Info: Checking NaNs in U
[ Info: Checking NaNs in soil
[ Info: Checking NaNs in ϑ_l
[ Info: Checking NaNs in θ_i
[ Info: Checking NaNs in ρe_int
[ Info: Checking NaNs in ∫F_vol_liq_water_dt
[ Info: Checking NaNs in ∫F_e_dt
[ Info: Checking NaNs in soilco2
[ Info: Checking NaNs in CO2
[ Info: Checking NaNs in O2
[ Info: Checking NaNs in SOC
┌ Info: Progress
│   simulation_time = "156 weeks, 3 days"
│   n_steps_completed = 210240
│   wall_time_per_step = "1 millisecond, 95 microseconds"
│   wall_time_total = "6 minutes, 23 seconds"
│   wall_time_remaining = "2 minutes, 33 seconds"
│   wall_time_spent = "3 minutes, 50 seconds"
│   percent_complete = "60.0%"
│   estimated_sypd = "1124.376"
│   instantaneous_sypd = "1125.401"
│   date_now = 2026-08-25T15:19:25.376
└   estimated_finish_date = 2026-08-25T15:21:59.376
┌ Info: Progress
│   simulation_time = "182 weeks, 3 days"
│   n_steps_completed = 245280
│   wall_time_per_step = "1 millisecond, 93 microseconds"
│   wall_time_total = "6 minutes, 23 seconds"
│   wall_time_remaining = "1 minute, 54 seconds"
│   wall_time_spent = "4 minutes, 28 seconds"
│   percent_complete = "70.0%"
│   estimated_sypd = "1126.402"
│   instantaneous_sypd = "1138.711"
│   date_now = 2026-08-25T15:20:03.288
└   estimated_finish_date = 2026-08-25T15:21:58.288
┌ Info: Progress
│   simulation_time = "208 weeks, 4 days"
│   n_steps_completed = 280320
│   wall_time_per_step = "1 millisecond, 91 microseconds"
│   wall_time_total = "6 minutes, 22 seconds"
│   wall_time_remaining = "1 minute, 16 seconds"
│   wall_time_spent = "5 minutes, 6 seconds"
│   percent_complete = "80.0%"
│   estimated_sypd = "1128.622"
│   instantaneous_sypd = "1144.409"
│   date_now = 2026-08-25T15:20:41.011
└   estimated_finish_date = 2026-08-25T15:21:58.011
[ Info: Checking NaNs in canopy
[ Info: Checking NaNs in hydraulics
[ Info: Checking NaNs in ϑ_l
[ Info: Checking NaNs in photosynthesis
[ Info: Checking NaNs in acclimated
[ Info: Checking NaNs in energy
[ Info: Checking NaNs in T
[ Info: Checking NaNs in snow
[ Info: Checking NaNs in S
[ Info: Checking NaNs in S_l
[ Info: Checking NaNs in U
[ Info: Checking NaNs in soil
[ Info: Checking NaNs in ϑ_l
[ Info: Checking NaNs in θ_i
[ Info: Checking NaNs in ρe_int
[ Info: Checking NaNs in ∫F_vol_liq_water_dt
[ Info: Checking NaNs in ∫F_e_dt
[ Info: Checking NaNs in soilco2
[ Info: Checking NaNs in CO2
[ Info: Checking NaNs in O2
[ Info: Checking NaNs in SOC
┌ Info: Progress
│   simulation_time = "234 weeks, 4 days"
│   n_steps_completed = 315360
│   wall_time_per_step = "1 millisecond, 89 microseconds"
│   wall_time_total = "6 minutes, 21 seconds"
│   wall_time_remaining = "38 seconds, 173 milliseconds"
│   wall_time_spent = "5 minutes, 43 seconds"
│   percent_complete = "90.0%"
│   estimated_sypd = "1130.887"
│   instantaneous_sypd = "1149.34"
│   date_now = 2026-08-25T15:21:18.572
└   estimated_finish_date = 2026-08-25T15:21:57.572
┌ Info: Progress
│   simulation_time = "260 weeks, 5 days"
│   n_steps_completed = 350400
│   wall_time_per_step = "1 millisecond, 86 microseconds"
│   wall_time_total = "6 minutes, 20 seconds"
│   wall_time_remaining = "0 seconds"
│   wall_time_spent = "6 minutes, 20 seconds"
│   percent_complete = "100.0%"
│   estimated_sypd = "1134.03"
│   instantaneous_sypd = "1163.126"
│   date_now = 2026-08-25T15:21:55.688
└   estimated_finish_date = 2026-08-25T15:21:55.688
[ Info: [NL-Loo Posterior] production run 1997–2013
[ Info: Checking NaNs in canopy
[ Info: Checking NaNs in hydraulics
[ Info: Checking NaNs in ϑ_l
[ Info: Checking NaNs in photosynthesis
[ Info: Checking NaNs in acclimated
[ Info: Checking NaNs in energy
[ Info: Checking NaNs in T
[ Info: Checking NaNs in snow
[ Info: Checking NaNs in S
[ Info: Checking NaNs in S_l
[ Info: Checking NaNs in U
[ Info: Checking NaNs in soil
[ Info: Checking NaNs in ϑ_l
[ Info: Checking NaNs in θ_i
[ Info: Checking NaNs in ρe_int
[ Info: Checking NaNs in ∫F_vol_liq_water_dt
[ Info: Checking NaNs in ∫F_e_dt
[ Info: Checking NaNs in soilco2
[ Info: Checking NaNs in CO2
[ Info: Checking NaNs in O2
[ Info: Checking NaNs in SOC
┌ Info: Progress
│   simulation_time = "88 weeks, 4 days"
│   n_steps_completed = 119194
│   wall_time_per_step = "0 seconds"
│   wall_time_total = "0 seconds"
│   wall_time_remaining = "0 seconds"
│   wall_time_spent = "0 seconds"
│   percent_complete = "10.0%"
│   estimated_sypd = "Inf"
│   instantaneous_sypd = "0.0 (sdpd_estimate = 0.03)"
│   date_now = 2026-08-25T15:26:43.103
└   estimated_finish_date = 2026-08-25T15:26:43.103
[ Info: Checking NaNs in canopy
[ Info: Checking NaNs in hydraulics
[ Info: Checking NaNs in ϑ_l
[ Info: Checking NaNs in photosynthesis
[ Info: Checking NaNs in acclimated
[ Info: Checking NaNs in energy
[ Info: Checking NaNs in T
[ Info: Checking NaNs in snow
[ Info: Checking NaNs in S
[ Info: Checking NaNs in S_l
[ Info: Checking NaNs in U
[ Info: Checking NaNs in soil
[ Info: Checking NaNs in ϑ_l
[ Info: Checking NaNs in θ_i
[ Info: Checking NaNs in ρe_int
[ Info: Checking NaNs in ∫F_vol_liq_water_dt
[ Info: Checking NaNs in ∫F_e_dt
[ Info: Checking NaNs in soilco2
[ Info: Checking NaNs in CO2
[ Info: Checking NaNs in O2
[ Info: Checking NaNs in SOC
[ Info: Checking NaNs in canopy
[ Info: Checking NaNs in hydraulics
[ Info: Checking NaNs in ϑ_l
[ Info: Checking NaNs in photosynthesis
[ Info: Checking NaNs in acclimated
[ Info: Checking NaNs in energy
[ Info: Checking NaNs in T
[ Info: Checking NaNs in snow
[ Info: Checking NaNs in S
[ Info: Checking NaNs in S_l
[ Info: Checking NaNs in U
[ Info: Checking NaNs in soil
[ Info: Checking NaNs in ϑ_l
[ Info: Checking NaNs in θ_i
[ Info: Checking NaNs in ρe_int
[ Info: Checking NaNs in ∫F_vol_liq_water_dt
[ Info: Checking NaNs in ∫F_e_dt
[ Info: Checking NaNs in soilco2
[ Info: Checking NaNs in CO2
[ Info: Checking NaNs in O2
[ Info: Checking NaNs in SOC
┌ Info: Progress
│   simulation_time = "177 weeks, 2 days"
│   n_steps_completed = 238388
│   wall_time_per_step = "0 seconds"
│   wall_time_total = "0 seconds"
│   wall_time_remaining = "0 seconds"
│   wall_time_spent = "0 seconds"
│   percent_complete = "20.0%"
│   estimated_sypd = "Inf"
│   instantaneous_sypd = "720.177"
│   date_now = 2026-08-25T15:30:07.013
└   estimated_finish_date = 2026-08-25T15:30:07.012
[ Info: Checking NaNs in canopy
[ Info: Checking NaNs in hydraulics
[ Info: Checking NaNs in ϑ_l
[ Info: Checking NaNs in photosynthesis
[ Info: Checking NaNs in acclimated
[ Info: Checking NaNs in energy
[ Info: Checking NaNs in T
[ Info: Checking NaNs in snow
[ Info: Checking NaNs in S
[ Info: Checking NaNs in S_l
[ Info: Checking NaNs in U
[ Info: Checking NaNs in soil
[ Info: Checking NaNs in ϑ_l
[ Info: Checking NaNs in θ_i
[ Info: Checking NaNs in ρe_int
[ Info: Checking NaNs in ∫F_vol_liq_water_dt
[ Info: Checking NaNs in ∫F_e_dt
[ Info: Checking NaNs in soilco2
[ Info: Checking NaNs in CO2
[ Info: Checking NaNs in O2
[ Info: Checking NaNs in SOC
[ Info: Checking NaNs in canopy
[ Info: Checking NaNs in hydraulics
[ Info: Checking NaNs in ϑ_l
[ Info: Checking NaNs in photosynthesis
[ Info: Checking NaNs in acclimated
[ Info: Checking NaNs in energy
[ Info: Checking NaNs in T
[ Info: Checking NaNs in snow
[ Info: Checking NaNs in S
[ Info: Checking NaNs in S_l
[ Info: Checking NaNs in U
[ Info: Checking NaNs in soil
[ Info: Checking NaNs in ϑ_l
[ Info: Checking NaNs in θ_i
[ Info: Checking NaNs in ρe_int
[ Info: Checking NaNs in ∫F_vol_liq_water_dt
[ Info: Checking NaNs in ∫F_e_dt
[ Info: Checking NaNs in soilco2
[ Info: Checking NaNs in CO2
[ Info: Checking NaNs in O2
[ Info: Checking NaNs in SOC
┌ Info: Progress
│   simulation_time = "266 weeks, 9 hours"
│   n_steps_completed = 357582
│   wall_time_per_step = "1 millisecond, 717 microseconds"
│   wall_time_total = "34 minutes, 7 seconds"
│   wall_time_remaining = "23 minutes, 53 seconds"
│   wall_time_spent = "10 minutes, 14 seconds"
│   percent_complete = "30.0%"
│   estimated_sypd = "717.242"
│   instantaneous_sypd = "717.242"
│   date_now = 2026-08-25T15:33:31.757
└   estimated_finish_date = 2026-08-25T15:57:25.757
[ Info: Checking NaNs in canopy
[ Info: Checking NaNs in hydraulics
[ Info: Checking NaNs in ϑ_l
[ Info: Checking NaNs in photosynthesis
[ Info: Checking NaNs in acclimated
[ Info: Checking NaNs in energy
[ Info: Checking NaNs in T
[ Info: Checking NaNs in snow
[ Info: Checking NaNs in S
[ Info: Checking NaNs in S_l
[ Info: Checking NaNs in U
[ Info: Checking NaNs in soil
[ Info: Checking NaNs in ϑ_l
[ Info: Checking NaNs in θ_i
[ Info: Checking NaNs in ρe_int
[ Info: Checking NaNs in ∫F_vol_liq_water_dt
[ Info: Checking NaNs in ∫F_e_dt
[ Info: Checking NaNs in soilco2
[ Info: Checking NaNs in CO2
[ Info: Checking NaNs in O2
[ Info: Checking NaNs in SOC
┌ Info: Progress
│   simulation_time = "354 weeks, 5 days"
│   n_steps_completed = 476776
│   wall_time_per_step = "1 millisecond, 711 microseconds"
│   wall_time_total = "34 minutes, 467 milliseconds"
│   wall_time_remaining = "20 minutes, 24 seconds"
│   wall_time_spent = "13 minutes, 36 seconds"
│   percent_complete = "40.0%"
│   estimated_sypd = "719.69"
│   instantaneous_sypd = "727.136"
│   date_now = 2026-08-25T15:36:53.715
└   estimated_finish_date = 2026-08-25T15:57:18.715
[ Info: Checking NaNs in canopy
[ Info: Checking NaNs in hydraulics
[ Info: Checking NaNs in ϑ_l
[ Info: Checking NaNs in photosynthesis
[ Info: Checking NaNs in acclimated
[ Info: Checking NaNs in energy
[ Info: Checking NaNs in T
[ Info: Checking NaNs in snow
[ Info: Checking NaNs in S
[ Info: Checking NaNs in S_l
[ Info: Checking NaNs in U
[ Info: Checking NaNs in soil
[ Info: Checking NaNs in ϑ_l
[ Info: Checking NaNs in θ_i
[ Info: Checking NaNs in ρe_int
[ Info: Checking NaNs in ∫F_vol_liq_water_dt
[ Info: Checking NaNs in ∫F_e_dt
[ Info: Checking NaNs in soilco2
[ Info: Checking NaNs in CO2
[ Info: Checking NaNs in O2
[ Info: Checking NaNs in SOC
[ Info: Checking NaNs in canopy
[ Info: Checking NaNs in hydraulics
[ Info: Checking NaNs in ϑ_l
[ Info: Checking NaNs in photosynthesis
[ Info: Checking NaNs in acclimated
[ Info: Checking NaNs in energy
[ Info: Checking NaNs in T
[ Info: Checking NaNs in snow
[ Info: Checking NaNs in S
[ Info: Checking NaNs in S_l
[ Info: Checking NaNs in U
[ Info: Checking NaNs in soil
[ Info: Checking NaNs in ϑ_l
[ Info: Checking NaNs in θ_i
[ Info: Checking NaNs in ρe_int
[ Info: Checking NaNs in ∫F_vol_liq_water_dt
[ Info: Checking NaNs in ∫F_e_dt
[ Info: Checking NaNs in soilco2
[ Info: Checking NaNs in CO2
[ Info: Checking NaNs in O2
[ Info: Checking NaNs in SOC
┌ Info: Progress
│   simulation_time = "443 weeks, 3 days"
│   n_steps_completed = 595970
│   wall_time_per_step = "1 millisecond, 686 microseconds"
│   wall_time_total = "33 minutes, 30 seconds"
│   wall_time_remaining = "16 minutes, 45 seconds"
│   wall_time_spent = "16 minutes, 45 seconds"
│   percent_complete = "50.0%"
│   estimated_sypd = "730.39"
│   instantaneous_sypd = "776.571"
│   date_now = 2026-08-25T15:40:02.817
└   estimated_finish_date = 2026-08-25T15:56:48.817
[ Info: Checking NaNs in canopy
[ Info: Checking NaNs in hydraulics
[ Info: Checking NaNs in ϑ_l
[ Info: Checking NaNs in photosynthesis
[ Info: Checking NaNs in acclimated
[ Info: Checking NaNs in energy
[ Info: Checking NaNs in T
[ Info: Checking NaNs in snow
[ Info: Checking NaNs in S
[ Info: Checking NaNs in S_l
[ Info: Checking NaNs in U
[ Info: Checking NaNs in soil
[ Info: Checking NaNs in ϑ_l
[ Info: Checking NaNs in θ_i
[ Info: Checking NaNs in ρe_int
[ Info: Checking NaNs in ∫F_vol_liq_water_dt
[ Info: Checking NaNs in ∫F_e_dt
[ Info: Checking NaNs in soilco2
[ Info: Checking NaNs in CO2
[ Info: Checking NaNs in O2
[ Info: Checking NaNs in SOC
[ Info: Checking NaNs in canopy
[ Info: Checking NaNs in hydraulics
[ Info: Checking NaNs in ϑ_l
[ Info: Checking NaNs in photosynthesis
[ Info: Checking NaNs in acclimated
[ Info: Checking NaNs in energy
[ Info: Checking NaNs in T
[ Info: Checking NaNs in snow
[ Info: Checking NaNs in S
[ Info: Checking NaNs in S_l
[ Info: Checking NaNs in U
[ Info: Checking NaNs in soil
[ Info: Checking NaNs in ϑ_l
[ Info: Checking NaNs in θ_i
[ Info: Checking NaNs in ρe_int
[ Info: Checking NaNs in ∫F_vol_liq_water_dt
[ Info: Checking NaNs in ∫F_e_dt
[ Info: Checking NaNs in soilco2
[ Info: Checking NaNs in CO2
[ Info: Checking NaNs in O2
[ Info: Checking NaNs in SOC
┌ Info: Progress
│   simulation_time = "532 weeks, 19 hours"
│   n_steps_completed = 715164
│   wall_time_per_step = "1 millisecond, 667 microseconds"
│   wall_time_total = "33 minutes, 7 seconds"
│   wall_time_remaining = "13 minutes, 15 seconds"
│   wall_time_spent = "19 minutes, 52 seconds"
│   percent_complete = "60.0%"
│   estimated_sypd = "738.866"
│   instantaneous_sypd = "784.379"
│   date_now = 2026-08-25T15:43:10.036
└   estimated_finish_date = 2026-08-25T15:56:26.036
[ Info: Checking NaNs in canopy
[ Info: Checking NaNs in hydraulics
[ Info: Checking NaNs in ϑ_l
[ Info: Checking NaNs in photosynthesis
[ Info: Checking NaNs in acclimated
[ Info: Checking NaNs in energy
[ Info: Checking NaNs in T
[ Info: Checking NaNs in snow
[ Info: Checking NaNs in S
[ Info: Checking NaNs in S_l
[ Info: Checking NaNs in U
[ Info: Checking NaNs in soil
[ Info: Checking NaNs in ϑ_l
[ Info: Checking NaNs in θ_i
[ Info: Checking NaNs in ρe_int
[ Info: Checking NaNs in ∫F_vol_liq_water_dt
[ Info: Checking NaNs in ∫F_e_dt
[ Info: Checking NaNs in soilco2
[ Info: Checking NaNs in CO2
[ Info: Checking NaNs in O2
[ Info: Checking NaNs in SOC
┌ Info: Progress
│   simulation_time = "620 weeks, 5 days"
│   n_steps_completed = 834358
│   wall_time_per_step = "1 millisecond, 636 microseconds"
│   wall_time_total = "32 minutes, 30 seconds"
│   wall_time_remaining = "9 minutes, 45 seconds"
│   wall_time_spent = "22 minutes, 45 seconds"
│   percent_complete = "70.0%"
│   estimated_sypd = "752.958"
│   instantaneous_sypd = "850.254"
│   date_now = 2026-08-25T15:46:02.750
└   estimated_finish_date = 2026-08-25T15:55:48.750
[ Info: Checking NaNs in canopy
[ Info: Checking NaNs in hydraulics
[ Info: Checking NaNs in ϑ_l
[ Info: Checking NaNs in photosynthesis
[ Info: Checking NaNs in acclimated
[ Info: Checking NaNs in energy
[ Info: Checking NaNs in T
[ Info: Checking NaNs in snow
[ Info: Checking NaNs in S
[ Info: Checking NaNs in S_l
[ Info: Checking NaNs in U
[ Info: Checking NaNs in soil
[ Info: Checking NaNs in ϑ_l
[ Info: Checking NaNs in θ_i
[ Info: Checking NaNs in ρe_int
[ Info: Checking NaNs in ∫F_vol_liq_water_dt
[ Info: Checking NaNs in ∫F_e_dt
[ Info: Checking NaNs in soilco2
[ Info: Checking NaNs in CO2
[ Info: Checking NaNs in O2
[ Info: Checking NaNs in SOC
[ Info: Checking NaNs in canopy
[ Info: Checking NaNs in hydraulics
[ Info: Checking NaNs in ϑ_l
[ Info: Checking NaNs in photosynthesis
[ Info: Checking NaNs in acclimated
[ Info: Checking NaNs in energy
[ Info: Checking NaNs in T
[ Info: Checking NaNs in snow
[ Info: Checking NaNs in S
[ Info: Checking NaNs in S_l
[ Info: Checking NaNs in U
[ Info: Checking NaNs in soil
[ Info: Checking NaNs in ϑ_l
[ Info: Checking NaNs in θ_i
[ Info: Checking NaNs in ρe_int
[ Info: Checking NaNs in ∫F_vol_liq_water_dt
[ Info: Checking NaNs in ∫F_e_dt
[ Info: Checking NaNs in soilco2
[ Info: Checking NaNs in CO2
[ Info: Checking NaNs in O2
[ Info: Checking NaNs in SOC
┌ Info: Progress
│   simulation_time = "709 weeks, 3 days"
│   n_steps_completed = 953552
│   wall_time_per_step = "1 millisecond, 600 microseconds"
│   wall_time_total = "31 minutes, 47 seconds"
│   wall_time_remaining = "6 minutes, 21 seconds"
│   wall_time_spent = "25 minutes, 26 seconds"
│   percent_complete = "80.0%"
│   estimated_sypd = "769.859"
│   instantaneous_sypd = "913.37"
│   date_now = 2026-08-25T15:48:43.529
└   estimated_finish_date = 2026-08-25T15:55:05.529
[ Info: Checking NaNs in canopy
[ Info: Checking NaNs in hydraulics
[ Info: Checking NaNs in ϑ_l
[ Info: Checking NaNs in photosynthesis
[ Info: Checking NaNs in acclimated
[ Info: Checking NaNs in energy
[ Info: Checking NaNs in T
[ Info: Checking NaNs in snow
[ Info: Checking NaNs in S
[ Info: Checking NaNs in S_l
[ Info: Checking NaNs in U
[ Info: Checking NaNs in soil
[ Info: Checking NaNs in ϑ_l
[ Info: Checking NaNs in θ_i
[ Info: Checking NaNs in ρe_int
[ Info: Checking NaNs in ∫F_vol_liq_water_dt
[ Info: Checking NaNs in ∫F_e_dt
[ Info: Checking NaNs in soilco2
[ Info: Checking NaNs in CO2
[ Info: Checking NaNs in O2
[ Info: Checking NaNs in SOC
[ Info: Checking NaNs in canopy
[ Info: Checking NaNs in hydraulics
[ Info: Checking NaNs in ϑ_l
[ Info: Checking NaNs in photosynthesis
[ Info: Checking NaNs in acclimated
[ Info: Checking NaNs in energy
[ Info: Checking NaNs in T
[ Info: Checking NaNs in snow
[ Info: Checking NaNs in S
[ Info: Checking NaNs in S_l
[ Info: Checking NaNs in U
[ Info: Checking NaNs in soil
[ Info: Checking NaNs in ϑ_l
[ Info: Checking NaNs in θ_i
[ Info: Checking NaNs in ρe_int
[ Info: Checking NaNs in ∫F_vol_liq_water_dt
[ Info: Checking NaNs in ∫F_e_dt
[ Info: Checking NaNs in soilco2
[ Info: Checking NaNs in CO2
[ Info: Checking NaNs in O2
[ Info: Checking NaNs in SOC
┌ Info: Progress
│   simulation_time = "798 weeks, 1 day"
│   n_steps_completed = 1072746
│   wall_time_per_step = "1 millisecond, 571 microseconds"
│   wall_time_total = "31 minutes, 12 seconds"
│   wall_time_remaining = "3 minutes, 7 seconds"
│   wall_time_spent = "28 minutes, 5 seconds"
│   percent_complete = "90.0%"
│   estimated_sypd = "784.076"
│   instantaneous_sypd = "920.001"
│   date_now = 2026-08-25T15:51:23.149
└   estimated_finish_date = 2026-08-25T15:54:31.149
[ Info: Checking NaNs in canopy
[ Info: Checking NaNs in hydraulics
[ Info: Checking NaNs in ϑ_l
[ Info: Checking NaNs in photosynthesis
[ Info: Checking NaNs in acclimated
[ Info: Checking NaNs in energy
[ Info: Checking NaNs in T
[ Info: Checking NaNs in snow
[ Info: Checking NaNs in S
[ Info: Checking NaNs in S_l
[ Info: Checking NaNs in U
[ Info: Checking NaNs in soil
[ Info: Checking NaNs in ϑ_l
[ Info: Checking NaNs in θ_i
[ Info: Checking NaNs in ρe_int
[ Info: Checking NaNs in ∫F_vol_liq_water_dt
[ Info: Checking NaNs in ∫F_e_dt
[ Info: Checking NaNs in soilco2
[ Info: Checking NaNs in CO2
[ Info: Checking NaNs in O2
[ Info: Checking NaNs in SOC
┌ Warning: NL-Loo: no ensemble diagnostics — _post_unc variables all fill
└ @ Main ~/ClimaLand.jl/experiments/callmip_phase1b/write_callmip_netcdf_phase1b.jl:149
[ Info: [NL-Loo Posterior] wrote /home/renatob/ClimaLand.jl/experiments/callmip_phase1b/output_deliverables/ClimaLand.v1_Phase1b_Scen1_NL-Loo_Cal_Posterior.nc
exit=0
