[ Info: [US-NR1 Prior] spin-up 5 yr
┌ Info: Progress
│   simulation_time = "26 weeks, 12 hours"
│   n_steps_completed = 35040
│   wall_time_per_step = "0 seconds"
│   wall_time_total = "0 seconds"
│   wall_time_remaining = "0 seconds"
│   wall_time_spent = "0 seconds"
│   percent_complete = "10.0%"
│   estimated_sypd = "Inf"
│   instantaneous_sypd = "0.0 (sdpd_estimate = 0.009)"
│   date_now = 2026-08-25T13:46:30.733
└   estimated_finish_date = 2026-08-25T13:46:30.733
[ Info: Checking NaNs in canopy
[ Info: Checking NaNs in hydraulics
[ Info: Checking NaNs in ϑ_l
[ Info: Checking NaNs in photosynthesis
[ Info: Checking NaNs in acclimated
[ Info: Checking NaNs in energy
[ Info: Checking NaNs in T
[ Info: Checking NaNs in snow
[ Info: Checking NaNs in S
[ Info: Checking NaNs in S_l
[ Info: Checking NaNs in U
[ Info: Checking NaNs in soil
[ Info: Checking NaNs in ϑ_l
[ Info: Checking NaNs in θ_i
[ Info: Checking NaNs in ρe_int
[ Info: Checking NaNs in ∫F_vol_liq_water_dt
[ Info: Checking NaNs in ∫F_e_dt
[ Info: Checking NaNs in soilco2
[ Info: Checking NaNs in CO2
[ Info: Checking NaNs in O2
[ Info: Checking NaNs in SOC
┌ Info: Progress
│   simulation_time = "52 weeks, 1 day"
│   n_steps_completed = 70080
│   wall_time_per_step = "0 seconds"
│   wall_time_total = "0 seconds"
│   wall_time_remaining = "0 seconds"
│   wall_time_spent = "0 seconds"
│   percent_complete = "20.0%"
│   estimated_sypd = "Inf"
│   instantaneous_sypd = "951.22"
│   date_now = 2026-08-25T13:47:16.063
└   estimated_finish_date = 2026-08-25T13:47:16.063
┌ Info: Progress
│   simulation_time = "78 weeks, 1 day"
│   n_steps_completed = 105120
│   wall_time_per_step = "1 millisecond, 163 microseconds"
│   wall_time_total = "6 minutes, 47 seconds"
│   wall_time_remaining = "4 minutes, 45 seconds"
│   wall_time_spent = "2 minutes, 2 seconds"
│   percent_complete = "30.0%"
│   estimated_sypd = "1058.45"
│   instantaneous_sypd = "1058.45"
│   date_now = 2026-08-25T13:47:57.010
└   estimated_finish_date = 2026-08-25T13:52:43.010
┌ Info: Progress
│   simulation_time = "104 weeks, 2 days"
│   n_steps_completed = 140160
│   wall_time_per_step = "1 millisecond, 171 microseconds"
│   wall_time_total = "6 minutes, 50 seconds"
│   wall_time_remaining = "4 minutes, 6 seconds"
│   wall_time_spent = "2 minutes, 44 seconds"
│   percent_complete = "40.0%"
│   estimated_sypd = "1051.244"
│   instantaneous_sypd = "1030.204"
│   date_now = 2026-08-25T13:48:38.715
└   estimated_finish_date = 2026-08-25T13:52:45.715
[ Info: Checking NaNs in canopy
[ Info: Checking NaNs in hydraulics
[ Info: Checking NaNs in ϑ_l
[ Info: Checking NaNs in photosynthesis
[ Info: Checking NaNs in acclimated
[ Info: Checking NaNs in energy
[ Info: Checking NaNs in T
[ Info: Checking NaNs in snow
[ Info: Checking NaNs in S
[ Info: Checking NaNs in S_l
[ Info: Checking NaNs in U
[ Info: Checking NaNs in soil
[ Info: Checking NaNs in ϑ_l
[ Info: Checking NaNs in θ_i
[ Info: Checking NaNs in ρe_int
[ Info: Checking NaNs in ∫F_vol_liq_water_dt
[ Info: Checking NaNs in ∫F_e_dt
[ Info: Checking NaNs in soilco2
[ Info: Checking NaNs in CO2
[ Info: Checking NaNs in O2
[ Info: Checking NaNs in SOC
┌ Info: Progress
│   simulation_time = "130 weeks, 2 days"
│   n_steps_completed = 175200
│   wall_time_per_step = "1 millisecond, 180 microseconds"
│   wall_time_total = "6 minutes, 53 seconds"
│   wall_time_remaining = "3 minutes, 26 seconds"
│   wall_time_spent = "3 minutes, 26 seconds"
│   percent_complete = "50.0%"
│   estimated_sypd = "1043.997"
│   instantaneous_sypd = "1015.983"
│   date_now = 2026-08-25T13:49:21.206
└   estimated_finish_date = 2026-08-25T13:52:48.206
┌ Info: Progress
│   simulation_time = "156 weeks, 3 days"
│   n_steps_completed = 210240
│   wall_time_per_step = "1 millisecond, 185 microseconds"
│   wall_time_total = "6 minutes, 55 seconds"
│   wall_time_remaining = "2 minutes, 46 seconds"
│   wall_time_spent = "4 minutes, 9 seconds"
│   percent_complete = "60.0%"
│   estimated_sypd = "1039.123"
│   instantaneous_sypd = "1015.42"
│   date_now = 2026-08-25T13:50:03.721
└   estimated_finish_date = 2026-08-25T13:52:50.721
[ Info: Checking NaNs in canopy
[ Info: Checking NaNs in hydraulics
[ Info: Checking NaNs in ϑ_l
[ Info: Checking NaNs in photosynthesis
[ Info: Checking NaNs in acclimated
[ Info: Checking NaNs in energy
[ Info: Checking NaNs in T
[ Info: Checking NaNs in snow
[ Info: Checking NaNs in S
[ Info: Checking NaNs in S_l
[ Info: Checking NaNs in U
[ Info: Checking NaNs in soil
[ Info: Checking NaNs in ϑ_l
[ Info: Checking NaNs in θ_i
[ Info: Checking NaNs in ρe_int
[ Info: Checking NaNs in ∫F_vol_liq_water_dt
[ Info: Checking NaNs in ∫F_e_dt
[ Info: Checking NaNs in soilco2
[ Info: Checking NaNs in CO2
[ Info: Checking NaNs in O2
[ Info: Checking NaNs in SOC
┌ Info: Progress
│   simulation_time = "182 weeks, 3 days"
│   n_steps_completed = 245280
│   wall_time_per_step = "1 millisecond, 190 microseconds"
│   wall_time_total = "6 minutes, 56 seconds"
│   wall_time_remaining = "2 minutes, 5 seconds"
│   wall_time_spent = "4 minutes, 51 seconds"
│   percent_complete = "70.0%"
│   estimated_sypd = "1035.295"
│   instantaneous_sypd = "1012.902"
│   date_now = 2026-08-25T13:50:46.342
└   estimated_finish_date = 2026-08-25T13:52:52.342
┌ Info: Progress
│   simulation_time = "208 weeks, 4 days"
│   n_steps_completed = 280320
│   wall_time_per_step = "1 millisecond, 193 microseconds"
│   wall_time_total = "6 minutes, 58 seconds"
│   wall_time_remaining = "1 minute, 23 seconds"
│   wall_time_spent = "5 minutes, 34 seconds"
│   percent_complete = "80.0%"
│   estimated_sypd = "1032.346"
│   instantaneous_sypd = "1012.164"
│   date_now = 2026-08-25T13:51:28.993
└   estimated_finish_date = 2026-08-25T13:52:52.993
[ Info: Checking NaNs in canopy
[ Info: Checking NaNs in hydraulics
[ Info: Checking NaNs in ϑ_l
[ Info: Checking NaNs in photosynthesis
[ Info: Checking NaNs in acclimated
[ Info: Checking NaNs in energy
[ Info: Checking NaNs in T
[ Info: Checking NaNs in snow
[ Info: Checking NaNs in S
[ Info: Checking NaNs in S_l
[ Info: Checking NaNs in U
[ Info: Checking NaNs in soil
[ Info: Checking NaNs in ϑ_l
[ Info: Checking NaNs in θ_i
[ Info: Checking NaNs in ρe_int
[ Info: Checking NaNs in ∫F_vol_liq_water_dt
[ Info: Checking NaNs in ∫F_e_dt
[ Info: Checking NaNs in soilco2
[ Info: Checking NaNs in CO2
[ Info: Checking NaNs in O2
[ Info: Checking NaNs in SOC
┌ Info: Progress
│   simulation_time = "234 weeks, 4 days"
│   n_steps_completed = 315360
│   wall_time_per_step = "1 millisecond, 195 microseconds"
│   wall_time_total = "6 minutes, 59 seconds"
│   wall_time_remaining = "41 seconds, 903 milliseconds"
│   wall_time_spent = "6 minutes, 17 seconds"
│   percent_complete = "90.0%"
│   estimated_sypd = "1030.23"
│   instantaneous_sypd = "1013.609"
│   date_now = 2026-08-25T13:52:11.584
└   estimated_finish_date = 2026-08-25T13:52:53.584
┌ Info: Progress
│   simulation_time = "260 weeks, 5 days"
│   n_steps_completed = 350400
│   wall_time_per_step = "1 millisecond, 197 microseconds"
│   wall_time_total = "6 minutes, 59 seconds"
│   wall_time_remaining = "0 seconds"
│   wall_time_spent = "6 minutes, 59 seconds"
│   percent_complete = "100.0%"
│   estimated_sypd = "1028.896"
│   instantaneous_sypd = "1017.048"
│   date_now = 2026-08-25T13:52:54.031
└   estimated_finish_date = 2026-08-25T13:52:54.031
[ Info: [US-NR1 Prior] production run 1999–2014
[ Info: Checking NaNs in canopy
[ Info: Checking NaNs in hydraulics
[ Info: Checking NaNs in ϑ_l
[ Info: Checking NaNs in photosynthesis
[ Info: Checking NaNs in acclimated
[ Info: Checking NaNs in energy
[ Info: Checking NaNs in T
[ Info: Checking NaNs in snow
[ Info: Checking NaNs in S
[ Info: Checking NaNs in S_l
[ Info: Checking NaNs in U
[ Info: Checking NaNs in soil
[ Info: Checking NaNs in ϑ_l
[ Info: Checking NaNs in θ_i
[ Info: Checking NaNs in ρe_int
[ Info: Checking NaNs in ∫F_vol_liq_water_dt
[ Info: Checking NaNs in ∫F_e_dt
[ Info: Checking NaNs in soilco2
[ Info: Checking NaNs in CO2
[ Info: Checking NaNs in O2
[ Info: Checking NaNs in SOC
┌ Info: Progress
│   simulation_time = "83 weeks, 3 days"
│   n_steps_completed = 112186
│   wall_time_per_step = "0 seconds"
│   wall_time_total = "0 seconds"
│   wall_time_remaining = "0 seconds"
│   wall_time_spent = "0 seconds"
│   percent_complete = "10.0%"
│   estimated_sypd = "Inf"
│   instantaneous_sypd = "0.0 (sdpd_estimate = 0.028)"
│   date_now = 2026-08-25T13:58:08.262
└   estimated_finish_date = 2026-08-25T13:58:08.262
[ Info: Checking NaNs in canopy
[ Info: Checking NaNs in hydraulics
[ Info: Checking NaNs in ϑ_l
[ Info: Checking NaNs in photosynthesis
[ Info: Checking NaNs in acclimated
[ Info: Checking NaNs in energy
[ Info: Checking NaNs in T
[ Info: Checking NaNs in snow
[ Info: Checking NaNs in S
[ Info: Checking NaNs in S_l
[ Info: Checking NaNs in U
[ Info: Checking NaNs in soil
[ Info: Checking NaNs in ϑ_l
[ Info: Checking NaNs in θ_i
[ Info: Checking NaNs in ρe_int
[ Info: Checking NaNs in ∫F_vol_liq_water_dt
[ Info: Checking NaNs in ∫F_e_dt
[ Info: Checking NaNs in soilco2
[ Info: Checking NaNs in CO2
[ Info: Checking NaNs in O2
[ Info: Checking NaNs in SOC
[ Info: Checking NaNs in canopy
[ Info: Checking NaNs in hydraulics
[ Info: Checking NaNs in ϑ_l
[ Info: Checking NaNs in photosynthesis
[ Info: Checking NaNs in acclimated
[ Info: Checking NaNs in energy
[ Info: Checking NaNs in T
[ Info: Checking NaNs in snow
[ Info: Checking NaNs in S
[ Info: Checking NaNs in S_l
[ Info: Checking NaNs in U
[ Info: Checking NaNs in soil
[ Info: Checking NaNs in ϑ_l
[ Info: Checking NaNs in θ_i
[ Info: Checking NaNs in ρe_int
[ Info: Checking NaNs in ∫F_vol_liq_water_dt
[ Info: Checking NaNs in ∫F_e_dt
[ Info: Checking NaNs in soilco2
[ Info: Checking NaNs in CO2
[ Info: Checking NaNs in O2
[ Info: Checking NaNs in SOC
┌ Info: Progress
│   simulation_time = "166 weeks, 6 days"
│   n_steps_completed = 224372
│   wall_time_per_step = "0 seconds"
│   wall_time_total = "0 seconds"
│   wall_time_remaining = "0 seconds"
│   wall_time_spent = "0 seconds"
│   percent_complete = "20.0%"
│   estimated_sypd = "Inf"
│   instantaneous_sypd = "630.859"
│   date_now = 2026-08-25T14:01:47.355
└   estimated_finish_date = 2026-08-25T14:01:47.355
[ Info: Checking NaNs in canopy
[ Info: Checking NaNs in hydraulics
[ Info: Checking NaNs in ϑ_l
[ Info: Checking NaNs in photosynthesis
[ Info: Checking NaNs in acclimated
[ Info: Checking NaNs in energy
[ Info: Checking NaNs in T
[ Info: Checking NaNs in snow
[ Info: Checking NaNs in S
[ Info: Checking NaNs in S_l
[ Info: Checking NaNs in U
[ Info: Checking NaNs in soil
[ Info: Checking NaNs in ϑ_l
[ Info: Checking NaNs in θ_i
[ Info: Checking NaNs in ρe_int
[ Info: Checking NaNs in ∫F_vol_liq_water_dt
[ Info: Checking NaNs in ∫F_e_dt
[ Info: Checking NaNs in soilco2
[ Info: Checking NaNs in CO2
[ Info: Checking NaNs in O2
[ Info: Checking NaNs in SOC
┌ Info: Progress
│   simulation_time = "250 weeks, 2 days"
│   n_steps_completed = 336558
│   wall_time_per_step = "1 millisecond, 903 microseconds"
│   wall_time_total = "35 minutes, 35 seconds"
│   wall_time_remaining = "24 minutes, 54 seconds"
│   wall_time_spent = "10 minutes, 40 seconds"
│   percent_complete = "30.0%"
│   estimated_sypd = "647.322"
│   instantaneous_sypd = "647.322"
│   date_now = 2026-08-25T14:05:20.876
└   estimated_finish_date = 2026-08-25T14:30:15.876
[ Info: Checking NaNs in canopy
[ Info: Checking NaNs in hydraulics
[ Info: Checking NaNs in ϑ_l
[ Info: Checking NaNs in photosynthesis
[ Info: Checking NaNs in acclimated
[ Info: Checking NaNs in energy
[ Info: Checking NaNs in T
[ Info: Checking NaNs in snow
[ Info: Checking NaNs in S
[ Info: Checking NaNs in S_l
[ Info: Checking NaNs in U
[ Info: Checking NaNs in soil
[ Info: Checking NaNs in ϑ_l
[ Info: Checking NaNs in θ_i
[ Info: Checking NaNs in ρe_int
[ Info: Checking NaNs in ∫F_vol_liq_water_dt
[ Info: Checking NaNs in ∫F_e_dt
[ Info: Checking NaNs in soilco2
[ Info: Checking NaNs in CO2
[ Info: Checking NaNs in O2
[ Info: Checking NaNs in SOC
[ Info: Checking NaNs in canopy
[ Info: Checking NaNs in hydraulics
[ Info: Checking NaNs in ϑ_l
[ Info: Checking NaNs in photosynthesis
[ Info: Checking NaNs in acclimated
[ Info: Checking NaNs in energy
[ Info: Checking NaNs in T
[ Info: Checking NaNs in snow
[ Info: Checking NaNs in S
[ Info: Checking NaNs in S_l
[ Info: Checking NaNs in U
[ Info: Checking NaNs in soil
[ Info: Checking NaNs in ϑ_l
[ Info: Checking NaNs in θ_i
[ Info: Checking NaNs in ρe_int
[ Info: Checking NaNs in ∫F_vol_liq_water_dt
[ Info: Checking NaNs in ∫F_e_dt
[ Info: Checking NaNs in soilco2
[ Info: Checking NaNs in CO2
[ Info: Checking NaNs in O2
[ Info: Checking NaNs in SOC
┌ Info: Progress
│   simulation_time = "333 weeks, 6 days"
│   n_steps_completed = 448744
│   wall_time_per_step = "1 millisecond, 926 microseconds"
│   wall_time_total = "36 minutes, 1 second"
│   wall_time_remaining = "21 minutes, 36 seconds"
│   wall_time_spent = "14 minutes, 24 seconds"
│   percent_complete = "40.0%"
│   estimated_sypd = "639.405"
│   instantaneous_sypd = "616.774"
│   date_now = 2026-08-25T14:09:04.972
└   estimated_finish_date = 2026-08-25T14:30:41.972
[ Info: Checking NaNs in canopy
[ Info: Checking NaNs in hydraulics
[ Info: Checking NaNs in ϑ_l
[ Info: Checking NaNs in photosynthesis
[ Info: Checking NaNs in acclimated
[ Info: Checking NaNs in energy
[ Info: Checking NaNs in T
[ Info: Checking NaNs in snow
[ Info: Checking NaNs in S
[ Info: Checking NaNs in S_l
[ Info: Checking NaNs in U
[ Info: Checking NaNs in soil
[ Info: Checking NaNs in ϑ_l
[ Info: Checking NaNs in θ_i
[ Info: Checking NaNs in ρe_int
[ Info: Checking NaNs in ∫F_vol_liq_water_dt
[ Info: Checking NaNs in ∫F_e_dt
[ Info: Checking NaNs in soilco2
[ Info: Checking NaNs in CO2
[ Info: Checking NaNs in O2
[ Info: Checking NaNs in SOC
┌ Info: Progress
│   simulation_time = "417 weeks, 2 days"
│   n_steps_completed = 560930
│   wall_time_per_step = "1 millisecond, 934 microseconds"
│   wall_time_total = "36 minutes, 10 seconds"
│   wall_time_remaining = "18 minutes, 5 seconds"
│   wall_time_spent = "18 minutes, 5 seconds"
│   percent_complete = "50.0%"
│   estimated_sypd = "636.729"
│   instantaneous_sypd = "626.247"
│   date_now = 2026-08-25T14:12:45.679
└   estimated_finish_date = 2026-08-25T14:30:51.678
[ Info: Checking NaNs in canopy
[ Info: Checking NaNs in hydraulics
[ Info: Checking NaNs in ϑ_l
[ Info: Checking NaNs in photosynthesis
[ Info: Checking NaNs in acclimated
[ Info: Checking NaNs in energy
[ Info: Checking NaNs in T
[ Info: Checking NaNs in snow
[ Info: Checking NaNs in S
[ Info: Checking NaNs in S_l
[ Info: Checking NaNs in U
[ Info: Checking NaNs in soil
[ Info: Checking NaNs in ϑ_l
[ Info: Checking NaNs in θ_i
[ Info: Checking NaNs in ρe_int
[ Info: Checking NaNs in ∫F_vol_liq_water_dt
[ Info: Checking NaNs in ∫F_e_dt
[ Info: Checking NaNs in soilco2
[ Info: Checking NaNs in CO2
[ Info: Checking NaNs in O2
[ Info: Checking NaNs in SOC
[ Info: Checking NaNs in canopy
[ Info: Checking NaNs in hydraulics
[ Info: Checking NaNs in ϑ_l
[ Info: Checking NaNs in photosynthesis
[ Info: Checking NaNs in acclimated
[ Info: Checking NaNs in energy
[ Info: Checking NaNs in T
[ Info: Checking NaNs in snow
[ Info: Checking NaNs in S
[ Info: Checking NaNs in S_l
[ Info: Checking NaNs in U
[ Info: Checking NaNs in soil
[ Info: Checking NaNs in ϑ_l
[ Info: Checking NaNs in θ_i
[ Info: Checking NaNs in ρe_int
[ Info: Checking NaNs in ∫F_vol_liq_water_dt
[ Info: Checking NaNs in ∫F_e_dt
[ Info: Checking NaNs in soilco2
[ Info: Checking NaNs in CO2
[ Info: Checking NaNs in O2
[ Info: Checking NaNs in SOC
┌ Info: Progress
│   simulation_time = "500 weeks, 5 days"
│   n_steps_completed = 673116
│   wall_time_per_step = "1 millisecond, 924 microseconds"
│   wall_time_total = "35 minutes, 59 seconds"
│   wall_time_remaining = "14 minutes, 23 seconds"
│   wall_time_spent = "21 minutes, 35 seconds"
│   percent_complete = "60.0%"
│   estimated_sypd = "640.021"
│   instantaneous_sypd = "657.003"
│   date_now = 2026-08-25T14:16:16.053
└   estimated_finish_date = 2026-08-25T14:30:40.053
[ Info: Checking NaNs in canopy
[ Info: Checking NaNs in hydraulics
[ Info: Checking NaNs in ϑ_l
[ Info: Checking NaNs in photosynthesis
[ Info: Checking NaNs in acclimated
[ Info: Checking NaNs in energy
[ Info: Checking NaNs in T
[ Info: Checking NaNs in snow
[ Info: Checking NaNs in S
[ Info: Checking NaNs in S_l
[ Info: Checking NaNs in U
[ Info: Checking NaNs in soil
[ Info: Checking NaNs in ϑ_l
[ Info: Checking NaNs in θ_i
[ Info: Checking NaNs in ρe_int
[ Info: Checking NaNs in ∫F_vol_liq_water_dt
[ Info: Checking NaNs in ∫F_e_dt
[ Info: Checking NaNs in soilco2
[ Info: Checking NaNs in CO2
[ Info: Checking NaNs in O2
[ Info: Checking NaNs in SOC
[ Info: Checking NaNs in canopy
[ Info: Checking NaNs in hydraulics
[ Info: Checking NaNs in ϑ_l
[ Info: Checking NaNs in photosynthesis
[ Info: Checking NaNs in acclimated
[ Info: Checking NaNs in energy
[ Info: Checking NaNs in T
[ Info: Checking NaNs in snow
[ Info: Checking NaNs in S
[ Info: Checking NaNs in S_l
[ Info: Checking NaNs in U
[ Info: Checking NaNs in soil
[ Info: Checking NaNs in ϑ_l
[ Info: Checking NaNs in θ_i
[ Info: Checking NaNs in ρe_int
[ Info: Checking NaNs in ∫F_vol_liq_water_dt
[ Info: Checking NaNs in ∫F_e_dt
[ Info: Checking NaNs in soilco2
[ Info: Checking NaNs in CO2
[ Info: Checking NaNs in O2
[ Info: Checking NaNs in SOC
┌ Info: Progress
│   simulation_time = "584 weeks, 2 days"
│   n_steps_completed = 785302
│   wall_time_per_step = "1 millisecond, 908 microseconds"
│   wall_time_total = "35 minutes, 40 seconds"
│   wall_time_remaining = "10 minutes, 42 seconds"
│   wall_time_spent = "24 minutes, 58 seconds"
│   percent_complete = "70.0%"
│   estimated_sypd = "645.581"
│   instantaneous_sypd = "681.08"
│   date_now = 2026-08-25T14:19:38.991
└   estimated_finish_date = 2026-08-25T14:30:21.991
[ Info: Checking NaNs in canopy
[ Info: Checking NaNs in hydraulics
[ Info: Checking NaNs in ϑ_l
[ Info: Checking NaNs in photosynthesis
[ Info: Checking NaNs in acclimated
[ Info: Checking NaNs in energy
[ Info: Checking NaNs in T
[ Info: Checking NaNs in snow
[ Info: Checking NaNs in S
[ Info: Checking NaNs in S_l
[ Info: Checking NaNs in U
[ Info: Checking NaNs in soil
[ Info: Checking NaNs in ϑ_l
[ Info: Checking NaNs in θ_i
[ Info: Checking NaNs in ρe_int
[ Info: Checking NaNs in ∫F_vol_liq_water_dt
[ Info: Checking NaNs in ∫F_e_dt
[ Info: Checking NaNs in soilco2
[ Info: Checking NaNs in CO2
[ Info: Checking NaNs in O2
[ Info: Checking NaNs in SOC
┌ Info: Progress
│   simulation_time = "667 weeks, 5 days"
│   n_steps_completed = 897488
│   wall_time_per_step = "1 millisecond, 863 microseconds"
│   wall_time_total = "34 minutes, 50 seconds"
│   wall_time_remaining = "6 minutes, 58 seconds"
│   wall_time_spent = "27 minutes, 52 seconds"
│   percent_complete = "80.0%"
│   estimated_sypd = "661.216"
│   instantaneous_sypd = "796.196"
│   date_now = 2026-08-25T14:22:32.587
└   estimated_finish_date = 2026-08-25T14:29:31.587
[ Info: Checking NaNs in canopy
[ Info: Checking NaNs in hydraulics
[ Info: Checking NaNs in ϑ_l
[ Info: Checking NaNs in photosynthesis
[ Info: Checking NaNs in acclimated
[ Info: Checking NaNs in energy
[ Info: Checking NaNs in T
[ Info: Checking NaNs in snow
[ Info: Checking NaNs in S
[ Info: Checking NaNs in S_l
[ Info: Checking NaNs in U
[ Info: Checking NaNs in soil
[ Info: Checking NaNs in ϑ_l
[ Info: Checking NaNs in θ_i
[ Info: Checking NaNs in ρe_int
[ Info: Checking NaNs in ∫F_vol_liq_water_dt
[ Info: Checking NaNs in ∫F_e_dt
[ Info: Checking NaNs in soilco2
[ Info: Checking NaNs in CO2
[ Info: Checking NaNs in O2
[ Info: Checking NaNs in SOC
[ Info: Checking NaNs in canopy
[ Info: Checking NaNs in hydraulics
[ Info: Checking NaNs in ϑ_l
[ Info: Checking NaNs in photosynthesis
[ Info: Checking NaNs in acclimated
[ Info: Checking NaNs in energy
[ Info: Checking NaNs in T
[ Info: Checking NaNs in snow
[ Info: Checking NaNs in S
[ Info: Checking NaNs in S_l
[ Info: Checking NaNs in U
[ Info: Checking NaNs in soil
[ Info: Checking NaNs in ϑ_l
[ Info: Checking NaNs in θ_i
[ Info: Checking NaNs in ρe_int
[ Info: Checking NaNs in ∫F_vol_liq_water_dt
[ Info: Checking NaNs in ∫F_e_dt
[ Info: Checking NaNs in soilco2
[ Info: Checking NaNs in CO2
[ Info: Checking NaNs in O2
[ Info: Checking NaNs in SOC
┌ Info: Progress
│   simulation_time = "751 weeks, 1 day"
│   n_steps_completed = 1009674
│   wall_time_per_step = "1 millisecond, 828 microseconds"
│   wall_time_total = "34 minutes, 11 seconds"
│   wall_time_remaining = "3 minutes, 25 seconds"
│   wall_time_spent = "30 minutes, 46 seconds"
│   percent_complete = "90.0%"
│   estimated_sypd = "673.653"
│   instantaneous_sypd = "792.977"
│   date_now = 2026-08-25T14:25:26.889
└   estimated_finish_date = 2026-08-25T14:28:52.888
[ Info: Checking NaNs in canopy
[ Info: Checking NaNs in hydraulics
[ Info: Checking NaNs in ϑ_l
[ Info: Checking NaNs in photosynthesis
[ Info: Checking NaNs in acclimated
[ Info: Checking NaNs in energy
[ Info: Checking NaNs in T
[ Info: Checking NaNs in snow
[ Info: Checking NaNs in S
[ Info: Checking NaNs in S_l
[ Info: Checking NaNs in U
[ Info: Checking NaNs in soil
[ Info: Checking NaNs in ϑ_l
[ Info: Checking NaNs in θ_i
[ Info: Checking NaNs in ρe_int
[ Info: Checking NaNs in ∫F_vol_liq_water_dt
[ Info: Checking NaNs in ∫F_e_dt
[ Info: Checking NaNs in soilco2
[ Info: Checking NaNs in CO2
[ Info: Checking NaNs in O2
[ Info: Checking NaNs in SOC
[ Info: [US-NR1 Prior] wrote /home/renatob/ClimaLand.jl/experiments/callmip_phase1b/output_deliverables/ClimaLand.v1_Phase1b_Scen1_US-NR1_Cal_Prior.nc
exit=0
