┌ Warning: 'pmodel_α' is being overwritten by '/tmp/jl_uB2tcx6nwx.toml'
│ Current entry: float(0.028)
│ New entry: float(0.942249721553865)
└ @ ClimaParams ~/.julia/packages/ClimaParams/opM9x/src/ClimaParams.jl:331
┌ Warning: 'moisture_stress_c' is being overwritten by '/tmp/jl_uB2tcx6nwx.toml'
│ Current entry: float(0.59)
│ New entry: float(0.6509121925593955)
└ @ ClimaParams ~/.julia/packages/ClimaParams/opM9x/src/ClimaParams.jl:331
┌ Warning: 'pmodel_β_c4' is being overwritten by '/tmp/jl_uB2tcx6nwx.toml'
│ Current entry: float(5.36)
│ New entry: float(40.30710479839909)
└ @ ClimaParams ~/.julia/packages/ClimaParams/opM9x/src/ClimaParams.jl:331
┌ Warning: 'pmodel_cstar' is being overwritten by '/tmp/jl_uB2tcx6nwx.toml'
│ Current entry: float(0.43)
│ New entry: float(0.35624807565040556)
└ @ ClimaParams ~/.julia/packages/ClimaParams/opM9x/src/ClimaParams.jl:331
┌ Warning: 'relative_contribution_factor' is being overwritten by '/tmp/jl_uB2tcx6nwx.toml'
│ Current entry: float(0.3)
│ New entry: float(0.7179161666854514)
└ @ ClimaParams ~/.julia/packages/ClimaParams/opM9x/src/ClimaParams.jl:331
┌ Warning: 'soilCO2_activation_energy' is being overwritten by '/tmp/jl_uB2tcx6nwx.toml'
│ Current entry: float(19800.0)
│ New entry: float(45437.01358778262)
└ @ ClimaParams ~/.julia/packages/ClimaParams/opM9x/src/ClimaParams.jl:331
┌ Warning: 'soilCO2_reference_rate' is being overwritten by '/tmp/jl_uB2tcx6nwx.toml'
│ Current entry: float(3.34e-8)
│ New entry: float(7.889204219045531e-8)
└ @ ClimaParams ~/.julia/packages/ClimaParams/opM9x/src/ClimaParams.jl:331
┌ Warning: 'autotrophic_respiration_Rd_ref' is being overwritten by '/tmp/jl_uB2tcx6nwx.toml'
│ Current entry: float(7.83e-7)
│ New entry: float(5.821776815592853e-7)
└ @ ClimaParams ~/.julia/packages/ClimaParams/opM9x/src/ClimaParams.jl:331
┌ Warning: 'pmodel_β_c3' is being overwritten by '/tmp/jl_uB2tcx6nwx.toml'
│ Current entry: float(91.1)
│ New entry: float(21.474971942264904)
└ @ ClimaParams ~/.julia/packages/ClimaParams/opM9x/src/ClimaParams.jl:331
┌ Warning: 'michaelis_constant' is being overwritten by '/tmp/jl_uB2tcx6nwx.toml'
│ Current entry: float(0.0416)
│ New entry: float(0.9591009070372216)
└ @ ClimaParams ~/.julia/packages/ClimaParams/opM9x/src/ClimaParams.jl:331
┌ Warning: 'O2_michaelis_constant' is being overwritten by '/tmp/jl_uB2tcx6nwx.toml'
│ Current entry: float(0.00298)
│ New entry: float(0.0008194355140346706)
└ @ ClimaParams ~/.julia/packages/ClimaParams/opM9x/src/ClimaParams.jl:331
[ Info: [US-SRG Posterior] spin-up 5 yr
┌ Info: Progress
│   simulation_time = "26 weeks, 12 hours"
│   n_steps_completed = 35040
│   wall_time_per_step = "0 seconds"
│   wall_time_total = "0 seconds"
│   wall_time_remaining = "0 seconds"
│   wall_time_spent = "0 seconds"
│   percent_complete = "10.0%"
│   estimated_sypd = "Inf"
│   instantaneous_sypd = "0.0 (sdpd_estimate = 0.009)"
│   date_now = 2026-08-25T15:16:08.844
└   estimated_finish_date = 2026-08-25T15:16:08.844
[ Info: Checking NaNs in canopy
[ Info: Checking NaNs in hydraulics
[ Info: Checking NaNs in ϑ_l
[ Info: Checking NaNs in photosynthesis
[ Info: Checking NaNs in acclimated
[ Info: Checking NaNs in energy
[ Info: Checking NaNs in T
[ Info: Checking NaNs in snow
[ Info: Checking NaNs in S
[ Info: Checking NaNs in S_l
[ Info: Checking NaNs in U
[ Info: Checking NaNs in soil
[ Info: Checking NaNs in ϑ_l
[ Info: Checking NaNs in θ_i
[ Info: Checking NaNs in ρe_int
[ Info: Checking NaNs in ∫F_vol_liq_water_dt
[ Info: Checking NaNs in ∫F_e_dt
[ Info: Checking NaNs in soilco2
[ Info: Checking NaNs in CO2
[ Info: Checking NaNs in O2
[ Info: Checking NaNs in SOC
┌ Info: Progress
│   simulation_time = "52 weeks, 1 day"
│   n_steps_completed = 70080
│   wall_time_per_step = "0 seconds"
│   wall_time_total = "0 seconds"
│   wall_time_remaining = "0 seconds"
│   wall_time_spent = "0 seconds"
│   percent_complete = "20.0%"
│   estimated_sypd = "Inf"
│   instantaneous_sypd = "1139.166"
│   date_now = 2026-08-25T15:16:46.695
└   estimated_finish_date = 2026-08-25T15:16:46.695
┌ Info: Progress
│   simulation_time = "78 weeks, 1 day"
│   n_steps_completed = 105120
│   wall_time_per_step = "1 millisecond, 66 microseconds"
│   wall_time_total = "6 minutes, 13 seconds"
│   wall_time_remaining = "4 minutes, 21 seconds"
│   wall_time_spent = "1 minute, 52 seconds"
│   percent_complete = "30.0%"
│   estimated_sypd = "1155.286"
│   instantaneous_sypd = "1155.286"
│   date_now = 2026-08-25T15:17:24.210
└   estimated_finish_date = 2026-08-25T15:21:46.210
[ Info: Checking NaNs in canopy
[ Info: Checking NaNs in hydraulics
[ Info: Checking NaNs in ϑ_l
[ Info: Checking NaNs in photosynthesis
[ Info: Checking NaNs in acclimated
[ Info: Checking NaNs in energy
[ Info: Checking NaNs in T
[ Info: Checking NaNs in snow
[ Info: Checking NaNs in S
[ Info: Checking NaNs in S_l
[ Info: Checking NaNs in U
[ Info: Checking NaNs in soil
[ Info: Checking NaNs in ϑ_l
[ Info: Checking NaNs in θ_i
[ Info: Checking NaNs in ρe_int
[ Info: Checking NaNs in ∫F_vol_liq_water_dt
[ Info: Checking NaNs in ∫F_e_dt
[ Info: Checking NaNs in soilco2
[ Info: Checking NaNs in CO2
[ Info: Checking NaNs in O2
[ Info: Checking NaNs in SOC
┌ Info: Progress
│   simulation_time = "104 weeks, 2 days"
│   n_steps_completed = 140160
│   wall_time_per_step = "1 millisecond, 66 microseconds"
│   wall_time_total = "6 minutes, 13 seconds"
│   wall_time_remaining = "3 minutes, 44 seconds"
│   wall_time_spent = "2 minutes, 29 seconds"
│   percent_complete = "40.0%"
│   estimated_sypd = "1155.173"
│   instantaneous_sypd = "1154.835"
│   date_now = 2026-08-25T15:18:01.415
└   estimated_finish_date = 2026-08-25T15:21:46.415
┌ Info: Progress
│   simulation_time = "130 weeks, 2 days"
│   n_steps_completed = 175200
│   wall_time_per_step = "1 millisecond, 66 microseconds"
│   wall_time_total = "6 minutes, 13 seconds"
│   wall_time_remaining = "3 minutes, 6 seconds"
│   wall_time_spent = "3 minutes, 6 seconds"
│   percent_complete = "50.0%"
│   estimated_sypd = "1155.177"
│   instantaneous_sypd = "1155.194"
│   date_now = 2026-08-25T15:18:38.786
└   estimated_finish_date = 2026-08-25T15:21:45.786
[ Info: Checking NaNs in canopy
[ Info: Checking NaNs in hydraulics
[ Info: Checking NaNs in ϑ_l
[ Info: Checking NaNs in photosynthesis
[ Info: Checking NaNs in acclimated
[ Info: Checking NaNs in energy
[ Info: Checking NaNs in T
[ Info: Checking NaNs in snow
[ Info: Checking NaNs in S
[ Info: Checking NaNs in S_l
[ Info: Checking NaNs in U
[ Info: Checking NaNs in soil
[ Info: Checking NaNs in ϑ_l
[ Info: Checking NaNs in θ_i
[ Info: Checking NaNs in ρe_int
[ Info: Checking NaNs in ∫F_vol_liq_water_dt
[ Info: Checking NaNs in ∫F_e_dt
[ Info: Checking NaNs in soilco2
[ Info: Checking NaNs in CO2
[ Info: Checking NaNs in O2
[ Info: Checking NaNs in SOC
┌ Info: Progress
│   simulation_time = "156 weeks, 3 days"
│   n_steps_completed = 210240
│   wall_time_per_step = "1 millisecond, 66 microseconds"
│   wall_time_total = "6 minutes, 13 seconds"
│   wall_time_remaining = "2 minutes, 29 seconds"
│   wall_time_spent = "3 minutes, 44 seconds"
│   percent_complete = "60.0%"
│   estimated_sypd = "1155.24"
│   instantaneous_sypd = "1155.552"
│   date_now = 2026-08-25T15:19:16.145
└   estimated_finish_date = 2026-08-25T15:21:46.145
┌ Info: Progress
│   simulation_time = "182 weeks, 3 days"
│   n_steps_completed = 245280
│   wall_time_per_step = "1 millisecond, 66 microseconds"
│   wall_time_total = "6 minutes, 13 seconds"
│   wall_time_remaining = "1 minute, 52 seconds"
│   wall_time_spent = "4 minutes, 21 seconds"
│   percent_complete = "70.0%"
│   estimated_sypd = "1155.661"
│   instantaneous_sypd = "1158.196"
│   date_now = 2026-08-25T15:19:53.419
└   estimated_finish_date = 2026-08-25T15:21:46.419
┌ Info: Progress
│   simulation_time = "208 weeks, 4 days"
│   n_steps_completed = 280320
│   wall_time_per_step = "1 millisecond, 65 microseconds"
│   wall_time_total = "6 minutes, 13 seconds"
│   wall_time_remaining = "1 minute, 14 seconds"
│   wall_time_spent = "4 minutes, 58 seconds"
│   percent_complete = "80.0%"
│   estimated_sypd = "1156.177"
│   instantaneous_sypd = "1159.801"
│   date_now = 2026-08-25T15:20:30.641
└   estimated_finish_date = 2026-08-25T15:21:45.641
[ Info: Checking NaNs in canopy
[ Info: Checking NaNs in hydraulics
[ Info: Checking NaNs in ϑ_l
[ Info: Checking NaNs in photosynthesis
[ Info: Checking NaNs in acclimated
[ Info: Checking NaNs in energy
[ Info: Checking NaNs in T
[ Info: Checking NaNs in snow
[ Info: Checking NaNs in S
[ Info: Checking NaNs in S_l
[ Info: Checking NaNs in U
[ Info: Checking NaNs in soil
[ Info: Checking NaNs in ϑ_l
[ Info: Checking NaNs in θ_i
[ Info: Checking NaNs in ρe_int
[ Info: Checking NaNs in ∫F_vol_liq_water_dt
[ Info: Checking NaNs in ∫F_e_dt
[ Info: Checking NaNs in soilco2
[ Info: Checking NaNs in CO2
[ Info: Checking NaNs in O2
[ Info: Checking NaNs in SOC
┌ Info: Progress
│   simulation_time = "234 weeks, 4 days"
│   n_steps_completed = 315360
│   wall_time_per_step = "1 millisecond, 65 microseconds"
│   wall_time_total = "6 minutes, 13 seconds"
│   wall_time_remaining = "37 seconds, 325 milliseconds"
│   wall_time_spent = "5 minutes, 35 seconds"
│   percent_complete = "90.0%"
│   estimated_sypd = "1156.608"
│   instantaneous_sypd = "1160.068"
│   date_now = 2026-08-25T15:21:07.855
└   estimated_finish_date = 2026-08-25T15:21:45.855
┌ Info: Progress
│   simulation_time = "260 weeks, 5 days"
│   n_steps_completed = 350400
│   wall_time_per_step = "1 millisecond, 64 microseconds"
│   wall_time_total = "6 minutes, 13 seconds"
│   wall_time_remaining = "0 seconds"
│   wall_time_spent = "6 minutes, 13 seconds"
│   percent_complete = "100.0%"
│   estimated_sypd = "1156.994"
│   instantaneous_sypd = "1160.477"
│   date_now = 2026-08-25T15:21:45.055
└   estimated_finish_date = 2026-08-25T15:21:45.055
[ Info: [US-SRG Posterior] production run 2009–2014
┌ Info: Progress
│   simulation_time = "31 weeks, 2 days"
│   n_steps_completed = 42048
│   wall_time_per_step = "0 seconds"
│   wall_time_total = "0 seconds"
│   wall_time_remaining = "0 seconds"
│   wall_time_spent = "0 seconds"
│   percent_complete = "10.0%"
│   estimated_sypd = "Inf"
│   instantaneous_sypd = "0.0 (sdpd_estimate = 0.011)"
│   date_now = 2026-08-25T15:24:18.115
└   estimated_finish_date = 2026-08-25T15:24:18.115
[ Info: Checking NaNs in canopy
[ Info: Checking NaNs in hydraulics
[ Info: Checking NaNs in ϑ_l
[ Info: Checking NaNs in photosynthesis
[ Info: Checking NaNs in acclimated
[ Info: Checking NaNs in energy
[ Info: Checking NaNs in T
[ Info: Checking NaNs in snow
[ Info: Checking NaNs in S
[ Info: Checking NaNs in S_l
[ Info: Checking NaNs in U
[ Info: Checking NaNs in soil
[ Info: Checking NaNs in ϑ_l
[ Info: Checking NaNs in θ_i
[ Info: Checking NaNs in ρe_int
[ Info: Checking NaNs in ∫F_vol_liq_water_dt
[ Info: Checking NaNs in ∫F_e_dt
[ Info: Checking NaNs in soilco2
[ Info: Checking NaNs in CO2
[ Info: Checking NaNs in O2
[ Info: Checking NaNs in SOC
┌ Info: Progress
│   simulation_time = "62 weeks, 4 days"
│   n_steps_completed = 84096
│   wall_time_per_step = "0 seconds"
│   wall_time_total = "0 seconds"
│   wall_time_remaining = "0 seconds"
│   wall_time_spent = "0 seconds"
│   percent_complete = "20.0%"
│   estimated_sypd = "Inf"
│   instantaneous_sypd = "742.136"
│   date_now = 2026-08-25T15:25:27.920
└   estimated_finish_date = 2026-08-25T15:25:27.920
┌ Info: Progress
│   simulation_time = "93 weeks, 6 days"
│   n_steps_completed = 126144
│   wall_time_per_step = "1 millisecond, 660 microseconds"
│   wall_time_total = "11 minutes, 38 seconds"
│   wall_time_remaining = "8 minutes, 8 seconds"
│   wall_time_spent = "3 minutes, 29 seconds"
│   percent_complete = "30.0%"
│   estimated_sypd = "742.143"
│   instantaneous_sypd = "742.143"
│   date_now = 2026-08-25T15:26:37.724
└   estimated_finish_date = 2026-08-25T15:34:46.724
[ Info: Checking NaNs in canopy
[ Info: Checking NaNs in hydraulics
[ Info: Checking NaNs in ϑ_l
[ Info: Checking NaNs in photosynthesis
[ Info: Checking NaNs in acclimated
[ Info: Checking NaNs in energy
[ Info: Checking NaNs in T
[ Info: Checking NaNs in snow
[ Info: Checking NaNs in S
[ Info: Checking NaNs in S_l
[ Info: Checking NaNs in U
[ Info: Checking NaNs in soil
[ Info: Checking NaNs in ϑ_l
[ Info: Checking NaNs in θ_i
[ Info: Checking NaNs in ρe_int
[ Info: Checking NaNs in ∫F_vol_liq_water_dt
[ Info: Checking NaNs in ∫F_e_dt
[ Info: Checking NaNs in soilco2
[ Info: Checking NaNs in CO2
[ Info: Checking NaNs in O2
[ Info: Checking NaNs in SOC
┌ Info: Progress
│   simulation_time = "125 weeks, 1 day"
│   n_steps_completed = 168192
│   wall_time_per_step = "1 millisecond, 661 microseconds"
│   wall_time_total = "11 minutes, 38 seconds"
│   wall_time_remaining = "6 minutes, 59 seconds"
│   wall_time_spent = "4 minutes, 39 seconds"
│   percent_complete = "40.0%"
│   estimated_sypd = "741.615"
│   instantaneous_sypd = "740.036"
│   date_now = 2026-08-25T15:27:47.727
└   estimated_finish_date = 2026-08-25T15:34:47.727
[ Info: Checking NaNs in canopy
[ Info: Checking NaNs in hydraulics
[ Info: Checking NaNs in ϑ_l
[ Info: Checking NaNs in photosynthesis
[ Info: Checking NaNs in acclimated
[ Info: Checking NaNs in energy
[ Info: Checking NaNs in T
[ Info: Checking NaNs in snow
[ Info: Checking NaNs in S
[ Info: Checking NaNs in S_l
[ Info: Checking NaNs in U
[ Info: Checking NaNs in soil
[ Info: Checking NaNs in ϑ_l
[ Info: Checking NaNs in θ_i
[ Info: Checking NaNs in ρe_int
[ Info: Checking NaNs in ∫F_vol_liq_water_dt
[ Info: Checking NaNs in ∫F_e_dt
[ Info: Checking NaNs in soilco2
[ Info: Checking NaNs in CO2
[ Info: Checking NaNs in O2
[ Info: Checking NaNs in SOC
┌ Info: Progress
│   simulation_time = "156 weeks, 3 days"
│   n_steps_completed = 210240
│   wall_time_per_step = "1 millisecond, 667 microseconds"
│   wall_time_total = "11 minutes, 41 seconds"
│   wall_time_remaining = "5 minutes, 50 seconds"
│   wall_time_spent = "5 minutes, 50 seconds"
│   percent_complete = "50.0%"
│   estimated_sypd = "738.838"
│   instantaneous_sypd = "727.934"
│   date_now = 2026-08-25T15:28:58.893
└   estimated_finish_date = 2026-08-25T15:34:49.893
┌ Info: Progress
│   simulation_time = "187 weeks, 5 days"
│   n_steps_completed = 252288
│   wall_time_per_step = "1 millisecond, 668 microseconds"
│   wall_time_total = "11 minutes, 41 seconds"
│   wall_time_remaining = "4 minutes, 40 seconds"
│   wall_time_spent = "7 minutes, 930 milliseconds"
│   percent_complete = "60.0%"
│   estimated_sypd = "738.428"
│   instantaneous_sypd = "736.384"
│   date_now = 2026-08-25T15:30:09.244
└   estimated_finish_date = 2026-08-25T15:34:50.244
[ Info: Checking NaNs in canopy
[ Info: Checking NaNs in hydraulics
[ Info: Checking NaNs in ϑ_l
[ Info: Checking NaNs in photosynthesis
[ Info: Checking NaNs in acclimated
[ Info: Checking NaNs in energy
[ Info: Checking NaNs in T
[ Info: Checking NaNs in snow
[ Info: Checking NaNs in S
[ Info: Checking NaNs in S_l
[ Info: Checking NaNs in U
[ Info: Checking NaNs in soil
[ Info: Checking NaNs in ϑ_l
[ Info: Checking NaNs in θ_i
[ Info: Checking NaNs in ρe_int
[ Info: Checking NaNs in ∫F_vol_liq_water_dt
[ Info: Checking NaNs in ∫F_e_dt
[ Info: Checking NaNs in soilco2
[ Info: Checking NaNs in CO2
[ Info: Checking NaNs in O2
[ Info: Checking NaNs in SOC
┌ Info: Progress
│   simulation_time = "219 weeks"
│   n_steps_completed = 294336
│   wall_time_per_step = "1 millisecond, 669 microseconds"
│   wall_time_total = "11 minutes, 41 seconds"
│   wall_time_remaining = "3 minutes, 30 seconds"
│   wall_time_spent = "8 minutes, 11 seconds"
│   percent_complete = "70.0%"
│   estimated_sypd = "738.012"
│   instantaneous_sypd = "735.529"
│   date_now = 2026-08-25T15:31:19.675
└   estimated_finish_date = 2026-08-25T15:34:50.675
┌ Info: Progress
│   simulation_time = "250 weeks, 2 days"
│   n_steps_completed = 336384
│   wall_time_per_step = "1 millisecond, 669 microseconds"
│   wall_time_total = "11 minutes, 41 seconds"
│   wall_time_remaining = "2 minutes, 20 seconds"
│   wall_time_spent = "9 minutes, 21 seconds"
│   percent_complete = "80.0%"
│   estimated_sypd = "737.986"
│   instantaneous_sypd = "737.797"
│   date_now = 2026-08-25T15:32:29.890
└   estimated_finish_date = 2026-08-25T15:34:50.890
[ Info: Checking NaNs in canopy
[ Info: Checking NaNs in hydraulics
[ Info: Checking NaNs in ϑ_l
[ Info: Checking NaNs in photosynthesis
[ Info: Checking NaNs in acclimated
[ Info: Checking NaNs in energy
[ Info: Checking NaNs in T
[ Info: Checking NaNs in snow
[ Info: Checking NaNs in S
[ Info: Checking NaNs in S_l
[ Info: Checking NaNs in U
[ Info: Checking NaNs in soil
[ Info: Checking NaNs in ϑ_l
[ Info: Checking NaNs in θ_i
[ Info: Checking NaNs in ρe_int
[ Info: Checking NaNs in ∫F_vol_liq_water_dt
[ Info: Checking NaNs in ∫F_e_dt
[ Info: Checking NaNs in soilco2
[ Info: Checking NaNs in CO2
[ Info: Checking NaNs in O2
[ Info: Checking NaNs in SOC
┌ Info: Progress
│   simulation_time = "281 weeks, 4 days"
│   n_steps_completed = 378432
│   wall_time_per_step = "1 millisecond, 669 microseconds"
│   wall_time_total = "11 minutes, 42 seconds"
│   wall_time_remaining = "1 minute, 10 seconds"
│   wall_time_spent = "10 minutes, 31 seconds"
│   percent_complete = "90.0%"
│   estimated_sypd = "737.883"
│   instantaneous_sypd = "737.062"
│   date_now = 2026-08-25T15:33:40.175
└   estimated_finish_date = 2026-08-25T15:34:51.175
┌ Info: Progress
│   simulation_time = "312 weeks, 6 days"
│   n_steps_completed = 420480
│   wall_time_per_step = "1 millisecond, 669 microseconds"
│   wall_time_total = "11 minutes, 41 seconds"
│   wall_time_remaining = "0 seconds"
│   wall_time_spent = "11 minutes, 41 seconds"
│   percent_complete = "100.0%"
│   estimated_sypd = "738.11"
│   instantaneous_sypd = "740.157"
│   date_now = 2026-08-25T15:34:50.166
└   estimated_finish_date = 2026-08-25T15:34:50.166
┌ Warning: US-SRG: no ensemble diagnostics — _post_unc variables all fill
└ @ Main ~/ClimaLand.jl/experiments/callmip_phase1b/write_callmip_netcdf_phase1b.jl:149
[ Info: [US-SRG Posterior] wrote /home/renatob/ClimaLand.jl/experiments/callmip_phase1b/output_deliverables/ClimaLand.v1_Phase1b_Scen1_US-SRG_Cal_Posterior.nc
exit=0
