┌ Warning: 'pmodel_α' is being overwritten by '/tmp/jl_IXiRYN8Hc5.toml'
│ Current entry: float(0.028)
│ New entry: float(0.942249721553865)
└ @ ClimaParams ~/.julia/packages/ClimaParams/opM9x/src/ClimaParams.jl:331
┌ Warning: 'moisture_stress_c' is being overwritten by '/tmp/jl_IXiRYN8Hc5.toml'
│ Current entry: float(0.59)
│ New entry: float(0.6509121925593955)
└ @ ClimaParams ~/.julia/packages/ClimaParams/opM9x/src/ClimaParams.jl:331
┌ Warning: 'pmodel_β_c4' is being overwritten by '/tmp/jl_IXiRYN8Hc5.toml'
│ Current entry: float(5.36)
│ New entry: float(40.30710479839909)
└ @ ClimaParams ~/.julia/packages/ClimaParams/opM9x/src/ClimaParams.jl:331
┌ Warning: 'pmodel_cstar' is being overwritten by '/tmp/jl_IXiRYN8Hc5.toml'
│ Current entry: float(0.43)
│ New entry: float(0.35624807565040556)
└ @ ClimaParams ~/.julia/packages/ClimaParams/opM9x/src/ClimaParams.jl:331
┌ Warning: 'relative_contribution_factor' is being overwritten by '/tmp/jl_IXiRYN8Hc5.toml'
│ Current entry: float(0.3)
│ New entry: float(0.7179161666854514)
└ @ ClimaParams ~/.julia/packages/ClimaParams/opM9x/src/ClimaParams.jl:331
┌ Warning: 'soilCO2_activation_energy' is being overwritten by '/tmp/jl_IXiRYN8Hc5.toml'
│ Current entry: float(19800.0)
│ New entry: float(45437.01358778262)
└ @ ClimaParams ~/.julia/packages/ClimaParams/opM9x/src/ClimaParams.jl:331
┌ Warning: 'soilCO2_reference_rate' is being overwritten by '/tmp/jl_IXiRYN8Hc5.toml'
│ Current entry: float(3.34e-8)
│ New entry: float(7.889204219045531e-8)
└ @ ClimaParams ~/.julia/packages/ClimaParams/opM9x/src/ClimaParams.jl:331
┌ Warning: 'autotrophic_respiration_Rd_ref' is being overwritten by '/tmp/jl_IXiRYN8Hc5.toml'
│ Current entry: float(7.83e-7)
│ New entry: float(5.821776815592853e-7)
└ @ ClimaParams ~/.julia/packages/ClimaParams/opM9x/src/ClimaParams.jl:331
┌ Warning: 'pmodel_β_c3' is being overwritten by '/tmp/jl_IXiRYN8Hc5.toml'
│ Current entry: float(91.1)
│ New entry: float(21.474971942264904)
└ @ ClimaParams ~/.julia/packages/ClimaParams/opM9x/src/ClimaParams.jl:331
┌ Warning: 'michaelis_constant' is being overwritten by '/tmp/jl_IXiRYN8Hc5.toml'
│ Current entry: float(0.0416)
│ New entry: float(0.9591009070372216)
└ @ ClimaParams ~/.julia/packages/ClimaParams/opM9x/src/ClimaParams.jl:331
┌ Warning: 'O2_michaelis_constant' is being overwritten by '/tmp/jl_IXiRYN8Hc5.toml'
│ Current entry: float(0.00298)
│ New entry: float(0.0008194355140346706)
└ @ ClimaParams ~/.julia/packages/ClimaParams/opM9x/src/ClimaParams.jl:331
[ Info: [US-SRM Posterior] spin-up 5 yr
┌ Info: Progress
│   simulation_time = "26 weeks, 14 hours"
│   n_steps_completed = 35060
│   wall_time_per_step = "0 seconds"
│   wall_time_total = "0 seconds"
│   wall_time_remaining = "0 seconds"
│   wall_time_spent = "0 seconds"
│   percent_complete = "10.0%"
│   estimated_sypd = "Inf"
│   instantaneous_sypd = "0.0 (sdpd_estimate = 0.009)"
│   date_now = 2026-08-25T15:16:10.761
└   estimated_finish_date = 2026-08-25T15:16:10.761
┌ Info: Progress
│   simulation_time = "52 weeks, 1 day"
│   n_steps_completed = 70120
│   wall_time_per_step = "0 seconds"
│   wall_time_total = "0 seconds"
│   wall_time_remaining = "0 seconds"
│   wall_time_spent = "0 seconds"
│   percent_complete = "20.0%"
│   estimated_sypd = "Inf"
│   instantaneous_sypd = "1144.999"
│   date_now = 2026-08-25T15:16:48.412
└   estimated_finish_date = 2026-08-25T15:16:48.412
[ Info: Checking NaNs in canopy
[ Info: Checking NaNs in hydraulics
[ Info: Checking NaNs in ϑ_l
[ Info: Checking NaNs in photosynthesis
[ Info: Checking NaNs in acclimated
[ Info: Checking NaNs in energy
[ Info: Checking NaNs in T
[ Info: Checking NaNs in snow
[ Info: Checking NaNs in S
[ Info: Checking NaNs in S_l
[ Info: Checking NaNs in U
[ Info: Checking NaNs in soil
[ Info: Checking NaNs in ϑ_l
[ Info: Checking NaNs in θ_i
[ Info: Checking NaNs in ρe_int
[ Info: Checking NaNs in ∫F_vol_liq_water_dt
[ Info: Checking NaNs in ∫F_e_dt
[ Info: Checking NaNs in soilco2
[ Info: Checking NaNs in CO2
[ Info: Checking NaNs in O2
[ Info: Checking NaNs in SOC
┌ Info: Progress
│   simulation_time = "78 weeks, 1 day"
│   n_steps_completed = 105180
│   wall_time_per_step = "1 millisecond, 75 microseconds"
│   wall_time_total = "6 minutes, 16 seconds"
│   wall_time_remaining = "4 minutes, 23 seconds"
│   wall_time_spent = "1 minute, 53 seconds"
│   percent_complete = "30.0%"
│   estimated_sypd = "1145.834"
│   instantaneous_sypd = "1145.834"
│   date_now = 2026-08-25T15:17:26.245
└   estimated_finish_date = 2026-08-25T15:21:50.244
┌ Info: Progress
│   simulation_time = "104 weeks, 2 days"
│   n_steps_completed = 140240
│   wall_time_per_step = "1 millisecond, 74 microseconds"
│   wall_time_total = "6 minutes, 16 seconds"
│   wall_time_remaining = "3 minutes, 46 seconds"
│   wall_time_spent = "2 minutes, 30 seconds"
│   percent_complete = "40.0%"
│   estimated_sypd = "1146.62"
│   instantaneous_sypd = "1148.985"
│   date_now = 2026-08-25T15:18:03.671
└   estimated_finish_date = 2026-08-25T15:21:50.671
[ Info: Checking NaNs in canopy
[ Info: Checking NaNs in hydraulics
[ Info: Checking NaNs in ϑ_l
[ Info: Checking NaNs in photosynthesis
[ Info: Checking NaNs in acclimated
[ Info: Checking NaNs in energy
[ Info: Checking NaNs in T
[ Info: Checking NaNs in snow
[ Info: Checking NaNs in S
[ Info: Checking NaNs in S_l
[ Info: Checking NaNs in U
[ Info: Checking NaNs in soil
[ Info: Checking NaNs in ϑ_l
[ Info: Checking NaNs in θ_i
[ Info: Checking NaNs in ρe_int
[ Info: Checking NaNs in ∫F_vol_liq_water_dt
[ Info: Checking NaNs in ∫F_e_dt
[ Info: Checking NaNs in soilco2
[ Info: Checking NaNs in CO2
[ Info: Checking NaNs in O2
[ Info: Checking NaNs in SOC
┌ Info: Progress
│   simulation_time = "130 weeks, 3 days"
│   n_steps_completed = 175300
│   wall_time_per_step = "1 millisecond, 73 microseconds"
│   wall_time_total = "6 minutes, 16 seconds"
│   wall_time_remaining = "3 minutes, 8 seconds"
│   wall_time_spent = "3 minutes, 8 seconds"
│   percent_complete = "50.0%"
│   estimated_sypd = "1147.702"
│   instantaneous_sypd = "1152.053"
│   date_now = 2026-08-25T15:18:41.165
└   estimated_finish_date = 2026-08-25T15:21:50.165
┌ Info: Progress
│   simulation_time = "156 weeks, 3 days"
│   n_steps_completed = 210360
│   wall_time_per_step = "1 millisecond, 73 microseconds"
│   wall_time_total = "6 minutes, 16 seconds"
│   wall_time_remaining = "2 minutes, 30 seconds"
│   wall_time_spent = "3 minutes, 45 seconds"
│   percent_complete = "60.0%"
│   estimated_sypd = "1147.87"
│   instantaneous_sypd = "1148.707"
│   date_now = 2026-08-25T15:19:18.768
└   estimated_finish_date = 2026-08-25T15:21:49.768
[ Info: Checking NaNs in canopy
[ Info: Checking NaNs in hydraulics
[ Info: Checking NaNs in ϑ_l
[ Info: Checking NaNs in photosynthesis
[ Info: Checking NaNs in acclimated
[ Info: Checking NaNs in energy
[ Info: Checking NaNs in T
[ Info: Checking NaNs in snow
[ Info: Checking NaNs in S
[ Info: Checking NaNs in S_l
[ Info: Checking NaNs in U
[ Info: Checking NaNs in soil
[ Info: Checking NaNs in ϑ_l
[ Info: Checking NaNs in θ_i
[ Info: Checking NaNs in ρe_int
[ Info: Checking NaNs in ∫F_vol_liq_water_dt
[ Info: Checking NaNs in ∫F_e_dt
[ Info: Checking NaNs in soilco2
[ Info: Checking NaNs in CO2
[ Info: Checking NaNs in O2
[ Info: Checking NaNs in SOC
┌ Info: Progress
│   simulation_time = "182 weeks, 4 days"
│   n_steps_completed = 245420
│   wall_time_per_step = "1 millisecond, 72 microseconds"
│   wall_time_total = "6 minutes, 16 seconds"
│   wall_time_remaining = "1 minute, 52 seconds"
│   wall_time_spent = "4 minutes, 23 seconds"
│   percent_complete = "70.0%"
│   estimated_sypd = "1148.742"
│   instantaneous_sypd = "1154.001"
│   date_now = 2026-08-25T15:19:56.198
└   estimated_finish_date = 2026-08-25T15:21:49.198
┌ Info: Progress
│   simulation_time = "208 weeks, 4 days"
│   n_steps_completed = 280480
│   wall_time_per_step = "1 millisecond, 71 microseconds"
│   wall_time_total = "6 minutes, 15 seconds"
│   wall_time_remaining = "1 minute, 15 seconds"
│   wall_time_spent = "5 minutes, 626 milliseconds"
│   percent_complete = "80.0%"
│   estimated_sypd = "1149.468"
│   instantaneous_sypd = "1154.574"
│   date_now = 2026-08-25T15:20:33.611
└   estimated_finish_date = 2026-08-25T15:21:49.611
[ Info: Checking NaNs in canopy
[ Info: Checking NaNs in hydraulics
[ Info: Checking NaNs in ϑ_l
[ Info: Checking NaNs in photosynthesis
[ Info: Checking NaNs in acclimated
[ Info: Checking NaNs in energy
[ Info: Checking NaNs in T
[ Info: Checking NaNs in snow
[ Info: Checking NaNs in S
[ Info: Checking NaNs in S_l
[ Info: Checking NaNs in U
[ Info: Checking NaNs in soil
[ Info: Checking NaNs in ϑ_l
[ Info: Checking NaNs in θ_i
[ Info: Checking NaNs in ρe_int
[ Info: Checking NaNs in ∫F_vol_liq_water_dt
[ Info: Checking NaNs in ∫F_e_dt
[ Info: Checking NaNs in soilco2
[ Info: Checking NaNs in CO2
[ Info: Checking NaNs in O2
[ Info: Checking NaNs in SOC
┌ Info: Progress
│   simulation_time = "234 weeks, 5 days"
│   n_steps_completed = 315540
│   wall_time_per_step = "1 millisecond, 71 microseconds"
│   wall_time_total = "6 minutes, 15 seconds"
│   wall_time_remaining = "37 seconds, 561 milliseconds"
│   wall_time_spent = "5 minutes, 38 seconds"
│   percent_complete = "90.0%"
│   estimated_sypd = "1149.708"
│   instantaneous_sypd = "1151.633"
│   date_now = 2026-08-25T15:21:11.118
└   estimated_finish_date = 2026-08-25T15:21:49.118
[ Info: [US-SRM Posterior] production run 2004–2014
[ Info: Checking NaNs in canopy
[ Info: Checking NaNs in hydraulics
[ Info: Checking NaNs in ϑ_l
[ Info: Checking NaNs in photosynthesis
[ Info: Checking NaNs in acclimated
[ Info: Checking NaNs in energy
[ Info: Checking NaNs in T
[ Info: Checking NaNs in snow
[ Info: Checking NaNs in S
[ Info: Checking NaNs in S_l
[ Info: Checking NaNs in U
[ Info: Checking NaNs in soil
[ Info: Checking NaNs in ϑ_l
[ Info: Checking NaNs in θ_i
[ Info: Checking NaNs in ρe_int
[ Info: Checking NaNs in ∫F_vol_liq_water_dt
[ Info: Checking NaNs in ∫F_e_dt
[ Info: Checking NaNs in soilco2
[ Info: Checking NaNs in CO2
[ Info: Checking NaNs in O2
[ Info: Checking NaNs in SOC
┌ Info: Progress
│   simulation_time = "57 weeks, 2 days"
│   n_steps_completed = 77127
│   wall_time_per_step = "0 seconds"
│   wall_time_total = "0 seconds"
│   wall_time_remaining = "0 seconds"
│   wall_time_spent = "0 seconds"
│   percent_complete = "10.0%"
│   estimated_sypd = "Inf"
│   instantaneous_sypd = "0.0 (sdpd_estimate = 0.019)"
│   date_now = 2026-08-25T15:25:19.118
└   estimated_finish_date = 2026-08-25T15:25:19.118
[ Info: Checking NaNs in canopy
[ Info: Checking NaNs in hydraulics
[ Info: Checking NaNs in ϑ_l
[ Info: Checking NaNs in photosynthesis
[ Info: Checking NaNs in acclimated
[ Info: Checking NaNs in energy
[ Info: Checking NaNs in T
[ Info: Checking NaNs in snow
[ Info: Checking NaNs in S
[ Info: Checking NaNs in S_l
[ Info: Checking NaNs in U
[ Info: Checking NaNs in soil
[ Info: Checking NaNs in ϑ_l
[ Info: Checking NaNs in θ_i
[ Info: Checking NaNs in ρe_int
[ Info: Checking NaNs in ∫F_vol_liq_water_dt
[ Info: Checking NaNs in ∫F_e_dt
[ Info: Checking NaNs in soilco2
[ Info: Checking NaNs in CO2
[ Info: Checking NaNs in O2
[ Info: Checking NaNs in SOC
┌ Info: Progress
│   simulation_time = "114 weeks, 5 days"
│   n_steps_completed = 154254
│   wall_time_per_step = "0 seconds"
│   wall_time_total = "0 seconds"
│   wall_time_remaining = "0 seconds"
│   wall_time_spent = "0 seconds"
│   percent_complete = "20.0%"
│   estimated_sypd = "Inf"
│   instantaneous_sypd = "748.142"
│   date_now = 2026-08-25T15:27:26.130
└   estimated_finish_date = 2026-08-25T15:27:26.130
[ Info: Checking NaNs in canopy
[ Info: Checking NaNs in hydraulics
[ Info: Checking NaNs in ϑ_l
[ Info: Checking NaNs in photosynthesis
[ Info: Checking NaNs in acclimated
[ Info: Checking NaNs in energy
[ Info: Checking NaNs in T
[ Info: Checking NaNs in snow
[ Info: Checking NaNs in S
[ Info: Checking NaNs in S_l
[ Info: Checking NaNs in U
[ Info: Checking NaNs in soil
[ Info: Checking NaNs in ϑ_l
[ Info: Checking NaNs in θ_i
[ Info: Checking NaNs in ρe_int
[ Info: Checking NaNs in ∫F_vol_liq_water_dt
[ Info: Checking NaNs in ∫F_e_dt
[ Info: Checking NaNs in soilco2
[ Info: Checking NaNs in CO2
[ Info: Checking NaNs in O2
[ Info: Checking NaNs in SOC
┌ Info: Progress
│   simulation_time = "172 weeks, 1 day"
│   n_steps_completed = 231381
│   wall_time_per_step = "1 millisecond, 648 microseconds"
│   wall_time_total = "21 minutes, 11 seconds"
│   wall_time_remaining = "14 minutes, 50 seconds"
│   wall_time_spent = "6 minutes, 21 seconds"
│   percent_complete = "30.0%"
│   estimated_sypd = "747.155"
│   instantaneous_sypd = "747.155"
│   date_now = 2026-08-25T15:29:33.310
└   estimated_finish_date = 2026-08-25T15:44:24.310
[ Info: Checking NaNs in canopy
[ Info: Checking NaNs in hydraulics
[ Info: Checking NaNs in ϑ_l
[ Info: Checking NaNs in photosynthesis
[ Info: Checking NaNs in acclimated
[ Info: Checking NaNs in energy
[ Info: Checking NaNs in T
[ Info: Checking NaNs in snow
[ Info: Checking NaNs in S
[ Info: Checking NaNs in S_l
[ Info: Checking NaNs in U
[ Info: Checking NaNs in soil
[ Info: Checking NaNs in ϑ_l
[ Info: Checking NaNs in θ_i
[ Info: Checking NaNs in ρe_int
[ Info: Checking NaNs in ∫F_vol_liq_water_dt
[ Info: Checking NaNs in ∫F_e_dt
[ Info: Checking NaNs in soilco2
[ Info: Checking NaNs in CO2
[ Info: Checking NaNs in O2
[ Info: Checking NaNs in SOC
┌ Info: Progress
│   simulation_time = "229 weeks, 3 days"
│   n_steps_completed = 308508
│   wall_time_per_step = "1 millisecond, 650 microseconds"
│   wall_time_total = "21 minutes, 12 seconds"
│   wall_time_remaining = "12 minutes, 43 seconds"
│   wall_time_spent = "8 minutes, 29 seconds"
│   percent_complete = "40.0%"
│   estimated_sypd = "746.507"
│   instantaneous_sypd = "744.567"
│   date_now = 2026-08-25T15:31:40.932
└   estimated_finish_date = 2026-08-25T15:44:24.932
[ Info: Checking NaNs in canopy
[ Info: Checking NaNs in hydraulics
[ Info: Checking NaNs in ϑ_l
[ Info: Checking NaNs in photosynthesis
[ Info: Checking NaNs in acclimated
[ Info: Checking NaNs in energy
[ Info: Checking NaNs in T
[ Info: Checking NaNs in snow
[ Info: Checking NaNs in S
[ Info: Checking NaNs in S_l
[ Info: Checking NaNs in U
[ Info: Checking NaNs in soil
[ Info: Checking NaNs in ϑ_l
[ Info: Checking NaNs in θ_i
[ Info: Checking NaNs in ρe_int
[ Info: Checking NaNs in ∫F_vol_liq_water_dt
[ Info: Checking NaNs in ∫F_e_dt
[ Info: Checking NaNs in soilco2
[ Info: Checking NaNs in CO2
[ Info: Checking NaNs in O2
[ Info: Checking NaNs in SOC
┌ Info: Progress
│   simulation_time = "286 weeks, 6 days"
│   n_steps_completed = 385635
│   wall_time_per_step = "1 millisecond, 652 microseconds"
│   wall_time_total = "21 minutes, 14 seconds"
│   wall_time_remaining = "10 minutes, 37 seconds"
│   wall_time_spent = "10 minutes, 37 seconds"
│   percent_complete = "50.0%"
│   estimated_sypd = "745.359"
│   instantaneous_sypd = "740.801"
│   date_now = 2026-08-25T15:33:49.203
└   estimated_finish_date = 2026-08-25T15:44:27.202
[ Info: Checking NaNs in canopy
[ Info: Checking NaNs in hydraulics
[ Info: Checking NaNs in ϑ_l
[ Info: Checking NaNs in photosynthesis
[ Info: Checking NaNs in acclimated
[ Info: Checking NaNs in energy
[ Info: Checking NaNs in T
[ Info: Checking NaNs in snow
[ Info: Checking NaNs in S
[ Info: Checking NaNs in S_l
[ Info: Checking NaNs in U
[ Info: Checking NaNs in soil
[ Info: Checking NaNs in ϑ_l
[ Info: Checking NaNs in θ_i
[ Info: Checking NaNs in ρe_int
[ Info: Checking NaNs in ∫F_vol_liq_water_dt
[ Info: Checking NaNs in ∫F_e_dt
[ Info: Checking NaNs in soilco2
[ Info: Checking NaNs in CO2
[ Info: Checking NaNs in O2
[ Info: Checking NaNs in SOC
┌ Info: Progress
│   simulation_time = "344 weeks, 2 days"
│   n_steps_completed = 462762
│   wall_time_per_step = "1 millisecond, 651 microseconds"
│   wall_time_total = "21 minutes, 13 seconds"
│   wall_time_remaining = "8 minutes, 29 seconds"
│   wall_time_spent = "12 minutes, 44 seconds"
│   percent_complete = "60.0%"
│   estimated_sypd = "746.224"
│   instantaneous_sypd = "750.583"
│   date_now = 2026-08-25T15:35:55.801
└   estimated_finish_date = 2026-08-25T15:44:25.801
[ Info: Checking NaNs in canopy
[ Info: Checking NaNs in hydraulics
[ Info: Checking NaNs in ϑ_l
[ Info: Checking NaNs in photosynthesis
[ Info: Checking NaNs in acclimated
[ Info: Checking NaNs in energy
[ Info: Checking NaNs in T
[ Info: Checking NaNs in snow
[ Info: Checking NaNs in S
[ Info: Checking NaNs in S_l
[ Info: Checking NaNs in U
[ Info: Checking NaNs in soil
[ Info: Checking NaNs in ϑ_l
[ Info: Checking NaNs in θ_i
[ Info: Checking NaNs in ρe_int
[ Info: Checking NaNs in ∫F_vol_liq_water_dt
[ Info: Checking NaNs in ∫F_e_dt
[ Info: Checking NaNs in soilco2
[ Info: Checking NaNs in CO2
[ Info: Checking NaNs in O2
[ Info: Checking NaNs in SOC
┌ Info: Progress
│   simulation_time = "401 weeks, 4 days"
│   n_steps_completed = 539889
│   wall_time_per_step = "1 millisecond, 646 microseconds"
│   wall_time_total = "21 minutes, 10 seconds"
│   wall_time_remaining = "6 minutes, 21 seconds"
│   wall_time_spent = "14 minutes, 49 seconds"
│   percent_complete = "70.0%"
│   estimated_sypd = "748.109"
│   instantaneous_sypd = "759.623"
│   date_now = 2026-08-25T15:38:00.894
└   estimated_finish_date = 2026-08-25T15:44:22.894
[ Info: Checking NaNs in canopy
[ Info: Checking NaNs in hydraulics
[ Info: Checking NaNs in ϑ_l
[ Info: Checking NaNs in photosynthesis
[ Info: Checking NaNs in acclimated
[ Info: Checking NaNs in energy
[ Info: Checking NaNs in T
[ Info: Checking NaNs in snow
[ Info: Checking NaNs in S
[ Info: Checking NaNs in S_l
[ Info: Checking NaNs in U
[ Info: Checking NaNs in soil
[ Info: Checking NaNs in ϑ_l
[ Info: Checking NaNs in θ_i
[ Info: Checking NaNs in ρe_int
[ Info: Checking NaNs in ∫F_vol_liq_water_dt
[ Info: Checking NaNs in ∫F_e_dt
[ Info: Checking NaNs in soilco2
[ Info: Checking NaNs in CO2
[ Info: Checking NaNs in O2
[ Info: Checking NaNs in SOC
┌ Info: Progress
│   simulation_time = "459 weeks, 15 hours"
│   n_steps_completed = 617016
│   wall_time_per_step = "1 millisecond, 636 microseconds"
│   wall_time_total = "21 minutes, 2 seconds"
│   wall_time_remaining = "4 minutes, 12 seconds"
│   wall_time_spent = "16 minutes, 50 seconds"
│   percent_complete = "80.0%"
│   estimated_sypd = "752.645"
│   instantaneous_sypd = "786.0"
│   date_now = 2026-08-25T15:40:01.788
└   estimated_finish_date = 2026-08-25T15:44:14.788
[ Info: Checking NaNs in canopy
[ Info: Checking NaNs in hydraulics
[ Info: Checking NaNs in ϑ_l
[ Info: Checking NaNs in photosynthesis
[ Info: Checking NaNs in acclimated
[ Info: Checking NaNs in energy
[ Info: Checking NaNs in T
[ Info: Checking NaNs in snow
[ Info: Checking NaNs in S
[ Info: Checking NaNs in S_l
[ Info: Checking NaNs in U
[ Info: Checking NaNs in soil
[ Info: Checking NaNs in ϑ_l
[ Info: Checking NaNs in θ_i
[ Info: Checking NaNs in ρe_int
[ Info: Checking NaNs in ∫F_vol_liq_water_dt
[ Info: Checking NaNs in ∫F_e_dt
[ Info: Checking NaNs in soilco2
[ Info: Checking NaNs in CO2
[ Info: Checking NaNs in O2
[ Info: Checking NaNs in SOC
┌ Info: Progress
│   simulation_time = "516 weeks, 3 days"
│   n_steps_completed = 694143
│   wall_time_per_step = "1 millisecond, 628 microseconds"
│   wall_time_total = "20 minutes, 56 seconds"
│   wall_time_remaining = "2 minutes, 5 seconds"
│   wall_time_spent = "18 minutes, 50 seconds"
│   percent_complete = "90.0%"
│   estimated_sypd = "756.501"
│   instantaneous_sypd = "788.837"
│   date_now = 2026-08-25T15:42:02.248
└   estimated_finish_date = 2026-08-25T15:44:08.248
[ Info: Checking NaNs in canopy
[ Info: Checking NaNs in hydraulics
[ Info: Checking NaNs in ϑ_l
[ Info: Checking NaNs in photosynthesis
[ Info: Checking NaNs in acclimated
[ Info: Checking NaNs in energy
[ Info: Checking NaNs in T
[ Info: Checking NaNs in snow
[ Info: Checking NaNs in S
[ Info: Checking NaNs in S_l
[ Info: Checking NaNs in U
[ Info: Checking NaNs in soil
[ Info: Checking NaNs in ϑ_l
[ Info: Checking NaNs in θ_i
[ Info: Checking NaNs in ρe_int
[ Info: Checking NaNs in ∫F_vol_liq_water_dt
[ Info: Checking NaNs in ∫F_e_dt
[ Info: Checking NaNs in soilco2
[ Info: Checking NaNs in CO2
[ Info: Checking NaNs in O2
[ Info: Checking NaNs in SOC
┌ Warning: US-SRM: no ensemble diagnostics — _post_unc variables all fill
└ @ Main ~/ClimaLand.jl/experiments/callmip_phase1b/write_callmip_netcdf_phase1b.jl:149
[ Info: [US-SRM Posterior] wrote /home/renatob/ClimaLand.jl/experiments/callmip_phase1b/output_deliverables/ClimaLand.v1_Phase1b_Scen1_US-SRM_Cal_Posterior.nc
exit=0
