┌ Warning: 'pmodel_α' is being overwritten by '/tmp/jl_KHap6HU5AJ.toml'
│ Current entry: float(0.028)
│ New entry: float(0.942249721553865)
└ @ ClimaParams ~/.julia/packages/ClimaParams/opM9x/src/ClimaParams.jl:331
┌ Warning: 'moisture_stress_c' is being overwritten by '/tmp/jl_KHap6HU5AJ.toml'
│ Current entry: float(0.59)
│ New entry: float(0.6509121925593955)
└ @ ClimaParams ~/.julia/packages/ClimaParams/opM9x/src/ClimaParams.jl:331
┌ Warning: 'pmodel_β_c4' is being overwritten by '/tmp/jl_KHap6HU5AJ.toml'
│ Current entry: float(5.36)
│ New entry: float(40.30710479839909)
└ @ ClimaParams ~/.julia/packages/ClimaParams/opM9x/src/ClimaParams.jl:331
┌ Warning: 'pmodel_cstar' is being overwritten by '/tmp/jl_KHap6HU5AJ.toml'
│ Current entry: float(0.43)
│ New entry: float(0.35624807565040556)
└ @ ClimaParams ~/.julia/packages/ClimaParams/opM9x/src/ClimaParams.jl:331
┌ Warning: 'relative_contribution_factor' is being overwritten by '/tmp/jl_KHap6HU5AJ.toml'
│ Current entry: float(0.3)
│ New entry: float(0.7179161666854514)
└ @ ClimaParams ~/.julia/packages/ClimaParams/opM9x/src/ClimaParams.jl:331
┌ Warning: 'soilCO2_activation_energy' is being overwritten by '/tmp/jl_KHap6HU5AJ.toml'
│ Current entry: float(19800.0)
│ New entry: float(45437.01358778262)
└ @ ClimaParams ~/.julia/packages/ClimaParams/opM9x/src/ClimaParams.jl:331
┌ Warning: 'soilCO2_reference_rate' is being overwritten by '/tmp/jl_KHap6HU5AJ.toml'
│ Current entry: float(3.34e-8)
│ New entry: float(7.889204219045531e-8)
└ @ ClimaParams ~/.julia/packages/ClimaParams/opM9x/src/ClimaParams.jl:331
┌ Warning: 'autotrophic_respiration_Rd_ref' is being overwritten by '/tmp/jl_KHap6HU5AJ.toml'
│ Current entry: float(7.83e-7)
│ New entry: float(5.821776815592853e-7)
└ @ ClimaParams ~/.julia/packages/ClimaParams/opM9x/src/ClimaParams.jl:331
┌ Warning: 'pmodel_β_c3' is being overwritten by '/tmp/jl_KHap6HU5AJ.toml'
│ Current entry: float(91.1)
│ New entry: float(21.474971942264904)
└ @ ClimaParams ~/.julia/packages/ClimaParams/opM9x/src/ClimaParams.jl:331
┌ Warning: 'michaelis_constant' is being overwritten by '/tmp/jl_KHap6HU5AJ.toml'
│ Current entry: float(0.0416)
│ New entry: float(0.9591009070372216)
└ @ ClimaParams ~/.julia/packages/ClimaParams/opM9x/src/ClimaParams.jl:331
┌ Warning: 'O2_michaelis_constant' is being overwritten by '/tmp/jl_KHap6HU5AJ.toml'
│ Current entry: float(0.00298)
│ New entry: float(0.0008194355140346706)
└ @ ClimaParams ~/.julia/packages/ClimaParams/opM9x/src/ClimaParams.jl:331
[ Info: [US-Var Posterior] spin-up 5 yr
┌ Info: Progress
│   simulation_time = "26 weeks, 12 hours"
│   n_steps_completed = 35040
│   wall_time_per_step = "0 seconds"
│   wall_time_total = "0 seconds"
│   wall_time_remaining = "0 seconds"
│   wall_time_spent = "0 seconds"
│   percent_complete = "10.0%"
│   estimated_sypd = "Inf"
│   instantaneous_sypd = "0.0 (sdpd_estimate = 0.009)"
│   date_now = 2026-08-25T15:16:14.248
└   estimated_finish_date = 2026-08-25T15:16:14.248
[ Info: Checking NaNs in canopy
[ Info: Checking NaNs in hydraulics
[ Info: Checking NaNs in ϑ_l
[ Info: Checking NaNs in photosynthesis
[ Info: Checking NaNs in acclimated
[ Info: Checking NaNs in energy
[ Info: Checking NaNs in T
[ Info: Checking NaNs in snow
[ Info: Checking NaNs in S
[ Info: Checking NaNs in S_l
[ Info: Checking NaNs in U
[ Info: Checking NaNs in soil
[ Info: Checking NaNs in ϑ_l
[ Info: Checking NaNs in θ_i
[ Info: Checking NaNs in ρe_int
[ Info: Checking NaNs in ∫F_vol_liq_water_dt
[ Info: Checking NaNs in ∫F_e_dt
[ Info: Checking NaNs in soilco2
[ Info: Checking NaNs in CO2
[ Info: Checking NaNs in O2
[ Info: Checking NaNs in SOC
┌ Info: Progress
│   simulation_time = "52 weeks, 1 day"
│   n_steps_completed = 70080
│   wall_time_per_step = "0 seconds"
│   wall_time_total = "0 seconds"
│   wall_time_remaining = "0 seconds"
│   wall_time_spent = "0 seconds"
│   percent_complete = "20.0%"
│   estimated_sypd = "Inf"
│   instantaneous_sypd = "1094.543"
│   date_now = 2026-08-25T15:16:53.647
└   estimated_finish_date = 2026-08-25T15:16:53.647
┌ Info: Progress
│   simulation_time = "78 weeks, 1 day"
│   n_steps_completed = 105120
│   wall_time_per_step = "1 millisecond, 108 microseconds"
│   wall_time_total = "6 minutes, 28 seconds"
│   wall_time_remaining = "4 minutes, 31 seconds"
│   wall_time_spent = "1 minute, 56 seconds"
│   percent_complete = "30.0%"
│   estimated_sypd = "1111.184"
│   instantaneous_sypd = "1111.184"
│   date_now = 2026-08-25T15:17:32.660
└   estimated_finish_date = 2026-08-25T15:22:04.660
[ Info: Checking NaNs in canopy
[ Info: Checking NaNs in hydraulics
[ Info: Checking NaNs in ϑ_l
[ Info: Checking NaNs in photosynthesis
[ Info: Checking NaNs in acclimated
[ Info: Checking NaNs in energy
[ Info: Checking NaNs in T
[ Info: Checking NaNs in snow
[ Info: Checking NaNs in S
[ Info: Checking NaNs in S_l
[ Info: Checking NaNs in U
[ Info: Checking NaNs in soil
[ Info: Checking NaNs in ϑ_l
[ Info: Checking NaNs in θ_i
[ Info: Checking NaNs in ρe_int
[ Info: Checking NaNs in ∫F_vol_liq_water_dt
[ Info: Checking NaNs in ∫F_e_dt
[ Info: Checking NaNs in soilco2
[ Info: Checking NaNs in CO2
[ Info: Checking NaNs in O2
[ Info: Checking NaNs in SOC
┌ Info: Progress
│   simulation_time = "104 weeks, 2 days"
│   n_steps_completed = 140160
│   wall_time_per_step = "1 millisecond, 110 microseconds"
│   wall_time_total = "6 minutes, 28 seconds"
│   wall_time_remaining = "3 minutes, 53 seconds"
│   wall_time_spent = "2 minutes, 35 seconds"
│   percent_complete = "40.0%"
│   estimated_sypd = "1109.835"
│   instantaneous_sypd = "1105.811"
│   date_now = 2026-08-25T15:18:11.505
└   estimated_finish_date = 2026-08-25T15:22:05.505
┌ Info: Progress
│   simulation_time = "130 weeks, 2 days"
│   n_steps_completed = 175200
│   wall_time_per_step = "1 millisecond, 109 microseconds"
│   wall_time_total = "6 minutes, 28 seconds"
│   wall_time_remaining = "3 minutes, 14 seconds"
│   wall_time_spent = "3 minutes, 14 seconds"
│   percent_complete = "50.0%"
│   estimated_sypd = "1110.463"
│   instantaneous_sypd = "1112.979"
│   date_now = 2026-08-25T15:18:50.293
└   estimated_finish_date = 2026-08-25T15:22:05.293
[ Info: Checking NaNs in canopy
[ Info: Checking NaNs in hydraulics
[ Info: Checking NaNs in ϑ_l
[ Info: Checking NaNs in photosynthesis
[ Info: Checking NaNs in acclimated
[ Info: Checking NaNs in energy
[ Info: Checking NaNs in T
[ Info: Checking NaNs in snow
[ Info: Checking NaNs in S
[ Info: Checking NaNs in S_l
[ Info: Checking NaNs in U
[ Info: Checking NaNs in soil
[ Info: Checking NaNs in ϑ_l
[ Info: Checking NaNs in θ_i
[ Info: Checking NaNs in ρe_int
[ Info: Checking NaNs in ∫F_vol_liq_water_dt
[ Info: Checking NaNs in ∫F_e_dt
[ Info: Checking NaNs in soilco2
[ Info: Checking NaNs in CO2
[ Info: Checking NaNs in O2
[ Info: Checking NaNs in SOC
┌ Info: Progress
│   simulation_time = "156 weeks, 3 days"
│   n_steps_completed = 210240
│   wall_time_per_step = "1 millisecond, 109 microseconds"
│   wall_time_total = "6 minutes, 28 seconds"
│   wall_time_remaining = "2 minutes, 35 seconds"
│   wall_time_spent = "3 minutes, 53 seconds"
│   percent_complete = "60.0%"
│   estimated_sypd = "1110.427"
│   instantaneous_sypd = "1110.249"
│   date_now = 2026-08-25T15:19:29.177
└   estimated_finish_date = 2026-08-25T15:22:05.177
┌ Info: Progress
│   simulation_time = "182 weeks, 3 days"
│   n_steps_completed = 245280
│   wall_time_per_step = "1 millisecond, 108 microseconds"
│   wall_time_total = "6 minutes, 28 seconds"
│   wall_time_remaining = "1 minute, 56 seconds"
│   wall_time_spent = "4 minutes, 31 seconds"
│   percent_complete = "70.0%"
│   estimated_sypd = "1111.318"
│   instantaneous_sypd = "1116.693"
│   date_now = 2026-08-25T15:20:07.836
└   estimated_finish_date = 2026-08-25T15:22:04.836
┌ Info: Progress
│   simulation_time = "208 weeks, 4 days"
│   n_steps_completed = 280320
│   wall_time_per_step = "1 millisecond, 108 microseconds"
│   wall_time_total = "6 minutes, 28 seconds"
│   wall_time_remaining = "1 minute, 17 seconds"
│   wall_time_spent = "5 minutes, 10 seconds"
│   percent_complete = "80.0%"
│   estimated_sypd = "1111.77"
│   instantaneous_sypd = "1114.947"
│   date_now = 2026-08-25T15:20:46.556
└   estimated_finish_date = 2026-08-25T15:22:04.556
[ Info: Checking NaNs in canopy
[ Info: Checking NaNs in hydraulics
[ Info: Checking NaNs in ϑ_l
[ Info: Checking NaNs in photosynthesis
[ Info: Checking NaNs in acclimated
[ Info: Checking NaNs in energy
[ Info: Checking NaNs in T
[ Info: Checking NaNs in snow
[ Info: Checking NaNs in S
[ Info: Checking NaNs in S_l
[ Info: Checking NaNs in U
[ Info: Checking NaNs in soil
[ Info: Checking NaNs in ϑ_l
[ Info: Checking NaNs in θ_i
[ Info: Checking NaNs in ρe_int
[ Info: Checking NaNs in ∫F_vol_liq_water_dt
[ Info: Checking NaNs in ∫F_e_dt
[ Info: Checking NaNs in soilco2
[ Info: Checking NaNs in CO2
[ Info: Checking NaNs in O2
[ Info: Checking NaNs in SOC
┌ Info: Progress
│   simulation_time = "234 weeks, 4 days"
│   n_steps_completed = 315360
│   wall_time_per_step = "1 millisecond, 107 microseconds"
│   wall_time_total = "6 minutes, 28 seconds"
│   wall_time_remaining = "38 seconds, 802 milliseconds"
│   wall_time_spent = "5 minutes, 49 seconds"
│   percent_complete = "90.0%"
│   estimated_sypd = "1112.568"
│   instantaneous_sypd = "1118.99"
│   date_now = 2026-08-25T15:21:25.135
└   estimated_finish_date = 2026-08-25T15:22:04.135
┌ Info: Progress
│   simulation_time = "260 weeks, 5 days"
│   n_steps_completed = 350400
│   wall_time_per_step = "1 millisecond, 101 microseconds"
│   wall_time_total = "6 minutes, 26 seconds"
│   wall_time_remaining = "0 seconds"
│   wall_time_spent = "6 minutes, 26 seconds"
│   percent_complete = "100.0%"
│   estimated_sypd = "1118.039"
│   instantaneous_sypd = "1169.818"
│   date_now = 2026-08-25T15:22:02.039
└   estimated_finish_date = 2026-08-25T15:22:02.039
[ Info: [US-Var Posterior] production run 2001–2014
[ Info: Checking NaNs in canopy
[ Info: Checking NaNs in hydraulics
[ Info: Checking NaNs in ϑ_l
[ Info: Checking NaNs in photosynthesis
[ Info: Checking NaNs in acclimated
[ Info: Checking NaNs in energy
[ Info: Checking NaNs in T
[ Info: Checking NaNs in snow
[ Info: Checking NaNs in S
[ Info: Checking NaNs in S_l
[ Info: Checking NaNs in U
[ Info: Checking NaNs in soil
[ Info: Checking NaNs in ϑ_l
[ Info: Checking NaNs in θ_i
[ Info: Checking NaNs in ρe_int
[ Info: Checking NaNs in ∫F_vol_liq_water_dt
[ Info: Checking NaNs in ∫F_e_dt
[ Info: Checking NaNs in soilco2
[ Info: Checking NaNs in CO2
[ Info: Checking NaNs in O2
[ Info: Checking NaNs in SOC
┌ Info: Progress
│   simulation_time = "73 weeks, 4 hours"
│   n_steps_completed = 98151
│   wall_time_per_step = "0 seconds"
│   wall_time_total = "0 seconds"
│   wall_time_remaining = "0 seconds"
│   wall_time_spent = "0 seconds"
│   percent_complete = "10.0%"
│   estimated_sypd = "Inf"
│   instantaneous_sypd = "0.0 (sdpd_estimate = 0.025)"
│   date_now = 2026-08-25T15:26:15.336
└   estimated_finish_date = 2026-08-25T15:26:15.336
[ Info: Checking NaNs in canopy
[ Info: Checking NaNs in hydraulics
[ Info: Checking NaNs in ϑ_l
[ Info: Checking NaNs in photosynthesis
[ Info: Checking NaNs in acclimated
[ Info: Checking NaNs in energy
[ Info: Checking NaNs in T
[ Info: Checking NaNs in snow
[ Info: Checking NaNs in S
[ Info: Checking NaNs in S_l
[ Info: Checking NaNs in U
[ Info: Checking NaNs in soil
[ Info: Checking NaNs in ϑ_l
[ Info: Checking NaNs in θ_i
[ Info: Checking NaNs in ρe_int
[ Info: Checking NaNs in ∫F_vol_liq_water_dt
[ Info: Checking NaNs in ∫F_e_dt
[ Info: Checking NaNs in soilco2
[ Info: Checking NaNs in CO2
[ Info: Checking NaNs in O2
[ Info: Checking NaNs in SOC
┌ Info: Progress
│   simulation_time = "146 weeks, 9 hours"
│   n_steps_completed = 196302
│   wall_time_per_step = "0 seconds"
│   wall_time_total = "0 seconds"
│   wall_time_remaining = "0 seconds"
│   wall_time_spent = "0 seconds"
│   percent_complete = "20.0%"
│   estimated_sypd = "Inf"
│   instantaneous_sypd = "724.227"
│   date_now = 2026-08-25T15:29:02.308
└   estimated_finish_date = 2026-08-25T15:29:02.308
[ Info: Checking NaNs in canopy
[ Info: Checking NaNs in hydraulics
[ Info: Checking NaNs in ϑ_l
[ Info: Checking NaNs in photosynthesis
[ Info: Checking NaNs in acclimated
[ Info: Checking NaNs in energy
[ Info: Checking NaNs in T
[ Info: Checking NaNs in snow
[ Info: Checking NaNs in S
[ Info: Checking NaNs in S_l
[ Info: Checking NaNs in U
[ Info: Checking NaNs in soil
[ Info: Checking NaNs in ϑ_l
[ Info: Checking NaNs in θ_i
[ Info: Checking NaNs in ρe_int
[ Info: Checking NaNs in ∫F_vol_liq_water_dt
[ Info: Checking NaNs in ∫F_e_dt
[ Info: Checking NaNs in soilco2
[ Info: Checking NaNs in CO2
[ Info: Checking NaNs in O2
[ Info: Checking NaNs in SOC
[ Info: Checking NaNs in canopy
[ Info: Checking NaNs in hydraulics
[ Info: Checking NaNs in ϑ_l
[ Info: Checking NaNs in photosynthesis
[ Info: Checking NaNs in acclimated
[ Info: Checking NaNs in energy
[ Info: Checking NaNs in T
[ Info: Checking NaNs in snow
[ Info: Checking NaNs in S
[ Info: Checking NaNs in S_l
[ Info: Checking NaNs in U
[ Info: Checking NaNs in soil
[ Info: Checking NaNs in ϑ_l
[ Info: Checking NaNs in θ_i
[ Info: Checking NaNs in ρe_int
[ Info: Checking NaNs in ∫F_vol_liq_water_dt
[ Info: Checking NaNs in ∫F_e_dt
[ Info: Checking NaNs in soilco2
[ Info: Checking NaNs in CO2
[ Info: Checking NaNs in O2
[ Info: Checking NaNs in SOC
┌ Info: Progress
│   simulation_time = "219 weeks, 14 hours"
│   n_steps_completed = 294453
│   wall_time_per_step = "1 millisecond, 700 microseconds"
│   wall_time_total = "27 minutes, 49 seconds"
│   wall_time_remaining = "19 minutes, 28 seconds"
│   wall_time_spent = "8 minutes, 20 seconds"
│   percent_complete = "30.0%"
│   estimated_sypd = "724.517"
│   instantaneous_sypd = "724.517"
│   date_now = 2026-08-25T15:31:49.213
└   estimated_finish_date = 2026-08-25T15:51:18.213
[ Info: Checking NaNs in canopy
[ Info: Checking NaNs in hydraulics
[ Info: Checking NaNs in ϑ_l
[ Info: Checking NaNs in photosynthesis
[ Info: Checking NaNs in acclimated
[ Info: Checking NaNs in energy
[ Info: Checking NaNs in T
[ Info: Checking NaNs in snow
[ Info: Checking NaNs in S
[ Info: Checking NaNs in S_l
[ Info: Checking NaNs in U
[ Info: Checking NaNs in soil
[ Info: Checking NaNs in ϑ_l
[ Info: Checking NaNs in θ_i
[ Info: Checking NaNs in ρe_int
[ Info: Checking NaNs in ∫F_vol_liq_water_dt
[ Info: Checking NaNs in ∫F_e_dt
[ Info: Checking NaNs in soilco2
[ Info: Checking NaNs in CO2
[ Info: Checking NaNs in O2
[ Info: Checking NaNs in SOC
┌ Info: Progress
│   simulation_time = "292 weeks, 19 hours"
│   n_steps_completed = 392604
│   wall_time_per_step = "1 millisecond, 701 microseconds"
│   wall_time_total = "27 minutes, 49 seconds"
│   wall_time_remaining = "16 minutes, 41 seconds"
│   wall_time_spent = "11 minutes, 7 seconds"
│   percent_complete = "40.0%"
│   estimated_sypd = "724.23"
│   instantaneous_sypd = "723.371"
│   date_now = 2026-08-25T15:34:36.382
└   estimated_finish_date = 2026-08-25T15:51:18.382
[ Info: Checking NaNs in canopy
[ Info: Checking NaNs in hydraulics
[ Info: Checking NaNs in ϑ_l
[ Info: Checking NaNs in photosynthesis
[ Info: Checking NaNs in acclimated
[ Info: Checking NaNs in energy
[ Info: Checking NaNs in T
[ Info: Checking NaNs in snow
[ Info: Checking NaNs in S
[ Info: Checking NaNs in S_l
[ Info: Checking NaNs in U
[ Info: Checking NaNs in soil
[ Info: Checking NaNs in ϑ_l
[ Info: Checking NaNs in θ_i
[ Info: Checking NaNs in ρe_int
[ Info: Checking NaNs in ∫F_vol_liq_water_dt
[ Info: Checking NaNs in ∫F_e_dt
[ Info: Checking NaNs in soilco2
[ Info: Checking NaNs in CO2
[ Info: Checking NaNs in O2
[ Info: Checking NaNs in SOC
[ Info: Checking NaNs in canopy
[ Info: Checking NaNs in hydraulics
[ Info: Checking NaNs in ϑ_l
[ Info: Checking NaNs in photosynthesis
[ Info: Checking NaNs in acclimated
[ Info: Checking NaNs in energy
[ Info: Checking NaNs in T
[ Info: Checking NaNs in snow
[ Info: Checking NaNs in S
[ Info: Checking NaNs in S_l
[ Info: Checking NaNs in U
[ Info: Checking NaNs in soil
[ Info: Checking NaNs in ϑ_l
[ Info: Checking NaNs in θ_i
[ Info: Checking NaNs in ρe_int
[ Info: Checking NaNs in ∫F_vol_liq_water_dt
[ Info: Checking NaNs in ∫F_e_dt
[ Info: Checking NaNs in soilco2
[ Info: Checking NaNs in CO2
[ Info: Checking NaNs in O2
[ Info: Checking NaNs in SOC
┌ Info: Progress
│   simulation_time = "365 weeks, 1 day"
│   n_steps_completed = 490755
│   wall_time_per_step = "1 millisecond, 699 microseconds"
│   wall_time_total = "27 minutes, 47 seconds"
│   wall_time_remaining = "13 minutes, 53 seconds"
│   wall_time_spent = "13 minutes, 53 seconds"
│   percent_complete = "50.0%"
│   estimated_sypd = "725.151"
│   instantaneous_sypd = "728.858"
│   date_now = 2026-08-25T15:37:22.293
└   estimated_finish_date = 2026-08-25T15:51:16.293
[ Info: Checking NaNs in canopy
[ Info: Checking NaNs in hydraulics
[ Info: Checking NaNs in ϑ_l
[ Info: Checking NaNs in photosynthesis
[ Info: Checking NaNs in acclimated
[ Info: Checking NaNs in energy
[ Info: Checking NaNs in T
[ Info: Checking NaNs in snow
[ Info: Checking NaNs in S
[ Info: Checking NaNs in S_l
[ Info: Checking NaNs in U
[ Info: Checking NaNs in soil
[ Info: Checking NaNs in ϑ_l
[ Info: Checking NaNs in θ_i
[ Info: Checking NaNs in ρe_int
[ Info: Checking NaNs in ∫F_vol_liq_water_dt
[ Info: Checking NaNs in ∫F_e_dt
[ Info: Checking NaNs in soilco2
[ Info: Checking NaNs in CO2
[ Info: Checking NaNs in O2
[ Info: Checking NaNs in SOC
┌ Info: Progress
│   simulation_time = "438 weeks, 1 day"
│   n_steps_completed = 588906
│   wall_time_per_step = "1 millisecond, 687 microseconds"
│   wall_time_total = "27 minutes, 36 seconds"
│   wall_time_remaining = "11 minutes, 2 seconds"
│   wall_time_spent = "16 minutes, 33 seconds"
│   percent_complete = "60.0%"
│   estimated_sypd = "730.194"
│   instantaneous_sypd = "756.496"
│   date_now = 2026-08-25T15:40:02.141
└   estimated_finish_date = 2026-08-25T15:51:05.141
[ Info: Checking NaNs in canopy
[ Info: Checking NaNs in hydraulics
[ Info: Checking NaNs in ϑ_l
[ Info: Checking NaNs in photosynthesis
[ Info: Checking NaNs in acclimated
[ Info: Checking NaNs in energy
[ Info: Checking NaNs in T
[ Info: Checking NaNs in snow
[ Info: Checking NaNs in S
[ Info: Checking NaNs in S_l
[ Info: Checking NaNs in U
[ Info: Checking NaNs in soil
[ Info: Checking NaNs in ϑ_l
[ Info: Checking NaNs in θ_i
[ Info: Checking NaNs in ρe_int
[ Info: Checking NaNs in ∫F_vol_liq_water_dt
[ Info: Checking NaNs in ∫F_e_dt
[ Info: Checking NaNs in soilco2
[ Info: Checking NaNs in CO2
[ Info: Checking NaNs in O2
[ Info: Checking NaNs in SOC
┌ Info: Progress
│   simulation_time = "511 weeks, 1 day"
│   n_steps_completed = 687057
│   wall_time_per_step = "1 millisecond, 677 microseconds"
│   wall_time_total = "27 minutes, 25 seconds"
│   wall_time_remaining = "8 minutes, 13 seconds"
│   wall_time_spent = "19 minutes, 12 seconds"
│   percent_complete = "70.0%"
│   estimated_sypd = "734.66"
│   instantaneous_sypd = "762.648"
│   date_now = 2026-08-25T15:42:40.701
└   estimated_finish_date = 2026-08-25T15:50:54.701
[ Info: Checking NaNs in canopy
[ Info: Checking NaNs in hydraulics
[ Info: Checking NaNs in ϑ_l
[ Info: Checking NaNs in photosynthesis
[ Info: Checking NaNs in acclimated
[ Info: Checking NaNs in energy
[ Info: Checking NaNs in T
[ Info: Checking NaNs in snow
[ Info: Checking NaNs in S
[ Info: Checking NaNs in S_l
[ Info: Checking NaNs in U
[ Info: Checking NaNs in soil
[ Info: Checking NaNs in ϑ_l
[ Info: Checking NaNs in θ_i
[ Info: Checking NaNs in ρe_int
[ Info: Checking NaNs in ∫F_vol_liq_water_dt
[ Info: Checking NaNs in ∫F_e_dt
[ Info: Checking NaNs in soilco2
[ Info: Checking NaNs in CO2
[ Info: Checking NaNs in O2
[ Info: Checking NaNs in SOC
[ Info: Checking NaNs in canopy
[ Info: Checking NaNs in hydraulics
[ Info: Checking NaNs in ϑ_l
[ Info: Checking NaNs in photosynthesis
[ Info: Checking NaNs in acclimated
[ Info: Checking NaNs in energy
[ Info: Checking NaNs in T
[ Info: Checking NaNs in snow
[ Info: Checking NaNs in S
[ Info: Checking NaNs in S_l
[ Info: Checking NaNs in U
[ Info: Checking NaNs in soil
[ Info: Checking NaNs in ϑ_l
[ Info: Checking NaNs in θ_i
[ Info: Checking NaNs in ρe_int
[ Info: Checking NaNs in ∫F_vol_liq_water_dt
[ Info: Checking NaNs in ∫F_e_dt
[ Info: Checking NaNs in soilco2
[ Info: Checking NaNs in CO2
[ Info: Checking NaNs in O2
[ Info: Checking NaNs in SOC
┌ Info: Progress
│   simulation_time = "584 weeks, 1 day"
│   n_steps_completed = 785208
│   wall_time_per_step = "1 millisecond, 653 microseconds"
│   wall_time_total = "27 minutes, 2 seconds"
│   wall_time_remaining = "5 minutes, 24 seconds"
│   wall_time_spent = "21 minutes, 38 seconds"
│   percent_complete = "80.0%"
│   estimated_sypd = "745.26"
│   instantaneous_sypd = "828.987"
│   date_now = 2026-08-25T15:45:06.572
└   estimated_finish_date = 2026-08-25T15:50:31.572
[ Info: Checking NaNs in canopy
[ Info: Checking NaNs in hydraulics
[ Info: Checking NaNs in ϑ_l
[ Info: Checking NaNs in photosynthesis
[ Info: Checking NaNs in acclimated
[ Info: Checking NaNs in energy
[ Info: Checking NaNs in T
[ Info: Checking NaNs in snow
[ Info: Checking NaNs in S
[ Info: Checking NaNs in S_l
[ Info: Checking NaNs in U
[ Info: Checking NaNs in soil
[ Info: Checking NaNs in ϑ_l
[ Info: Checking NaNs in θ_i
[ Info: Checking NaNs in ρe_int
[ Info: Checking NaNs in ∫F_vol_liq_water_dt
[ Info: Checking NaNs in ∫F_e_dt
[ Info: Checking NaNs in soilco2
[ Info: Checking NaNs in CO2
[ Info: Checking NaNs in O2
[ Info: Checking NaNs in SOC
┌ Info: Progress
│   simulation_time = "657 weeks, 1 day"
│   n_steps_completed = 883359
│   wall_time_per_step = "1 millisecond, 625 microseconds"
│   wall_time_total = "26 minutes, 35 seconds"
│   wall_time_remaining = "2 minutes, 39 seconds"
│   wall_time_spent = "23 minutes, 56 seconds"
│   percent_complete = "90.0%"
│   estimated_sypd = "757.747"
│   instantaneous_sypd = "875.037"
│   date_now = 2026-08-25T15:47:24.767
└   estimated_finish_date = 2026-08-25T15:50:04.767
[ Info: Checking NaNs in canopy
[ Info: Checking NaNs in hydraulics
[ Info: Checking NaNs in ϑ_l
[ Info: Checking NaNs in photosynthesis
[ Info: Checking NaNs in acclimated
[ Info: Checking NaNs in energy
[ Info: Checking NaNs in T
[ Info: Checking NaNs in snow
[ Info: Checking NaNs in S
[ Info: Checking NaNs in S_l
[ Info: Checking NaNs in U
[ Info: Checking NaNs in soil
[ Info: Checking NaNs in ϑ_l
[ Info: Checking NaNs in θ_i
[ Info: Checking NaNs in ρe_int
[ Info: Checking NaNs in ∫F_vol_liq_water_dt
[ Info: Checking NaNs in ∫F_e_dt
[ Info: Checking NaNs in soilco2
[ Info: Checking NaNs in CO2
[ Info: Checking NaNs in O2
[ Info: Checking NaNs in SOC
┌ Warning: US-Var: no ensemble diagnostics — _post_unc variables all fill
└ @ Main ~/ClimaLand.jl/experiments/callmip_phase1b/write_callmip_netcdf_phase1b.jl:149
[ Info: [US-Var Posterior] wrote /home/renatob/ClimaLand.jl/experiments/callmip_phase1b/output_deliverables/ClimaLand.v1_Phase1b_Scen1_US-Var_Cal_Posterior.nc
exit=0
