┌ Warning: 'pmodel_α' is being overwritten by '/tmp/jl_ARof07mFmT.toml'
│ Current entry: float(0.028)
│ New entry: float(0.942249721553865)
└ @ ClimaParams ~/.julia/packages/ClimaParams/opM9x/src/ClimaParams.jl:331
┌ Warning: 'moisture_stress_c' is being overwritten by '/tmp/jl_ARof07mFmT.toml'
│ Current entry: float(0.59)
│ New entry: float(0.6509121925593955)
└ @ ClimaParams ~/.julia/packages/ClimaParams/opM9x/src/ClimaParams.jl:331
┌ Warning: 'pmodel_β_c4' is being overwritten by '/tmp/jl_ARof07mFmT.toml'
│ Current entry: float(5.36)
│ New entry: float(40.30710479839909)
└ @ ClimaParams ~/.julia/packages/ClimaParams/opM9x/src/ClimaParams.jl:331
┌ Warning: 'pmodel_cstar' is being overwritten by '/tmp/jl_ARof07mFmT.toml'
│ Current entry: float(0.43)
│ New entry: float(0.35624807565040556)
└ @ ClimaParams ~/.julia/packages/ClimaParams/opM9x/src/ClimaParams.jl:331
┌ Warning: 'relative_contribution_factor' is being overwritten by '/tmp/jl_ARof07mFmT.toml'
│ Current entry: float(0.3)
│ New entry: float(0.7179161666854514)
└ @ ClimaParams ~/.julia/packages/ClimaParams/opM9x/src/ClimaParams.jl:331
┌ Warning: 'soilCO2_activation_energy' is being overwritten by '/tmp/jl_ARof07mFmT.toml'
│ Current entry: float(19800.0)
│ New entry: float(45437.01358778262)
└ @ ClimaParams ~/.julia/packages/ClimaParams/opM9x/src/ClimaParams.jl:331
┌ Warning: 'soilCO2_reference_rate' is being overwritten by '/tmp/jl_ARof07mFmT.toml'
│ Current entry: float(3.34e-8)
│ New entry: float(7.889204219045531e-8)
└ @ ClimaParams ~/.julia/packages/ClimaParams/opM9x/src/ClimaParams.jl:331
┌ Warning: 'autotrophic_respiration_Rd_ref' is being overwritten by '/tmp/jl_ARof07mFmT.toml'
│ Current entry: float(7.83e-7)
│ New entry: float(5.821776815592853e-7)
└ @ ClimaParams ~/.julia/packages/ClimaParams/opM9x/src/ClimaParams.jl:331
┌ Warning: 'pmodel_β_c3' is being overwritten by '/tmp/jl_ARof07mFmT.toml'
│ Current entry: float(91.1)
│ New entry: float(21.474971942264904)
└ @ ClimaParams ~/.julia/packages/ClimaParams/opM9x/src/ClimaParams.jl:331
┌ Warning: 'michaelis_constant' is being overwritten by '/tmp/jl_ARof07mFmT.toml'
│ Current entry: float(0.0416)
│ New entry: float(0.9591009070372216)
└ @ ClimaParams ~/.julia/packages/ClimaParams/opM9x/src/ClimaParams.jl:331
┌ Warning: 'O2_michaelis_constant' is being overwritten by '/tmp/jl_ARof07mFmT.toml'
│ Current entry: float(0.00298)
│ New entry: float(0.0008194355140346706)
└ @ ClimaParams ~/.julia/packages/ClimaParams/opM9x/src/ClimaParams.jl:331
[ Info: [US-Whs Posterior] spin-up 5 yr
┌ Info: Progress
│   simulation_time = "26 weeks, 14 hours"
│   n_steps_completed = 35060
│   wall_time_per_step = "0 seconds"
│   wall_time_total = "0 seconds"
│   wall_time_remaining = "0 seconds"
│   wall_time_spent = "0 seconds"
│   percent_complete = "10.0%"
│   estimated_sypd = "Inf"
│   instantaneous_sypd = "0.0 (sdpd_estimate = 0.009)"
│   date_now = 2026-08-25T15:16:07.851
└   estimated_finish_date = 2026-08-25T15:16:07.850
┌ Info: Progress
│   simulation_time = "52 weeks, 1 day"
│   n_steps_completed = 70120
│   wall_time_per_step = "0 seconds"
│   wall_time_total = "0 seconds"
│   wall_time_remaining = "0 seconds"
│   wall_time_spent = "0 seconds"
│   percent_complete = "20.0%"
│   estimated_sypd = "Inf"
│   instantaneous_sypd = "1116.191"
│   date_now = 2026-08-25T15:16:46.485
└   estimated_finish_date = 2026-08-25T15:16:46.485
[ Info: Checking NaNs in canopy
[ Info: Checking NaNs in hydraulics
[ Info: Checking NaNs in ϑ_l
[ Info: Checking NaNs in photosynthesis
[ Info: Checking NaNs in acclimated
[ Info: Checking NaNs in energy
[ Info: Checking NaNs in T
[ Info: Checking NaNs in snow
[ Info: Checking NaNs in S
[ Info: Checking NaNs in S_l
[ Info: Checking NaNs in U
[ Info: Checking NaNs in soil
[ Info: Checking NaNs in ϑ_l
[ Info: Checking NaNs in θ_i
[ Info: Checking NaNs in ρe_int
[ Info: Checking NaNs in ∫F_vol_liq_water_dt
[ Info: Checking NaNs in ∫F_e_dt
[ Info: Checking NaNs in soilco2
[ Info: Checking NaNs in CO2
[ Info: Checking NaNs in O2
[ Info: Checking NaNs in SOC
┌ Info: Progress
│   simulation_time = "78 weeks, 1 day"
│   n_steps_completed = 105180
│   wall_time_per_step = "1 millisecond, 111 microseconds"
│   wall_time_total = "6 minutes, 29 seconds"
│   wall_time_remaining = "4 minutes, 32 seconds"
│   wall_time_spent = "1 minute, 56 seconds"
│   percent_complete = "30.0%"
│   estimated_sypd = "1108.371"
│   instantaneous_sypd = "1108.371"
│   date_now = 2026-08-25T15:17:25.598
└   estimated_finish_date = 2026-08-25T15:21:58.598
┌ Info: Progress
│   simulation_time = "104 weeks, 2 days"
│   n_steps_completed = 140240
│   wall_time_per_step = "1 millisecond, 110 microseconds"
│   wall_time_total = "6 minutes, 29 seconds"
│   wall_time_remaining = "3 minutes, 53 seconds"
│   wall_time_spent = "2 minutes, 35 seconds"
│   percent_complete = "40.0%"
│   estimated_sypd = "1109.713"
│   instantaneous_sypd = "1113.759"
│   date_now = 2026-08-25T15:18:04.202
└   estimated_finish_date = 2026-08-25T15:21:58.202
[ Info: Checking NaNs in canopy
[ Info: Checking NaNs in hydraulics
[ Info: Checking NaNs in ϑ_l
[ Info: Checking NaNs in photosynthesis
[ Info: Checking NaNs in acclimated
[ Info: Checking NaNs in energy
[ Info: Checking NaNs in T
[ Info: Checking NaNs in snow
[ Info: Checking NaNs in S
[ Info: Checking NaNs in S_l
[ Info: Checking NaNs in U
[ Info: Checking NaNs in soil
[ Info: Checking NaNs in ϑ_l
[ Info: Checking NaNs in θ_i
[ Info: Checking NaNs in ρe_int
[ Info: Checking NaNs in ∫F_vol_liq_water_dt
[ Info: Checking NaNs in ∫F_e_dt
[ Info: Checking NaNs in soilco2
[ Info: Checking NaNs in CO2
[ Info: Checking NaNs in O2
[ Info: Checking NaNs in SOC
┌ Info: Progress
│   simulation_time = "130 weeks, 3 days"
│   n_steps_completed = 175300
│   wall_time_per_step = "1 millisecond, 109 microseconds"
│   wall_time_total = "6 minutes, 28 seconds"
│   wall_time_remaining = "3 minutes, 14 seconds"
│   wall_time_spent = "3 minutes, 14 seconds"
│   percent_complete = "50.0%"
│   estimated_sypd = "1110.801"
│   instantaneous_sypd = "1115.175"
│   date_now = 2026-08-25T15:18:42.937
└   estimated_finish_date = 2026-08-25T15:21:57.937
┌ Info: Progress
│   simulation_time = "156 weeks, 3 days"
│   n_steps_completed = 210360
│   wall_time_per_step = "1 millisecond, 108 microseconds"
│   wall_time_total = "6 minutes, 28 seconds"
│   wall_time_remaining = "2 minutes, 35 seconds"
│   wall_time_spent = "3 minutes, 53 seconds"
│   percent_complete = "60.0%"
│   estimated_sypd = "1111.674"
│   instantaneous_sypd = "1116.058"
│   date_now = 2026-08-25T15:19:21.640
└   estimated_finish_date = 2026-08-25T15:21:57.640
[ Info: Checking NaNs in canopy
[ Info: Checking NaNs in hydraulics
[ Info: Checking NaNs in ϑ_l
[ Info: Checking NaNs in photosynthesis
[ Info: Checking NaNs in acclimated
[ Info: Checking NaNs in energy
[ Info: Checking NaNs in T
[ Info: Checking NaNs in snow
[ Info: Checking NaNs in S
[ Info: Checking NaNs in S_l
[ Info: Checking NaNs in U
[ Info: Checking NaNs in soil
[ Info: Checking NaNs in ϑ_l
[ Info: Checking NaNs in θ_i
[ Info: Checking NaNs in ρe_int
[ Info: Checking NaNs in ∫F_vol_liq_water_dt
[ Info: Checking NaNs in ∫F_e_dt
[ Info: Checking NaNs in soilco2
[ Info: Checking NaNs in CO2
[ Info: Checking NaNs in O2
[ Info: Checking NaNs in SOC
┌ Info: Progress
│   simulation_time = "182 weeks, 4 days"
│   n_steps_completed = 245420
│   wall_time_per_step = "1 millisecond, 107 microseconds"
│   wall_time_total = "6 minutes, 28 seconds"
│   wall_time_remaining = "1 minute, 56 seconds"
│   wall_time_spent = "4 minutes, 31 seconds"
│   percent_complete = "70.0%"
│   estimated_sypd = "1112.273"
│   instantaneous_sypd = "1115.883"
│   date_now = 2026-08-25T15:20:00.349
└   estimated_finish_date = 2026-08-25T15:21:57.349
┌ Info: Progress
│   simulation_time = "208 weeks, 4 days"
│   n_steps_completed = 280480
│   wall_time_per_step = "1 millisecond, 107 microseconds"
│   wall_time_total = "6 minutes, 28 seconds"
│   wall_time_remaining = "1 minute, 17 seconds"
│   wall_time_spent = "5 minutes, 10 seconds"
│   percent_complete = "80.0%"
│   estimated_sypd = "1112.82"
│   instantaneous_sypd = "1116.666"
│   date_now = 2026-08-25T15:20:39.031
└   estimated_finish_date = 2026-08-25T15:21:57.031
[ Info: Checking NaNs in canopy
[ Info: Checking NaNs in hydraulics
[ Info: Checking NaNs in ϑ_l
[ Info: Checking NaNs in photosynthesis
[ Info: Checking NaNs in acclimated
[ Info: Checking NaNs in energy
[ Info: Checking NaNs in T
[ Info: Checking NaNs in snow
[ Info: Checking NaNs in S
[ Info: Checking NaNs in S_l
[ Info: Checking NaNs in U
[ Info: Checking NaNs in soil
[ Info: Checking NaNs in ϑ_l
[ Info: Checking NaNs in θ_i
[ Info: Checking NaNs in ρe_int
[ Info: Checking NaNs in ∫F_vol_liq_water_dt
[ Info: Checking NaNs in ∫F_e_dt
[ Info: Checking NaNs in soilco2
[ Info: Checking NaNs in CO2
[ Info: Checking NaNs in O2
[ Info: Checking NaNs in SOC
┌ Info: Progress
│   simulation_time = "234 weeks, 5 days"
│   n_steps_completed = 315540
│   wall_time_per_step = "1 millisecond, 106 microseconds"
│   wall_time_total = "6 minutes, 28 seconds"
│   wall_time_remaining = "38 seconds, 793 milliseconds"
│   wall_time_spent = "5 minutes, 49 seconds"
│   percent_complete = "90.0%"
│   estimated_sypd = "1113.206"
│   instantaneous_sypd = "1116.301"
│   date_now = 2026-08-25T15:21:17.726
└   estimated_finish_date = 2026-08-25T15:21:56.726
[ Info: [US-Whs Posterior] production run 2008–2014
┌ Info: Progress
│   simulation_time = "36 weeks, 3 days"
│   n_steps_completed = 49076
│   wall_time_per_step = "0 seconds"
│   wall_time_total = "0 seconds"
│   wall_time_remaining = "0 seconds"
│   wall_time_spent = "0 seconds"
│   percent_complete = "10.0%"
│   estimated_sypd = "Inf"
│   instantaneous_sypd = "0.0 (sdpd_estimate = 0.012)"
│   date_now = 2026-08-25T15:24:41.525
└   estimated_finish_date = 2026-08-25T15:24:41.525
[ Info: Checking NaNs in canopy
[ Info: Checking NaNs in hydraulics
[ Info: Checking NaNs in ϑ_l
[ Info: Checking NaNs in photosynthesis
[ Info: Checking NaNs in acclimated
[ Info: Checking NaNs in energy
[ Info: Checking NaNs in T
[ Info: Checking NaNs in snow
[ Info: Checking NaNs in S
[ Info: Checking NaNs in S_l
[ Info: Checking NaNs in U
[ Info: Checking NaNs in soil
[ Info: Checking NaNs in ϑ_l
[ Info: Checking NaNs in θ_i
[ Info: Checking NaNs in ρe_int
[ Info: Checking NaNs in ∫F_vol_liq_water_dt
[ Info: Checking NaNs in ∫F_e_dt
[ Info: Checking NaNs in soilco2
[ Info: Checking NaNs in CO2
[ Info: Checking NaNs in O2
[ Info: Checking NaNs in SOC
┌ Info: Progress
│   simulation_time = "73 weeks, 5 hours"
│   n_steps_completed = 98152
│   wall_time_per_step = "0 seconds"
│   wall_time_total = "0 seconds"
│   wall_time_remaining = "0 seconds"
│   wall_time_spent = "0 seconds"
│   percent_complete = "20.0%"
│   estimated_sypd = "Inf"
│   instantaneous_sypd = "723.445"
│   date_now = 2026-08-25T15:26:05.102
└   estimated_finish_date = 2026-08-25T15:26:05.102
[ Info: Checking NaNs in canopy
[ Info: Checking NaNs in hydraulics
[ Info: Checking NaNs in ϑ_l
[ Info: Checking NaNs in photosynthesis
[ Info: Checking NaNs in acclimated
[ Info: Checking NaNs in energy
[ Info: Checking NaNs in T
[ Info: Checking NaNs in snow
[ Info: Checking NaNs in S
[ Info: Checking NaNs in S_l
[ Info: Checking NaNs in U
[ Info: Checking NaNs in soil
[ Info: Checking NaNs in ϑ_l
[ Info: Checking NaNs in θ_i
[ Info: Checking NaNs in ρe_int
[ Info: Checking NaNs in ∫F_vol_liq_water_dt
[ Info: Checking NaNs in ∫F_e_dt
[ Info: Checking NaNs in soilco2
[ Info: Checking NaNs in CO2
[ Info: Checking NaNs in O2
[ Info: Checking NaNs in SOC
┌ Info: Progress
│   simulation_time = "109 weeks, 3 days"
│   n_steps_completed = 147228
│   wall_time_per_step = "1 millisecond, 701 microseconds"
│   wall_time_total = "13 minutes, 55 seconds"
│   wall_time_remaining = "9 minutes, 44 seconds"
│   wall_time_spent = "4 minutes, 10 seconds"
│   percent_complete = "30.0%"
│   estimated_sypd = "723.928"
│   instantaneous_sypd = "723.928"
│   date_now = 2026-08-25T15:27:28.623
└   estimated_finish_date = 2026-08-25T15:37:13.623
┌ Info: Progress
│   simulation_time = "146 weeks, 10 hours"
│   n_steps_completed = 196304
│   wall_time_per_step = "1 millisecond, 702 microseconds"
│   wall_time_total = "13 minutes, 55 seconds"
│   wall_time_remaining = "8 minutes, 21 seconds"
│   wall_time_spent = "5 minutes, 34 seconds"
│   percent_complete = "40.0%"
│   estimated_sypd = "723.523"
│   instantaneous_sypd = "722.312"
│   date_now = 2026-08-25T15:28:52.331
└   estimated_finish_date = 2026-08-25T15:37:14.331
[ Info: Checking NaNs in canopy
[ Info: Checking NaNs in hydraulics
[ Info: Checking NaNs in ϑ_l
[ Info: Checking NaNs in photosynthesis
[ Info: Checking NaNs in acclimated
[ Info: Checking NaNs in energy
[ Info: Checking NaNs in T
[ Info: Checking NaNs in snow
[ Info: Checking NaNs in S
[ Info: Checking NaNs in S_l
[ Info: Checking NaNs in U
[ Info: Checking NaNs in soil
[ Info: Checking NaNs in ϑ_l
[ Info: Checking NaNs in θ_i
[ Info: Checking NaNs in ρe_int
[ Info: Checking NaNs in ∫F_vol_liq_water_dt
[ Info: Checking NaNs in ∫F_e_dt
[ Info: Checking NaNs in soilco2
[ Info: Checking NaNs in CO2
[ Info: Checking NaNs in O2
[ Info: Checking NaNs in SOC
┌ Info: Progress
│   simulation_time = "182 weeks, 4 days"
│   n_steps_completed = 245380
│   wall_time_per_step = "1 millisecond, 707 microseconds"
│   wall_time_total = "13 minutes, 58 seconds"
│   wall_time_remaining = "6 minutes, 59 seconds"
│   wall_time_spent = "6 minutes, 59 seconds"
│   percent_complete = "50.0%"
│   estimated_sypd = "721.375"
│   instantaneous_sypd = "712.908"
│   date_now = 2026-08-25T15:30:17.143
└   estimated_finish_date = 2026-08-25T15:37:17.143
[ Info: Checking NaNs in canopy
[ Info: Checking NaNs in hydraulics
[ Info: Checking NaNs in ϑ_l
[ Info: Checking NaNs in photosynthesis
[ Info: Checking NaNs in acclimated
[ Info: Checking NaNs in energy
[ Info: Checking NaNs in T
[ Info: Checking NaNs in snow
[ Info: Checking NaNs in S
[ Info: Checking NaNs in S_l
[ Info: Checking NaNs in U
[ Info: Checking NaNs in soil
[ Info: Checking NaNs in ϑ_l
[ Info: Checking NaNs in θ_i
[ Info: Checking NaNs in ρe_int
[ Info: Checking NaNs in ∫F_vol_liq_water_dt
[ Info: Checking NaNs in ∫F_e_dt
[ Info: Checking NaNs in soilco2
[ Info: Checking NaNs in CO2
[ Info: Checking NaNs in O2
[ Info: Checking NaNs in SOC
┌ Info: Progress
│   simulation_time = "219 weeks, 15 hours"
│   n_steps_completed = 294456
│   wall_time_per_step = "1 millisecond, 707 microseconds"
│   wall_time_total = "13 minutes, 58 seconds"
│   wall_time_remaining = "5 minutes, 35 seconds"
│   wall_time_spent = "8 minutes, 22 seconds"
│   percent_complete = "60.0%"
│   estimated_sypd = "721.384"
│   instantaneous_sypd = "721.429"
│   date_now = 2026-08-25T15:31:40.954
└   estimated_finish_date = 2026-08-25T15:37:16.954
┌ Info: Progress
│   simulation_time = "255 weeks, 4 days"
│   n_steps_completed = 343532
│   wall_time_per_step = "1 millisecond, 707 microseconds"
│   wall_time_total = "13 minutes, 57 seconds"
│   wall_time_remaining = "4 minutes, 11 seconds"
│   wall_time_spent = "9 minutes, 46 seconds"
│   percent_complete = "70.0%"
│   estimated_sypd = "721.572"
│   instantaneous_sypd = "722.7"
│   date_now = 2026-08-25T15:33:04.617
└   estimated_finish_date = 2026-08-25T15:37:16.617
[ Info: Checking NaNs in canopy
[ Info: Checking NaNs in hydraulics
[ Info: Checking NaNs in ϑ_l
[ Info: Checking NaNs in photosynthesis
[ Info: Checking NaNs in acclimated
[ Info: Checking NaNs in energy
[ Info: Checking NaNs in T
[ Info: Checking NaNs in snow
[ Info: Checking NaNs in S
[ Info: Checking NaNs in S_l
[ Info: Checking NaNs in U
[ Info: Checking NaNs in soil
[ Info: Checking NaNs in ϑ_l
[ Info: Checking NaNs in θ_i
[ Info: Checking NaNs in ρe_int
[ Info: Checking NaNs in ∫F_vol_liq_water_dt
[ Info: Checking NaNs in ∫F_e_dt
[ Info: Checking NaNs in soilco2
[ Info: Checking NaNs in CO2
[ Info: Checking NaNs in O2
[ Info: Checking NaNs in SOC
┌ Info: Progress
│   simulation_time = "292 weeks, 20 hours"
│   n_steps_completed = 392608
│   wall_time_per_step = "1 millisecond, 706 microseconds"
│   wall_time_total = "13 minutes, 57 seconds"
│   wall_time_remaining = "2 minutes, 47 seconds"
│   wall_time_spent = "11 minutes, 9 seconds"
│   percent_complete = "80.0%"
│   estimated_sypd = "721.971"
│   instantaneous_sypd = "724.779"
│   date_now = 2026-08-25T15:34:28.040
└   estimated_finish_date = 2026-08-25T15:37:16.040
[ Info: Checking NaNs in canopy
[ Info: Checking NaNs in hydraulics
[ Info: Checking NaNs in ϑ_l
[ Info: Checking NaNs in photosynthesis
[ Info: Checking NaNs in acclimated
[ Info: Checking NaNs in energy
[ Info: Checking NaNs in T
[ Info: Checking NaNs in snow
[ Info: Checking NaNs in S
[ Info: Checking NaNs in S_l
[ Info: Checking NaNs in U
[ Info: Checking NaNs in soil
[ Info: Checking NaNs in ϑ_l
[ Info: Checking NaNs in θ_i
[ Info: Checking NaNs in ρe_int
[ Info: Checking NaNs in ∫F_vol_liq_water_dt
[ Info: Checking NaNs in ∫F_e_dt
[ Info: Checking NaNs in soilco2
[ Info: Checking NaNs in CO2
[ Info: Checking NaNs in O2
[ Info: Checking NaNs in SOC
┌ Info: Progress
│   simulation_time = "328 weeks, 4 days"
│   n_steps_completed = 441684
│   wall_time_per_step = "1 millisecond, 701 microseconds"
│   wall_time_total = "13 minutes, 54 seconds"
│   wall_time_remaining = "1 minute, 23 seconds"
│   wall_time_spent = "12 minutes, 31 seconds"
│   percent_complete = "90.0%"
│   estimated_sypd = "724.154"
│   instantaneous_sypd = "742.107"
│   date_now = 2026-08-25T15:35:49.515
└   estimated_finish_date = 2026-08-25T15:37:13.515
┌ Warning: US-Whs: no ensemble diagnostics — _post_unc variables all fill
└ @ Main ~/ClimaLand.jl/experiments/callmip_phase1b/write_callmip_netcdf_phase1b.jl:149
[ Info: [US-Whs Posterior] wrote /home/renatob/ClimaLand.jl/experiments/callmip_phase1b/output_deliverables/ClimaLand.v1_Phase1b_Scen1_US-Whs_Cal_Posterior.nc
exit=0
