┌ Warning: 'pmodel_α' is being overwritten by '/tmp/jl_RqVCZe9U18.toml'
│ Current entry: float(0.028)
│ New entry: float(0.942249721553865)
└ @ ClimaParams ~/.julia/packages/ClimaParams/opM9x/src/ClimaParams.jl:331
┌ Warning: 'moisture_stress_c' is being overwritten by '/tmp/jl_RqVCZe9U18.toml'
│ Current entry: float(0.59)
│ New entry: float(0.6509121925593955)
└ @ ClimaParams ~/.julia/packages/ClimaParams/opM9x/src/ClimaParams.jl:331
┌ Warning: 'pmodel_β_c4' is being overwritten by '/tmp/jl_RqVCZe9U18.toml'
│ Current entry: float(5.36)
│ New entry: float(40.30710479839909)
└ @ ClimaParams ~/.julia/packages/ClimaParams/opM9x/src/ClimaParams.jl:331
┌ Warning: 'pmodel_cstar' is being overwritten by '/tmp/jl_RqVCZe9U18.toml'
│ Current entry: float(0.43)
│ New entry: float(0.35624807565040556)
└ @ ClimaParams ~/.julia/packages/ClimaParams/opM9x/src/ClimaParams.jl:331
┌ Warning: 'relative_contribution_factor' is being overwritten by '/tmp/jl_RqVCZe9U18.toml'
│ Current entry: float(0.3)
│ New entry: float(0.7179161666854514)
└ @ ClimaParams ~/.julia/packages/ClimaParams/opM9x/src/ClimaParams.jl:331
┌ Warning: 'soilCO2_activation_energy' is being overwritten by '/tmp/jl_RqVCZe9U18.toml'
│ Current entry: float(19800.0)
│ New entry: float(45437.01358778262)
└ @ ClimaParams ~/.julia/packages/ClimaParams/opM9x/src/ClimaParams.jl:331
┌ Warning: 'soilCO2_reference_rate' is being overwritten by '/tmp/jl_RqVCZe9U18.toml'
│ Current entry: float(3.34e-8)
│ New entry: float(7.889204219045531e-8)
└ @ ClimaParams ~/.julia/packages/ClimaParams/opM9x/src/ClimaParams.jl:331
┌ Warning: 'autotrophic_respiration_Rd_ref' is being overwritten by '/tmp/jl_RqVCZe9U18.toml'
│ Current entry: float(7.83e-7)
│ New entry: float(5.821776815592853e-7)
└ @ ClimaParams ~/.julia/packages/ClimaParams/opM9x/src/ClimaParams.jl:331
┌ Warning: 'pmodel_β_c3' is being overwritten by '/tmp/jl_RqVCZe9U18.toml'
│ Current entry: float(91.1)
│ New entry: float(21.474971942264904)
└ @ ClimaParams ~/.julia/packages/ClimaParams/opM9x/src/ClimaParams.jl:331
┌ Warning: 'michaelis_constant' is being overwritten by '/tmp/jl_RqVCZe9U18.toml'
│ Current entry: float(0.0416)
│ New entry: float(0.9591009070372216)
└ @ ClimaParams ~/.julia/packages/ClimaParams/opM9x/src/ClimaParams.jl:331
┌ Warning: 'O2_michaelis_constant' is being overwritten by '/tmp/jl_RqVCZe9U18.toml'
│ Current entry: float(0.00298)
│ New entry: float(0.0008194355140346706)
└ @ ClimaParams ~/.julia/packages/ClimaParams/opM9x/src/ClimaParams.jl:331
[ Info: [US-Wkg Posterior] spin-up 5 yr
┌ Info: Progress
│   simulation_time = "26 weeks, 12 hours"
│   n_steps_completed = 35040
│   wall_time_per_step = "0 seconds"
│   wall_time_total = "0 seconds"
│   wall_time_remaining = "0 seconds"
│   wall_time_spent = "0 seconds"
│   percent_complete = "10.0%"
│   estimated_sypd = "Inf"
│   instantaneous_sypd = "0.0 (sdpd_estimate = 0.009)"
│   date_now = 2026-08-25T15:16:10.092
└   estimated_finish_date = 2026-08-25T15:16:10.092
[ Info: Checking NaNs in canopy
[ Info: Checking NaNs in hydraulics
[ Info: Checking NaNs in ϑ_l
[ Info: Checking NaNs in photosynthesis
[ Info: Checking NaNs in acclimated
[ Info: Checking NaNs in energy
[ Info: Checking NaNs in T
[ Info: Checking NaNs in snow
[ Info: Checking NaNs in S
[ Info: Checking NaNs in S_l
[ Info: Checking NaNs in U
[ Info: Checking NaNs in soil
[ Info: Checking NaNs in ϑ_l
[ Info: Checking NaNs in θ_i
[ Info: Checking NaNs in ρe_int
[ Info: Checking NaNs in ∫F_vol_liq_water_dt
[ Info: Checking NaNs in ∫F_e_dt
[ Info: Checking NaNs in soilco2
[ Info: Checking NaNs in CO2
[ Info: Checking NaNs in O2
[ Info: Checking NaNs in SOC
┌ Info: Progress
│   simulation_time = "52 weeks, 1 day"
│   n_steps_completed = 70080
│   wall_time_per_step = "0 seconds"
│   wall_time_total = "0 seconds"
│   wall_time_remaining = "0 seconds"
│   wall_time_spent = "0 seconds"
│   percent_complete = "20.0%"
│   estimated_sypd = "Inf"
│   instantaneous_sypd = "1109.228"
│   date_now = 2026-08-25T15:16:48.971
└   estimated_finish_date = 2026-08-25T15:16:48.971
┌ Info: Progress
│   simulation_time = "78 weeks, 1 day"
│   n_steps_completed = 105120
│   wall_time_per_step = "1 millisecond, 96 microseconds"
│   wall_time_total = "6 minutes, 24 seconds"
│   wall_time_remaining = "4 minutes, 28 seconds"
│   wall_time_spent = "1 minute, 55 seconds"
│   percent_complete = "30.0%"
│   estimated_sypd = "1124.041"
│   instantaneous_sypd = "1124.041"
│   date_now = 2026-08-25T15:17:27.525
└   estimated_finish_date = 2026-08-25T15:21:56.525
[ Info: Checking NaNs in canopy
[ Info: Checking NaNs in hydraulics
[ Info: Checking NaNs in ϑ_l
[ Info: Checking NaNs in photosynthesis
[ Info: Checking NaNs in acclimated
[ Info: Checking NaNs in energy
[ Info: Checking NaNs in T
[ Info: Checking NaNs in snow
[ Info: Checking NaNs in S
[ Info: Checking NaNs in S_l
[ Info: Checking NaNs in U
[ Info: Checking NaNs in soil
[ Info: Checking NaNs in ϑ_l
[ Info: Checking NaNs in θ_i
[ Info: Checking NaNs in ρe_int
[ Info: Checking NaNs in ∫F_vol_liq_water_dt
[ Info: Checking NaNs in ∫F_e_dt
[ Info: Checking NaNs in soilco2
[ Info: Checking NaNs in CO2
[ Info: Checking NaNs in O2
[ Info: Checking NaNs in SOC
┌ Info: Progress
│   simulation_time = "104 weeks, 2 days"
│   n_steps_completed = 140160
│   wall_time_per_step = "1 millisecond, 96 microseconds"
│   wall_time_total = "6 minutes, 24 seconds"
│   wall_time_remaining = "3 minutes, 50 seconds"
│   wall_time_spent = "2 minutes, 33 seconds"
│   percent_complete = "40.0%"
│   estimated_sypd = "1123.535"
│   instantaneous_sypd = "1122.018"
│   date_now = 2026-08-25T15:18:05.823
└   estimated_finish_date = 2026-08-25T15:21:56.823
┌ Info: Progress
│   simulation_time = "130 weeks, 2 days"
│   n_steps_completed = 175200
│   wall_time_per_step = "1 millisecond, 96 microseconds"
│   wall_time_total = "6 minutes, 24 seconds"
│   wall_time_remaining = "3 minutes, 12 seconds"
│   wall_time_spent = "3 minutes, 12 seconds"
│   percent_complete = "50.0%"
│   estimated_sypd = "1123.094"
│   instantaneous_sypd = "1121.334"
│   date_now = 2026-08-25T15:18:44.323
└   estimated_finish_date = 2026-08-25T15:21:57.322
[ Info: Checking NaNs in canopy
[ Info: Checking NaNs in hydraulics
[ Info: Checking NaNs in ϑ_l
[ Info: Checking NaNs in photosynthesis
[ Info: Checking NaNs in acclimated
[ Info: Checking NaNs in energy
[ Info: Checking NaNs in T
[ Info: Checking NaNs in snow
[ Info: Checking NaNs in S
[ Info: Checking NaNs in S_l
[ Info: Checking NaNs in U
[ Info: Checking NaNs in soil
[ Info: Checking NaNs in ϑ_l
[ Info: Checking NaNs in θ_i
[ Info: Checking NaNs in ρe_int
[ Info: Checking NaNs in ∫F_vol_liq_water_dt
[ Info: Checking NaNs in ∫F_e_dt
[ Info: Checking NaNs in soilco2
[ Info: Checking NaNs in CO2
[ Info: Checking NaNs in O2
[ Info: Checking NaNs in SOC
┌ Info: Progress
│   simulation_time = "156 weeks, 3 days"
│   n_steps_completed = 210240
│   wall_time_per_step = "1 millisecond, 96 microseconds"
│   wall_time_total = "6 minutes, 24 seconds"
│   wall_time_remaining = "2 minutes, 33 seconds"
│   wall_time_spent = "3 minutes, 50 seconds"
│   percent_complete = "60.0%"
│   estimated_sypd = "1123.143"
│   instantaneous_sypd = "1123.391"
│   date_now = 2026-08-25T15:19:22.751
└   estimated_finish_date = 2026-08-25T15:21:56.751
┌ Info: Progress
│   simulation_time = "182 weeks, 3 days"
│   n_steps_completed = 245280
│   wall_time_per_step = "1 millisecond, 96 microseconds"
│   wall_time_total = "6 minutes, 24 seconds"
│   wall_time_remaining = "1 minute, 55 seconds"
│   wall_time_spent = "4 minutes, 29 seconds"
│   percent_complete = "70.0%"
│   estimated_sypd = "1123.169"
│   instantaneous_sypd = "1123.322"
│   date_now = 2026-08-25T15:20:01.182
└   estimated_finish_date = 2026-08-25T15:21:57.182
┌ Info: Progress
│   simulation_time = "208 weeks, 4 days"
│   n_steps_completed = 280320
│   wall_time_per_step = "1 millisecond, 96 microseconds"
│   wall_time_total = "6 minutes, 24 seconds"
│   wall_time_remaining = "1 minute, 16 seconds"
│   wall_time_spent = "5 minutes, 7 seconds"
│   percent_complete = "80.0%"
│   estimated_sypd = "1123.345"
│   instantaneous_sypd = "1124.578"
│   date_now = 2026-08-25T15:20:39.570
└   estimated_finish_date = 2026-08-25T15:21:56.570
[ Info: Checking NaNs in canopy
[ Info: Checking NaNs in hydraulics
[ Info: Checking NaNs in ϑ_l
[ Info: Checking NaNs in photosynthesis
[ Info: Checking NaNs in acclimated
[ Info: Checking NaNs in energy
[ Info: Checking NaNs in T
[ Info: Checking NaNs in snow
[ Info: Checking NaNs in S
[ Info: Checking NaNs in S_l
[ Info: Checking NaNs in U
[ Info: Checking NaNs in soil
[ Info: Checking NaNs in ϑ_l
[ Info: Checking NaNs in θ_i
[ Info: Checking NaNs in ρe_int
[ Info: Checking NaNs in ∫F_vol_liq_water_dt
[ Info: Checking NaNs in ∫F_e_dt
[ Info: Checking NaNs in soilco2
[ Info: Checking NaNs in CO2
[ Info: Checking NaNs in O2
[ Info: Checking NaNs in SOC
┌ Info: Progress
│   simulation_time = "234 weeks, 4 days"
│   n_steps_completed = 315360
│   wall_time_per_step = "1 millisecond, 96 microseconds"
│   wall_time_total = "6 minutes, 24 seconds"
│   wall_time_remaining = "38 seconds, 433 milliseconds"
│   wall_time_spent = "5 minutes, 45 seconds"
│   percent_complete = "90.0%"
│   estimated_sypd = "1123.247"
│   instantaneous_sypd = "1122.467"
│   date_now = 2026-08-25T15:21:18.031
└   estimated_finish_date = 2026-08-25T15:21:57.031
┌ Info: Progress
│   simulation_time = "260 weeks, 5 days"
│   n_steps_completed = 350400
│   wall_time_per_step = "1 millisecond, 93 microseconds"
│   wall_time_total = "6 minutes, 23 seconds"
│   wall_time_remaining = "0 seconds"
│   wall_time_spent = "6 minutes, 23 seconds"
│   percent_complete = "100.0%"
│   estimated_sypd = "1126.539"
│   instantaneous_sypd = "1157.055"
│   date_now = 2026-08-25T15:21:55.341
└   estimated_finish_date = 2026-08-25T15:21:55.341
[ Info: [US-Wkg Posterior] production run 2005–2014
[ Info: Checking NaNs in canopy
[ Info: Checking NaNs in hydraulics
[ Info: Checking NaNs in ϑ_l
[ Info: Checking NaNs in photosynthesis
[ Info: Checking NaNs in acclimated
[ Info: Checking NaNs in energy
[ Info: Checking NaNs in T
[ Info: Checking NaNs in snow
[ Info: Checking NaNs in S
[ Info: Checking NaNs in S_l
[ Info: Checking NaNs in U
[ Info: Checking NaNs in soil
[ Info: Checking NaNs in ϑ_l
[ Info: Checking NaNs in θ_i
[ Info: Checking NaNs in ρe_int
[ Info: Checking NaNs in ∫F_vol_liq_water_dt
[ Info: Checking NaNs in ∫F_e_dt
[ Info: Checking NaNs in soilco2
[ Info: Checking NaNs in CO2
[ Info: Checking NaNs in O2
[ Info: Checking NaNs in SOC
┌ Info: Progress
│   simulation_time = "52 weeks, 1 day"
│   n_steps_completed = 70100
│   wall_time_per_step = "0 seconds"
│   wall_time_total = "0 seconds"
│   wall_time_remaining = "0 seconds"
│   wall_time_spent = "0 seconds"
│   percent_complete = "10.0%"
│   estimated_sypd = "Inf"
│   instantaneous_sypd = "0.0 (sdpd_estimate = 0.018)"
│   date_now = 2026-08-25T15:25:18.449
└   estimated_finish_date = 2026-08-25T15:25:18.449
[ Info: Checking NaNs in canopy
[ Info: Checking NaNs in hydraulics
[ Info: Checking NaNs in ϑ_l
[ Info: Checking NaNs in photosynthesis
[ Info: Checking NaNs in acclimated
[ Info: Checking NaNs in energy
[ Info: Checking NaNs in T
[ Info: Checking NaNs in snow
[ Info: Checking NaNs in S
[ Info: Checking NaNs in S_l
[ Info: Checking NaNs in U
[ Info: Checking NaNs in soil
[ Info: Checking NaNs in ϑ_l
[ Info: Checking NaNs in θ_i
[ Info: Checking NaNs in ρe_int
[ Info: Checking NaNs in ∫F_vol_liq_water_dt
[ Info: Checking NaNs in ∫F_e_dt
[ Info: Checking NaNs in soilco2
[ Info: Checking NaNs in CO2
[ Info: Checking NaNs in O2
[ Info: Checking NaNs in SOC
┌ Info: Progress
│   simulation_time = "104 weeks, 2 days"
│   n_steps_completed = 140200
│   wall_time_per_step = "0 seconds"
│   wall_time_total = "0 seconds"
│   wall_time_remaining = "0 seconds"
│   wall_time_spent = "0 seconds"
│   percent_complete = "20.0%"
│   estimated_sypd = "Inf"
│   instantaneous_sypd = "730.418"
│   date_now = 2026-08-25T15:27:16.690
└   estimated_finish_date = 2026-08-25T15:27:16.690
[ Info: Checking NaNs in canopy
[ Info: Checking NaNs in hydraulics
[ Info: Checking NaNs in ϑ_l
[ Info: Checking NaNs in photosynthesis
[ Info: Checking NaNs in acclimated
[ Info: Checking NaNs in energy
[ Info: Checking NaNs in T
[ Info: Checking NaNs in snow
[ Info: Checking NaNs in S
[ Info: Checking NaNs in S_l
[ Info: Checking NaNs in U
[ Info: Checking NaNs in soil
[ Info: Checking NaNs in ϑ_l
[ Info: Checking NaNs in θ_i
[ Info: Checking NaNs in ρe_int
[ Info: Checking NaNs in ∫F_vol_liq_water_dt
[ Info: Checking NaNs in ∫F_e_dt
[ Info: Checking NaNs in soilco2
[ Info: Checking NaNs in CO2
[ Info: Checking NaNs in O2
[ Info: Checking NaNs in SOC
┌ Info: Progress
│   simulation_time = "156 weeks, 3 days"
│   n_steps_completed = 210300
│   wall_time_per_step = "1 millisecond, 686 microseconds"
│   wall_time_total = "19 minutes, 41 seconds"
│   wall_time_remaining = "13 minutes, 47 seconds"
│   wall_time_spent = "5 minutes, 54 seconds"
│   percent_complete = "30.0%"
│   estimated_sypd = "730.702"
│   instantaneous_sypd = "730.702"
│   date_now = 2026-08-25T15:29:14.885
└   estimated_finish_date = 2026-08-25T15:43:02.885
┌ Info: Progress
│   simulation_time = "208 weeks, 4 days"
│   n_steps_completed = 280400
│   wall_time_per_step = "1 millisecond, 688 microseconds"
│   wall_time_total = "19 minutes, 43 seconds"
│   wall_time_remaining = "11 minutes, 50 seconds"
│   wall_time_spent = "7 minutes, 53 seconds"
│   percent_complete = "40.0%"
│   estimated_sypd = "729.761"
│   instantaneous_sypd = "726.953"
│   date_now = 2026-08-25T15:31:13.690
└   estimated_finish_date = 2026-08-25T15:43:04.690
[ Info: Checking NaNs in canopy
[ Info: Checking NaNs in hydraulics
[ Info: Checking NaNs in ϑ_l
[ Info: Checking NaNs in photosynthesis
[ Info: Checking NaNs in acclimated
[ Info: Checking NaNs in energy
[ Info: Checking NaNs in T
[ Info: Checking NaNs in snow
[ Info: Checking NaNs in S
[ Info: Checking NaNs in S_l
[ Info: Checking NaNs in U
[ Info: Checking NaNs in soil
[ Info: Checking NaNs in ϑ_l
[ Info: Checking NaNs in θ_i
[ Info: Checking NaNs in ρe_int
[ Info: Checking NaNs in ∫F_vol_liq_water_dt
[ Info: Checking NaNs in ∫F_e_dt
[ Info: Checking NaNs in soilco2
[ Info: Checking NaNs in CO2
[ Info: Checking NaNs in O2
[ Info: Checking NaNs in SOC
┌ Info: Progress
│   simulation_time = "260 weeks, 5 days"
│   n_steps_completed = 350500
│   wall_time_per_step = "1 millisecond, 689 microseconds"
│   wall_time_total = "19 minutes, 44 seconds"
│   wall_time_remaining = "9 minutes, 52 seconds"
│   wall_time_spent = "9 minutes, 52 seconds"
│   percent_complete = "50.0%"
│   estimated_sypd = "729.282"
│   instantaneous_sypd = "727.37"
│   date_now = 2026-08-25T15:33:12.427
└   estimated_finish_date = 2026-08-25T15:43:05.427
[ Info: Checking NaNs in canopy
[ Info: Checking NaNs in hydraulics
[ Info: Checking NaNs in ϑ_l
[ Info: Checking NaNs in photosynthesis
[ Info: Checking NaNs in acclimated
[ Info: Checking NaNs in energy
[ Info: Checking NaNs in T
[ Info: Checking NaNs in snow
[ Info: Checking NaNs in S
[ Info: Checking NaNs in S_l
[ Info: Checking NaNs in U
[ Info: Checking NaNs in soil
[ Info: Checking NaNs in ϑ_l
[ Info: Checking NaNs in θ_i
[ Info: Checking NaNs in ρe_int
[ Info: Checking NaNs in ∫F_vol_liq_water_dt
[ Info: Checking NaNs in ∫F_e_dt
[ Info: Checking NaNs in soilco2
[ Info: Checking NaNs in CO2
[ Info: Checking NaNs in O2
[ Info: Checking NaNs in SOC
┌ Info: Progress
│   simulation_time = "312 weeks, 6 days"
│   n_steps_completed = 420600
│   wall_time_per_step = "1 millisecond, 688 microseconds"
│   wall_time_total = "19 minutes, 43 seconds"
│   wall_time_remaining = "7 minutes, 53 seconds"
│   wall_time_spent = "11 minutes, 50 seconds"
│   percent_complete = "60.0%"
│   estimated_sypd = "729.768"
│   instantaneous_sypd = "732.209"
│   date_now = 2026-08-25T15:35:10.379
└   estimated_finish_date = 2026-08-25T15:43:04.379
[ Info: Checking NaNs in canopy
[ Info: Checking NaNs in hydraulics
[ Info: Checking NaNs in ϑ_l
[ Info: Checking NaNs in photosynthesis
[ Info: Checking NaNs in acclimated
[ Info: Checking NaNs in energy
[ Info: Checking NaNs in T
[ Info: Checking NaNs in snow
[ Info: Checking NaNs in S
[ Info: Checking NaNs in S_l
[ Info: Checking NaNs in U
[ Info: Checking NaNs in soil
[ Info: Checking NaNs in ϑ_l
[ Info: Checking NaNs in θ_i
[ Info: Checking NaNs in ρe_int
[ Info: Checking NaNs in ∫F_vol_liq_water_dt
[ Info: Checking NaNs in ∫F_e_dt
[ Info: Checking NaNs in soilco2
[ Info: Checking NaNs in CO2
[ Info: Checking NaNs in O2
[ Info: Checking NaNs in SOC
┌ Info: Progress
│   simulation_time = "365 weeks, 17 hours"
│   n_steps_completed = 490700
│   wall_time_per_step = "1 millisecond, 688 microseconds"
│   wall_time_total = "19 minutes, 43 seconds"
│   wall_time_remaining = "5 minutes, 55 seconds"
│   wall_time_spent = "13 minutes, 48 seconds"
│   percent_complete = "70.0%"
│   estimated_sypd = "729.603"
│   instantaneous_sypd = "728.617"
│   date_now = 2026-08-25T15:37:08.912
└   estimated_finish_date = 2026-08-25T15:43:04.912
[ Info: Checking NaNs in canopy
[ Info: Checking NaNs in hydraulics
[ Info: Checking NaNs in ϑ_l
[ Info: Checking NaNs in photosynthesis
[ Info: Checking NaNs in acclimated
[ Info: Checking NaNs in energy
[ Info: Checking NaNs in T
[ Info: Checking NaNs in snow
[ Info: Checking NaNs in S
[ Info: Checking NaNs in S_l
[ Info: Checking NaNs in U
[ Info: Checking NaNs in soil
[ Info: Checking NaNs in ϑ_l
[ Info: Checking NaNs in θ_i
[ Info: Checking NaNs in ρe_int
[ Info: Checking NaNs in ∫F_vol_liq_water_dt
[ Info: Checking NaNs in ∫F_e_dt
[ Info: Checking NaNs in soilco2
[ Info: Checking NaNs in CO2
[ Info: Checking NaNs in O2
[ Info: Checking NaNs in SOC
┌ Info: Progress
│   simulation_time = "417 weeks, 1 day"
│   n_steps_completed = 560800
│   wall_time_per_step = "1 millisecond, 718 microseconds"
│   wall_time_total = "20 minutes, 4 seconds"
│   wall_time_remaining = "4 minutes, 906 milliseconds"
│   wall_time_spent = "16 minutes, 3 seconds"
│   percent_complete = "80.0%"
│   estimated_sypd = "716.964"
│   instantaneous_sypd = "639.426"
│   date_now = 2026-08-25T15:39:23.982
└   estimated_finish_date = 2026-08-25T15:43:24.982
[ Info: Checking NaNs in canopy
[ Info: Checking NaNs in hydraulics
[ Info: Checking NaNs in ϑ_l
[ Info: Checking NaNs in photosynthesis
[ Info: Checking NaNs in acclimated
[ Info: Checking NaNs in energy
[ Info: Checking NaNs in T
[ Info: Checking NaNs in snow
[ Info: Checking NaNs in S
[ Info: Checking NaNs in S_l
[ Info: Checking NaNs in U
[ Info: Checking NaNs in soil
[ Info: Checking NaNs in ϑ_l
[ Info: Checking NaNs in θ_i
[ Info: Checking NaNs in ρe_int
[ Info: Checking NaNs in ∫F_vol_liq_water_dt
[ Info: Checking NaNs in ∫F_e_dt
[ Info: Checking NaNs in soilco2
[ Info: Checking NaNs in CO2
[ Info: Checking NaNs in O2
[ Info: Checking NaNs in SOC
┌ Info: Progress
│   simulation_time = "469 weeks, 2 days"
│   n_steps_completed = 630900
│   wall_time_per_step = "1 millisecond, 742 microseconds"
│   wall_time_total = "20 minutes, 21 seconds"
│   wall_time_remaining = "2 minutes, 2 seconds"
│   wall_time_spent = "18 minutes, 19 seconds"
│   percent_complete = "90.0%"
│   estimated_sypd = "706.882"
│   instantaneous_sypd = "635.397"
│   date_now = 2026-08-25T15:41:39.903
└   estimated_finish_date = 2026-08-25T15:43:42.903
[ Info: Checking NaNs in canopy
[ Info: Checking NaNs in hydraulics
[ Info: Checking NaNs in ϑ_l
[ Info: Checking NaNs in photosynthesis
[ Info: Checking NaNs in acclimated
[ Info: Checking NaNs in energy
[ Info: Checking NaNs in T
[ Info: Checking NaNs in snow
[ Info: Checking NaNs in S
[ Info: Checking NaNs in S_l
[ Info: Checking NaNs in U
[ Info: Checking NaNs in soil
[ Info: Checking NaNs in ϑ_l
[ Info: Checking NaNs in θ_i
[ Info: Checking NaNs in ρe_int
[ Info: Checking NaNs in ∫F_vol_liq_water_dt
[ Info: Checking NaNs in ∫F_e_dt
[ Info: Checking NaNs in soilco2
[ Info: Checking NaNs in CO2
[ Info: Checking NaNs in O2
[ Info: Checking NaNs in SOC
┌ Warning: US-Wkg: no ensemble diagnostics — _post_unc variables all fill
└ @ Main ~/ClimaLand.jl/experiments/callmip_phase1b/write_callmip_netcdf_phase1b.jl:149
[ Info: [US-Wkg Posterior] wrote /home/renatob/ClimaLand.jl/experiments/callmip_phase1b/output_deliverables/ClimaLand.v1_Phase1b_Scen1_US-Wkg_Cal_Posterior.nc
exit=0
